Component: ARM Compiler 5.05 update 1 (build 106) Tool: armlink [4d0efa]

==============================================================================

Section Cross References

    main.o(.text) refers to misc.o(.text) for NVIC_PriorityGroupConfig
    main.o(.text) refers to delay.o(.text) for delay_init
    main.o(.text) refers to usart.o(.text) for API_Uart6_init
    main.o(.text) refers to led.o(.text) for LED_Init
    main.o(.text) refers to rs232.o(.text) for RS232_Init
    main.o(.text) refers to rs485.o(.text) for RS485_Init
    main.o(.text) refers to timer.o(.text) for TIM7_Int_Init
    main.o(.text) refers to malloc.o(.text) for my_mem_init
    main.o(.text) refers to sdio_sdcard.o(.text) for SD_Init
    main.o(.text) refers to exfuns.o(.text) for exfuns_init
    main.o(.text) refers to ff.o(.text) for f_mount
    main.o(.text) refers to printfa.o(i.__0printf) for __2printf
    main.o(.text) refers to fifo.o(.text) for fifo_alloc
    main.o(.text) refers to meteorological.o(.text) for CheckCommunication
    main.o(.text) refers to main.o(.bss) for fileTXT
    main.o(.text) refers to main.o(.data) for fp
    main.o(.text) refers to exfuns.o(.bss) for fs
    main.o(.text) refers to meteorological.o(.bss) for NuclearFIFOBuffer
    main.o(.text) refers to rs485.o(.data) for RS485_RX_CNT
    main.o(.text) refers to usart.o(.data) for USART_RX_STA
    main.o(.text) refers to usart.o(.bss) for USART_RX_BUF
    main.o(.text) refers to rs232.o(.data) for BufferFinishNumber
    main.o(.text) refers to rs232.o(.bss) for RS232_RX_BUF
    main.o(.text) refers to meteorological.o(.data) for MeteorBufCounter
    main.o(.text) refers to rs485.o(.bss) for RS485_RX_BUF
    main.o(.text) refers to exfuns.o(.data) for bw
    main.o(.data) refers to main.o(.conststring) for .conststring
    system_stm32f4xx.o(.text) refers to system_stm32f4xx.o(.data) for SystemCoreClock
    meteorological.o(.text) refers to memcpya.o(.text) for __aeabi_memcpy4
    meteorological.o(.text) refers to rs485.o(.text) for RS485_Send_Data
    meteorological.o(.text) refers to delay.o(.text) for delay_ms
    meteorological.o(.text) refers to strncmp.o(.text) for strncmp
    meteorological.o(.text) refers to fifo.o(.text) for fifo_out
    meteorological.o(.text) refers to rs485.o(.data) for Rs485Meteor_Status
    meteorological.o(.text) refers to rs485.o(.bss) for RS485_RX_BUF
    meteorological.o(.text) refers to meteorological.o(.bss) for NuclearFIFOBuffer
    meteorological.o(.text) refers to meteorological.o(.data) for tempstatus
    fifo.o(.text) refers to malloc.o(.text) for mymalloc
    fifo.o(.text) refers to malloc.o(i.free) for free
    fifo.o(.text) refers to memcpya.o(.text) for __aeabi_memcpy
    led.o(.text) refers to stm32f4xx_rcc.o(.text) for RCC_AHB1PeriphClockCmd
    led.o(.text) refers to stm32f4xx_gpio.o(.text) for GPIO_Init
    key.o(.text) refers to stm32f4xx_rcc.o(.text) for RCC_AHB1PeriphClockCmd
    key.o(.text) refers to stm32f4xx_gpio.o(.text) for GPIO_Init
    key.o(.text) refers to delay.o(.text) for delay_ms
    key.o(.text) refers to key.o(.data) for key_up
    spi.o(.text) refers to stm32f4xx_spi.o(.text) for SPI_I2S_GetFlagStatus
    spi.o(.text) refers to stm32f4xx_rcc.o(.text) for RCC_AHB1PeriphClockCmd
    spi.o(.text) refers to stm32f4xx_gpio.o(.text) for GPIO_Init
    w25qxx.o(.text) refers to spi.o(.text) for SPI1_ReadWriteByte
    w25qxx.o(.text) refers to stm32f4xx_rcc.o(.text) for RCC_AHB1PeriphClockCmd
    w25qxx.o(.text) refers to stm32f4xx_gpio.o(.text) for GPIO_Init
    w25qxx.o(.text) refers to delay.o(.text) for delay_us
    w25qxx.o(.text) refers to w25qxx.o(.data) for W25QXX_TYPE
    w25qxx.o(.text) refers to w25qxx.o(.bss) for W25QXX_BUFFER
    sdio_sdcard.o(.text) refers to stm32f4xx_sdio.o(.text) for SDIO_GetFlagStatus
    sdio_sdcard.o(.text) refers to sdio_sdcard.o(.data) for DeviceMode
    sdio_sdcard.o(.text) refers to sdio_sdcard.o(.bss) for SDIO_CmdInitStructure
    sdio_sdcard.o(.text) refers to stm32f4xx_rcc.o(.text) for RCC_AHB1PeriphClockCmd
    sdio_sdcard.o(.text) refers to stm32f4xx_gpio.o(.text) for GPIO_Init
    sdio_sdcard.o(.text) refers to misc.o(.text) for NVIC_Init
    sdio_sdcard.o(.text) refers to stm32f4xx_dma.o(.text) for DMA_GetCmdStatus
    sdio_sdcard.o(.text) refers to sys.o(.emb_text) for INTX_DISABLE
    sdio_sdcard.o(.text) refers to memcpya.o(.text) for __aeabi_memcpy
    usart3.o(.text) refers to stm32f4xx_usart.o(.text) for USART_GetITStatus
    usart3.o(.text) refers to stm32f4xx_tim.o(.text) for TIM_SetCounter
    usart3.o(.text) refers to stm32f4xx_rcc.o(.text) for RCC_AHB1PeriphClockCmd
    usart3.o(.text) refers to stm32f4xx_gpio.o(.text) for GPIO_PinAFConfig
    usart3.o(.text) refers to misc.o(.text) for NVIC_Init
    usart3.o(.text) refers to timer.o(.text) for TIM7_Int_Init
    usart3.o(.text) refers to printfa.o(i.__0vsprintf) for vsprintf
    usart3.o(.text) refers to strlen.o(.text) for strlen
[...]
    .data                                    0x200000d0   Section       28  usmart.o(.data)
    .data                                    0x200000ec   Section      460  usmart_config.o(.data)
    .data                                    0x200002b8   Section        2  diskio.o(.data)
    .data                                    0x200002ba   Section        2  ff.o(.data)
    Fsid                                     0x200002ba   Data           2  ff.o(.data)
    .data                                    0x200002bc   Section       20  exfuns.o(.data)
    .data                                    0x200002d0   Section        4  mvars.o(.data)
    .bss                                     0x200002d4   Section     3170  main.o(.bss)
    .bss                                     0x20000f38   Section     2032  meteorological.o(.bss)
    .bss                                     0x20001728   Section     4096  w25qxx.o(.bss)
    .bss                                     0x20002728   Section      704  sdio_sdcard.o(.bss)
    CSD_Tab                                  0x2000276c   Data          16  sdio_sdcard.o(.bss)
    CID_Tab                                  0x2000277c   Data          16  sdio_sdcard.o(.bss)
    .bss                                     0x200029e8   Section      800  usart3.o(.bss)
    .bss                                     0x20002d08   Section     4000  rs232.o(.bss)
    .bss                                     0x20003ca8   Section     4000  rs485.o(.bss)
    .bss                                     0x20004c48   Section      400  usart.o(.bss)
    .bss                                     0x20004de0   Section    108800  malloc.o(.bss)
    .bss                                     0x2001f6e0   Section       12  ff.o(.bss)
    FatFs                                    0x2001f6e0   Data          12  ff.o(.bss)
    .bss                                     0x2001f6ec   Section       80  exfuns.o(.bss)
    STACK                                    0x2001f740   Section     1024  startup_stm32f40_41xxx.o(STACK)
    .ARM.__AT_0x68000000                     0x68000000   Section    983040  malloc.o(.ARM.__AT_0x68000000)
    .ARM.__AT_0x680F0000                     0x680f0000   Section    61440  malloc.o(.ARM.__AT_0x680F0000)

    Global Symbols

    Symbol Name                              Value     Ov Type        Size  Object(Section)

    BuildAttributes$$THM_ISAv4$E$P$D$K$B$S$7EM$VFPi3$EXTD16$VFPS$VFMA$PE$A:L22UL41UL21$X:L11$S22US41US21$IEEE1$IW$USESV6$~STKCKD$USESV7$~SHL$OSPACE$ROPI$EBA8$MICROLIB$REQ8$PRES8$EABIv2 0x00000000   Number         0  anon$$obj.o ABSOLUTE
    __ARM_use_no_argv                        0x00000000   Number         0  main.o ABSOLUTE
    __use_no_errno                           0x00000000   Number         0  useno.o ABSOLUTE
    __use_no_exception_handling              0x00000000   Number         0  useno.o ABSOLUTE
    __use_no_fp                              0x00000000   Number         0  useno.o ABSOLUTE
    __use_no_heap                            0x00000000   Number         0  useno.o ABSOLUTE
    __use_no_heap_region                     0x00000000   Number         0  useno.o ABSOLUTE
    __use_no_semihosting                     0x00000000   Number         0  useno.o ABSOLUTE
    __use_no_semihosting_swi                 0x00000000   Number         0  useno.o ABSOLUTE
    __use_no_signal_handling                 0x00000000   Number         0  useno.o ABSOLUTE
    _printf_a                                0x00000000   Number         0  stubs.o ABSOLUTE
    _printf_c                                0x00000000   Number         0  stubs.o ABSOLUTE
    _printf_charcount                        0x00000000   Number         0  stubs.o ABSOLUTE
    _printf_d                                0x00000000   Number         0  stubs.o ABSOLUTE
    _printf_e                                0x00000000   Number         0  stubs.o ABSOLUTE
    _printf_f                                0x00000000   Number         0  stubs.o ABSOLUTE
    _printf_flags                            0x00000000   Number         0  stubs.o ABSOLUTE
    _printf_fp_dec                           0x00000000   Number         0  stubs.o ABSOLUTE
    _printf_fp_hex                           0x00000000   Number         0  stubs.o ABSOLUTE
    _printf_g                                0x00000000   Number         0  stubs.o ABSOLUTE
    _printf_i                                0x00000000   Number         0  stubs.o ABSOLUTE
    _printf_int_dec                          0x00000000   Number         0  stubs.o ABSOLUTE
    _printf_l                                0x00000000   Number         0  stubs.o ABSOLUTE
    _printf_lc                               0x00000000   Number         0  stubs.o ABSOLUTE
    _printf_ll                               0x00000000   Number         0  stubs.o ABSOLUTE
    _printf_lld                              0x00000000   Number         0  stubs.o ABSOLUTE
    _printf_lli                              0x00000000   Number         0  stubs.o ABSOLUTE
    _printf_llo                              0x00000000   Number         0  stubs.o ABSOLUTE
    _printf_llu                              0x00000000   Number         0  stubs.o ABSOLUTE
    _printf_llx                              0x00000000   Number         0  stubs.o ABSOLUTE
    _printf_longlong_dec                     0x00000000   Number         0  stubs.o ABSOLUTE
    _printf_longlong_hex                     0x00000000   Number         0  stubs.o ABSOLUTE
    _printf_longlong_oct                     0x00000000   Number         0  stubs.o ABSOLUTE
    _printf_ls                               0x00000000   Number         0  stubs.o ABSOLUTE
    _printf_mbtowc                           0x00000000   Number         0  stubs.o ABSOLUTE
    _printf_n                                0x00000000   Number         0  stubs.o ABSOLUTE
    _printf_o                                0x00000000   Number         0  stubs.o ABSOLUTE
    _printf_p                                0x00000000   Number         0  stubs.o ABSOLUTE
    _printf_percent                          0x00000000   Number         0  stubs.o ABSOLUTE
    _printf_pre_padding                      0x00000000   Number         0  stubs.o ABSOLUTE
    _printf_return_value                     0x00000000   Number         0  stubs.o ABSOLUTE
    _printf_s                                0x00000000   Number         0  stubs.o ABSOLUTE
    _printf_sizespec                         0x00000000   Number         0  stubs.o ABSOLUTE
    _printf_str                              0x00000000   Number         0  stubs.o ABSOLUTE
    _printf_truncate_signed                  0x00000000   Number         0  stubs.o ABSOLUTE
    _printf_truncate_unsigned                0x00000000   Number         0  stubs.o ABSOLUTE
    _printf_u                                0x00000000   Number         0  stubs.o ABSOLUTE
    _printf_wc                               0x00000000   Number         0  stubs.o ABSOLUTE
    _printf_wctomb                           0x00000000   Number         0  stubs.o ABSOLUTE
    _printf_widthprec                        0x00000000   Number         0  stubs.o ABSOLUTE
    _printf_x                                0x00000000   Number         0  stubs.o ABSOLUTE
    __cpp_initialize__aeabi_                  - Undefined Weak Reference
    __cxa_finalize                            - Undefined Weak Reference
    _clock_init                               - Undefined Weak Reference
    _microlib_exit                            - Undefined Weak Reference
    __Vectors_Size                           0x00000188   Number         0  startup_stm32f40_41xxx.o ABSOLUTE
    __Vectors                                0x08000000   Data           4  startup_stm32f40_41xxx.o(RESET)
    __Vectors_End                            0x08000188   Data           0  startup_stm32f40_41xxx.o(RESET)
    __main                                   0x08000189   Thumb Code     0  entry.o(.ARM.Collect$$$$00000000)
    _main_stk                                0x08000189   Thumb Code     0  entry2.o(.ARM.Collect$$$$00000001)
    _main_scatterload                        0x0800018d   Thumb Code     0  entry5.o(.ARM.Collect$$$$00000004)
    __main_after_scatterload                 0x08000191   Thumb Code     0  entry5.o(.ARM.Collect$$$$00000004)
    _main_clock                              0x08000191   Thumb Code     0  entry7b.o(.ARM.Collect$$$$00000008)
    _main_cpp_init                           0x08000191   Thumb Code     0  entry8b.o(.ARM.Collect$$$$0000000A)
    _main_init                               0x08000191   Thumb Code     0  entry9a.o(.ARM.Collect$$$$0000000B)
    __rt_final_cpp                           0x08000199   Thumb Code     0  entry10a.o(.ARM.Collect$$$$0000000D)
    __rt_final_exit                          0x08000199   Thumb Code     0  entry11a.o(.ARM.Collect$$$$0000000F)
    WFI_SET                                  0x0800019d   Thumb Code     2  sys.o(.emb_text)
    INTX_DISABLE                             0x0800019f   Thumb Code     4  sys.o(.emb_text)
    INTX_ENABLE                              0x080001a3   Thumb Code     4  sys.o(.emb_text)
    MSR_MSP                                  0x080001a7   Thumb Code     6  sys.o(.emb_text)
    main                                     0x080001ad   Thumb Code   774  main.o(.text)
    PutData2TXT                              0x080004b3   Thumb Code    50  main.o(.text)
    PutTXTdata2Uart                          0x080004e5   Thumb Code   108  main.o(.text)
    PutTXTdata2TFCardTest                    0x08000551   Thumb Code   698  main.o(.text)
    NMI_Handler                              0x08000829   Thumb Code     2  stm32f4xx_it.o(.text)
    HardFault_Handler                        0x0800082b   Thumb Code     4  stm32f4xx_it.o(.text)
    MemManage_Handler                        0x0800082f   Thumb Code     4  stm32f4xx_it.o(.text)
    BusFault_Handler                         0x08000833   Thumb Code     4  stm32f4xx_it.o(.text)
    UsageFault_Handler                       0x08000837   Thumb Code     4  stm32f4xx_it.o(.text)
    SVC_Handler                              0x0800083b   Thumb Code     2  stm32f4xx_it.o(.text)
    DebugMon_Handler                         0x0800083d   Thumb Code     2  stm32f4xx_it.o(.text)
    PendSV_Handler                           0x0800083f   Thumb Code     2  stm32f4xx_it.o(.text)
    SysTick_Handler                          0x08000841   Thumb Code     2  stm32f4xx_it.o(.text)
    SystemInit                               0x08000921   Thumb Code    88  system_stm32f4xx.o(.text)
    SystemCoreClockUpdate                    0x08000979   Thumb Code   174  system_stm32f4xx.o(.text)
    itoa                                     0x08000a55   Thumb Code   150  meteorological.o(.text)
    CheckCommunication                       0x08000aeb   Thumb Code   118  meteorological.o(.text)
    SetVoltage                               0x08000b61   Thumb Code    90  meteorological.o(.text)
    StartMea                                 0x08000bbb   Thumb Code    18  meteorological.o(.text)
    StopMea                                  0x08000bcd   Thumb Code    82  meteorological.o(.text)
    ReadMeteorVal                            0x08000c1f   Thumb Code    28  meteorological.o(.text)
    NuclearGetData                           0x08000c3b   Thumb Code   212  meteorological.o(.text)
    fifo_used                                0x08000d7d   Thumb Code    10  fifo.o(.text)
    fifo_alloc                               0x08000d87   Thumb Code    70  fifo.o(.text)
    fifo_free                                0x08000dcd   Thumb Code    22  fifo.o(.text)
    fifo_init                                0x08000de3   Thumb Code    42  fifo.o(.text)
    fifo_in                                  0x08000e51   Thumb Code    56  fifo.o(.text)
    fifo_out_peek                            0x08000ecf   Thumb Code    40  fifo.o(.text)
    fifo_out                                 0x08000ef7   Thumb Code    30  fifo.o(.text)
    LED_Init                                 0x08000f15   Thumb Code    56  led.o(.text)
    SPI1_ReadWriteByte                       0x08000f51   Thumb Code    50  spi.o(.text)
    SPI1_Init                                0x08000f83   Thumb Code   186  spi.o(.text)
    SPI1_SetSpeed                            0x0800103d   Thumb Code    36  spi.o(.text)
    W25QXX_ReadID                            0x08001069   Thumb Code    64  w25qxx.o(.text)
    W25QXX_Init                              0x080010a9   Thumb Code   102  w25qxx.o(.text)
    W25QXX_ReadSR                            0x0800110f   Thumb Code    36  w25qxx.o(.text)
    W25QXX_Write_SR                          0x08001133   Thumb Code    32  w25qxx.o(.text)
    W25QXX_Write_Enable                      0x08001153   Thumb Code    24  w25qxx.o(.text)
    W25QXX_Write_Disable                     0x0800116b   Thumb Code    24  w25qxx.o(.text)
    W25QXX_Read                              0x08001183   Thumb Code    74  w25qxx.o(.text)
    W25QXX_Wait_Busy                         0x080011cd   Thumb Code    18  w25qxx.o(.text)
    W25QXX_Write_Page                        0x080011df   Thumb Code    80  w25qxx.o(.text)
    W25QXX_Write_NoCheck                     0x0800122f   Thumb Code    70  w25qxx.o(.text)
    W25QXX_Erase_Sector                      0x08001275   Thumb Code    62  w25qxx.o(.text)
    W25QXX_Write                             0x080012b3   Thumb Code   180  w25qxx.o(.text)
    W25QXX_Erase_Chip                        0x08001367   Thumb Code    36  w25qxx.o(.text)
    W25QXX_PowerDown                         0x0800138b   Thumb Code    30  w25qxx.o(.text)
    W25QXX_WAKEUP                            0x080013a9   Thumb Code    30  w25qxx.o(.text)
    SDIO_Register_Deinit                     0x080013e1   Thumb Code    48  sdio_sdcard.o(.text)
    SD_SetDeviceMode                         0x08001411   Thumb Code    20  sdio_sdcard.o(.text)
    SDIO_Clock_Set                           0x08001425   Thumb Code    18  sdio_sdcard.o(.text)
    CmdResp1Error                            0x08001437   Thumb Code    96  sdio_sdcard.o(.text)
    FindSCR                                  0x08001497   Thumb Code   390  sdio_sdcard.o(.text)
    SDEnWideBus                              0x0800161d   Thumb Code   160  sdio_sdcard.o(.text)
    SD_EnableWideBusOperation                0x080016bd   Thumb Code    98  sdio_sdcard.o(.text)
    SD_SelectDeselect                        0x0800171f   Thumb Code    42  sdio_sdcard.o(.text)
    SD_GetCardInfo                           0x08001749   Thumb Code   806  sdio_sdcard.o(.text)
    CmdResp2Error                            0x08001a6f   Thumb Code    80  sdio_sdcard.o(.text)
    CmdResp6Error                            0x08001abf   Thumb Code   144  sdio_sdcard.o(.text)
    SD_InitializeCards                       0x08001b4f   Thumb Code   354  sdio_sdcard.o(.text)
    CmdResp3Error                            0x08001cb1   Thumb Code    52  sdio_sdcard.o(.text)
    CmdResp7Error                            0x08001ce5   Thumb Code    72  sdio_sdcard.o(.text)
    CmdError                                 0x08001d2d   Thumb Code    48  sdio_sdcard.o(.text)
    SD_PowerON                               0x08001d5d   Thumb Code   460  sdio_sdcard.o(.text)
    SD_Init                                  0x08001f29   Thumb Code   334  sdio_sdcard.o(.text)
    SD_PowerOFF                              0x08002077   Thumb Code    12  sdio_sdcard.o(.text)
    SD_DMA_Config                            0x08002083   Thumb Code   118  sdio_sdcard.o(.text)
    convert_from_bytes_to_power_of_two       0x080020f9   Thumb Code    18  sdio_sdcard.o(.text)
    SD_ReadBlock                             0x0800210b   Thumb Code   578  sdio_sdcard.o(.text)
    SD_ReadMultiBlocks                       0x0800234d   Thumb Code   762  sdio_sdcard.o(.text)
    IsCardProgramming                        0x08002647   Thumb Code   150  sdio_sdcard.o(.text)
    SD_WriteBlock                            0x080026dd   Thumb Code   914  sdio_sdcard.o(.text)
    SD_WriteMultiBlocks                      0x08002a6f   Thumb Code   976  sdio_sdcard.o(.text)
    SD_ProcessIRQSrc                         0x08002e3f   Thumb Code   322  sdio_sdcard.o(.text)
    SDIO_IRQHandler                          0x08002f81   Thumb Code     8  sdio_sdcard.o(.text)
    SD_SendStatus                            0x08002f89   Thumb Code    74  sdio_sdcard.o(.text)
    SD_GetState                              0x08002fd3   Thumb Code    26  sdio_sdcard.o(.text)
    SD_ReadDisk                              0x08002fed   Thumb Code   188  sdio_sdcard.o(.text)
    SD_WriteDisk                             0x080030a9   Thumb Code   148  sdio_sdcard.o(.text)
    USART3_IRQHandler                        0x08003141   Thumb Code    96  usart3.o(.text)
    usart3_init                              0x080031a1   Thumb Code   198  usart3.o(.text)
    u3_printf                                0x08003267   Thumb Code    72  usart3.o(.text)
    TIM7_IRQHandler                          0x080032c9   Thumb Code    56  timer.o(.text)
    TIM7_Int_Init                            0x08003301   Thumb Code    86  timer.o(.text)
    USART2_IRQHandler                        0x08003369   Thumb Code   192  rs232.o(.text)
    RS232_Init                               0x08003429   Thumb Code   190  rs232.o(.text)
    UART4_IRQHandler                         0x08003515   Thumb Code   218  rs485.o(.text)
    RS485_Init                               0x080035ef   Thumb Code   226  rs485.o(.text)
    RS485_Send_Data                          0x080036d1   Thumb Code    74  rs485.o(.text)
    delay_init                               0x08003751   Thumb Code    52  delay.o(.text)
    delay_us                                 0x08003785   Thumb Code    72  delay.o(.text)
    delay_xms                                0x080037cd   Thumb Code    72  delay.o(.text)
    delay_ms                                 0x08003815   Thumb Code    56  delay.o(.text)
    _sys_exit                                0x08003855   Thumb Code     4  usart.o(.text)
    fputc                                    0x08003859   Thumb Code    22  usart.o(.text)
    uart_init                                0x0800386f   Thumb Code   192  usart.o(.text)
    USART1_IRQHandler                        0x0800392f   Thumb Code   122  usart.o(.text)
    API_Uart6_init                           0x080039a9   Thumb Code   182  usart.o(.text)
    USART6_IRQHandler                        0x08003a5f   Thumb Code   122  usart.o(.text)
    APIUsart6_Send_Data                      0x08003ad9   Thumb Code    56  usart.o(.text)
    Reset_Handler                            0x08003b35   Thumb Code     8  startup_stm32f40_41xxx.o(.text)
    ADC_IRQHandler                           0x08003b4f   Thumb Code     0  startup_stm32f40_41xxx.o(.text)
    CAN1_RX0_IRQHandler                      0x08003b4f   Thumb Code     0  startup_stm32f40_41xxx.o(.text)
    CAN1_RX1_IRQHandler                      0x08003b4f   Thumb Code     0  startup_stm32f40_41xxx.o(.text)
    CAN1_SCE_IRQHandler                      0x08003b4f   Thumb Code     0  startup_stm32f40_41xxx.o(.text)
    CAN1_TX_IRQHandler                       0x08003b4f   Thumb Code     0  startup_stm32f40_41xxx.o(.text)
    CAN2_RX0_IRQHandler                      0x08003b4f   Thumb Code     0  startup_stm32f40_41xxx.o(.text)
    CAN2_RX1_IRQHandler                      0x08003b4f   Thumb Code     0  startup_stm32f40_41xxx.o(.text)
    CAN2_SCE_IRQHandler                      0x08003b4f   Thumb Code     0  startup_stm32f40_41xxx.o(.text)
    CAN2_TX_IRQHandler                       0x08003b4f   Thumb Code     0  startup_stm32f40_41xxx.o(.text)
    CRYP_IRQHandler                          0x08003b4f   Thumb Code     0  startup_stm32f40_41xxx.o(.text)
    DCMI_IRQHandler                          0x08003b4f   Thumb Code     0  startup_stm32f40_41xxx.o(.text)
    DMA1_Stream0_IRQHandler                  0x08003b4f   Thumb Code     0  startup_stm32f40_41xxx.o(.text)
    DMA1_Stream1_IRQHandler                  0x08003b4f   Thumb Code     0  startup_stm32f40_41xxx.o(.text)
    DMA1_Stream2_IRQHandler                  0x08003b4f   Thumb Code     0  startup_stm32f40_41xxx.o(.text)
    DMA1_Stream3_IRQHandler                  0x08003b4f   Thumb Code     0  startup_stm32f40_41xxx.o(.text)
    DMA1_Stream4_IRQHandler                  0x08003b4f   Thumb Code     0  startup_stm32f40_41xxx.o(.text)
    DMA1_Stream5_IRQHandler                  0x08003b4f   Thumb Code     0  startup_stm32f40_41xxx.o(.text)
    DMA1_Stream6_IRQHandler                  0x08003b4f   Thumb Code     0  startup_stm32f40_41xxx.o(.text)
    DMA1_Stream7_IRQHandler                  0x08003b4f   Thumb Code     0  startup_stm32f40_41xxx.o(.text)
    DMA2_Stream0_IRQHandler                  0x08003b4f   Thumb Code     0  startup_stm32f40_41xxx.o(.text)
    DMA2_Stream1_IRQHandler                  0x08003b4f   Thumb Code     0  startup_stm32f40_41xxx.o(.text)
    DMA2_Stream2_IRQHandler                  0x08003b4f   Thumb Code     0  startup_stm32f40_41xxx.o(.text)
    DMA2_Stream3_IRQHandler                  0x08003b4f   Thumb Code     0  startup_stm32f40_41xxx.o(.text)
    DMA2_Stream4_IRQHandler                  0x08003b4f   Thumb Code     0  startup_stm32f40_41xxx.o(.text)
    DMA2_Stream5_IRQHandler                  0x08003b4f   Thumb Code     0  startup_stm32f40_41xxx.o(.text)
    DMA2_Stream6_IRQHandler                  0x08003b4f   Thumb Code     0  startup_stm32f40_41xxx.o(.text)
    DMA2_Stream7_IRQHandler                  0x08003b4f   Thumb Code     0  startup_stm32f40_41xxx.o(.text)
    ETH_IRQHandler                           0x08003b4f   Thumb Code     0  startup_stm32f40_41xxx.o(.text)
    ETH_WKUP_IRQHandler                      0x08003b4f   Thumb Code     0  startup_stm32f40_41xxx.o(.text)
    EXTI0_IRQHandler                         0x08003b4f   Thumb Code     0  startup_stm32f40_41xxx.o(.text)
    EXTI15_10_IRQHandler                     0x08003b4f   Thumb Code     0  startup_stm32f40_41xxx.o(.text)
    EXTI1_IRQHandler                         0x08003b4f   Thumb Code     0  startup_stm32f40_41xxx.o(.text)
    EXTI2_IRQHandler                         0x08003b4f   Thumb Code     0  startup_stm32f40_41xxx.o(.text)
    EXTI3_IRQHandler                         0x08003b4f   Thumb Code     0  startup_stm32f40_41xxx.o(.text)
    EXTI4_IRQHandler                         0x08003b4f   Thumb Code     0  startup_stm32f40_41xxx.o(.text)
    EXTI9_5_IRQHandler                       0x08003b4f   Thumb Code     0  startup_stm32f40_41xxx.o(.text)
    FLASH_IRQHandler                         0x08003b4f   Thumb Code     0  startup_stm32f40_41xxx.o(.text)
    FPU_IRQHandler                           0x08003b4f   Thumb Code     0  startup_stm32f40_41xxx.o(.text)
    FSMC_IRQHandler                          0x08003b4f   Thumb Code     0  startup_stm32f40_41xxx.o(.text)
    HASH_RNG_IRQHandler                      0x08003b4f   Thumb Code     0  startup_stm32f40_41xxx.o(.text)
    I2C1_ER_IRQHandler                       0x08003b4f   Thumb Code     0  startup_stm32f40_41xxx.o(.text)
    I2C1_EV_IRQHandler                       0x08003b4f   Thumb Code     0  startup_stm32f40_41xxx.o(.text)
    I2C2_ER_IRQHandler                       0x08003b4f   Thumb Code     0  startup_stm32f40_41xxx.o(.text)
    I2C2_EV_IRQHandler                       0x08003b4f   Thumb Code     0  startup_stm32f40_41xxx.o(.text)
    I2C3_ER_IRQHandler                       0x08003b4f   Thumb Code     0  startup_stm32f40_41xxx.o(.text)
    I2C3_EV_IRQHandler                       0x08003b4f   Thumb Code     0  startup_stm32f40_41xxx.o(.text)
    OTG_FS_IRQHandler                        0x08003b4f   Thumb Code     0  startup_stm32f40_41xxx.o(.text)
    OTG_FS_WKUP_IRQHandler                   0x08003b4f   Thumb Code     0  startup_stm32f40_41xxx.o(.text)
    OTG_HS_EP1_IN_IRQHandler                 0x08003b4f   Thumb Code     0  startup_stm32f40_41xxx.o(.text)
    OTG_HS_EP1_OUT_IRQHandler                0x08003b4f   Thumb Code     0  startup_stm32f40_41xxx.o(.text)
    OTG_HS_IRQHandler                        0x08003b4f   Thumb Code     0  startup_stm32f40_41xxx.o(.text)
    OTG_HS_WKUP_IRQHandler                   0x08003b4f   Thumb Code     0  startup_stm32f40_41xxx.o(.text)
    PVD_IRQHandler                           0x08003b4f   Thumb Code     0  startup_stm32f40_41xxx.o(.text)
    RCC_IRQHandler                           0x08003b4f   Thumb Code     0  startup_stm32f40_41xxx.o(.text)
    RTC_Alarm_IRQHandler                     0x08003b4f   Thumb Code     0  startup_stm32f40_41xxx.o(.text)
    RTC_WKUP_IRQHandler                      0x08003b4f   Thumb Code     0  startup_stm32f40_41xxx.o(.text)
    SPI1_IRQHandler                          0x08003b4f   Thumb Code     0  startup_stm32f40_41xxx.o(.text)
    SPI2_IRQHandler                          0x08003b4f   Thumb Code     0  startup_stm32f40_41xxx.o(.text)
    SPI3_IRQHandler                          0x08003b4f   Thumb Code     0  startup_stm32f40_41xxx.o(.text)
    TAMP_STAMP_IRQHandler                    0x08003b4f   Thumb Code     0  startup_stm32f40_41xxx.o(.text)
    TIM1_BRK_TIM9_IRQHandler                 0x08003b4f   Thumb Code     0  startup_stm32f40_41xxx.o(.text)
    TIM1_CC_IRQHandler                       0x08003b4f   Thumb Code     0  startup_stm32f40_41xxx.o(.text)
    TIM1_TRG_COM_TIM11_IRQHandler            0x08003b4f   Thumb Code     0  startup_stm32f40_41xxx.o(.text)
    TIM1_UP_TIM10_IRQHandler                 0x08003b4f   Thumb Code     0  startup_stm32f40_41xxx.o(.text)
    TIM2_IRQHandler                          0x08003b4f   Thumb Code     0  startup_stm32f40_41xxx.o(.text)
    TIM3_IRQHandler                          0x08003b4f   Thumb Code     0  startup_stm32f40_41xxx.o(.text)
    TIM5_IRQHandler                          0x08003b4f   Thumb Code     0  startup_stm32f40_41xxx.o(.text)
    TIM6_DAC_IRQHandler                      0x08003b4f   Thumb Code     0  startup_stm32f40_41xxx.o(.text)
    TIM8_BRK_TIM12_IRQHandler                0x08003b4f   Thumb Code     0  startup_stm32f40_41xxx.o(.text)
    TIM8_CC_IRQHandler                       0x08003b4f   Thumb Code     0  startup_stm32f40_41xxx.o(.text)
    TIM8_TRG_COM_TIM14_IRQHandler            0x08003b4f   Thumb Code     0  startup_stm32f40_41xxx.o(.text)
    TIM8_UP_TIM13_IRQHandler                 0x08003b4f   Thumb Code     0  startup_stm32f40_41xxx.o(.text)
    UART5_IRQHandler                         0x08003b4f   Thumb Code     0  startup_stm32f40_41xxx.o(.text)
    WWDG_IRQHandler                          0x08003b4f   Thumb Code     0  startup_stm32f40_41xxx.o(.text)
    NVIC_PriorityGroupConfig                 0x08003b59   Thumb Code    10  misc.o(.text)
    NVIC_Init                                0x08003b63   Thumb Code   106  misc.o(.text)
    NVIC_SetVectorTable                      0x08003bcd   Thumb Code    14  misc.o(.text)
    NVIC_SystemLPConfig                      0x08003bdb   Thumb Code    34  misc.o(.text)
    SysTick_CLKSourceConfig                  0x08003bfd   Thumb Code    40  misc.o(.text)
    GPIO_DeInit                              0x08003c39   Thumb Code   268  stm32f4xx_gpio.o(.text)
    GPIO_Init                                0x08003d45   Thumb Code   144  stm32f4xx_gpio.o(.text)
    GPIO_StructInit                          0x08003dd5   Thumb Code    18  stm32f4xx_gpio.o(.text)
    GPIO_PinLockConfig                       0x08003de7   Thumb Code    34  stm32f4xx_gpio.o(.text)
    GPIO_ReadInputDataBit                    0x08003e09   Thumb Code    18  stm32f4xx_gpio.o(.text)
    GPIO_ReadInputData                       0x08003e1b   Thumb Code     8  stm32f4xx_gpio.o(.text)
    GPIO_ReadOutputDataBit                   0x08003e23   Thumb Code    18  stm32f4xx_gpio.o(.text)
    GPIO_ReadOutputData                      0x08003e35   Thumb Code     8  stm32f4xx_gpio.o(.text)
    GPIO_SetBits                             0x08003e3d   Thumb Code     4  stm32f4xx_gpio.o(.text)
    GPIO_ResetBits                           0x08003e41   Thumb Code     4  stm32f4xx_gpio.o(.text)
    GPIO_WriteBit                            0x08003e45   Thumb Code    10  stm32f4xx_gpio.o(.text)
    GPIO_Write                               0x08003e4f   Thumb Code     4  stm32f4xx_gpio.o(.text)
    GPIO_ToggleBits                          0x08003e53   Thumb Code     8  stm32f4xx_gpio.o(.text)
    GPIO_PinAFConfig                         0x08003e5b   Thumb Code    70  stm32f4xx_gpio.o(.text)
    SDIO_DeInit                              0x08003ecd   Thumb Code    22  stm32f4xx_sdio.o(.text)
    SDIO_Init                                0x08003ee3   Thumb Code    42  stm32f4xx_sdio.o(.text)
    SDIO_StructInit                          0x08003f0d   Thumb Code    16  stm32f4xx_sdio.o(.text)
    SDIO_ClockCmd                            0x08003f1d   Thumb Code     6  stm32f4xx_sdio.o(.text)
    SDIO_SetPowerState                       0x08003f23   Thumb Code     8  stm32f4xx_sdio.o(.text)
    SDIO_GetPowerState                       0x08003f2b   Thumb Code    12  stm32f4xx_sdio.o(.text)
    SDIO_SendCommand                         0x08003f37   Thumb Code    42  stm32f4xx_sdio.o(.text)
    SDIO_CmdStructInit                       0x08003f61   Thumb Code    14  stm32f4xx_sdio.o(.text)
    SDIO_GetCommandResponse                  0x08003f6f   Thumb Code    10  stm32f4xx_sdio.o(.text)
    SDIO_GetResponse                         0x08003f79   Thumb Code    22  stm32f4xx_sdio.o(.text)
    SDIO_DataConfig                          0x08003f8f   Thumb Code    48  stm32f4xx_sdio.o(.text)
    SDIO_DataStructInit                      0x08003fbf   Thumb Code    20  stm32f4xx_sdio.o(.text)
    SDIO_GetDataCounter                      0x08003fd3   Thumb Code     8  stm32f4xx_sdio.o(.text)
    SDIO_ReadData                            0x08003fdb   Thumb Code     8  stm32f4xx_sdio.o(.text)
    SDIO_WriteData                           0x08003fe3   Thumb Code     8  stm32f4xx_sdio.o(.text)
    SDIO_GetFIFOCount                        0x08003feb   Thumb Code     8  stm32f4xx_sdio.o(.text)
    SDIO_StartSDIOReadWait                   0x08003ff3   Thumb Code     6  stm32f4xx_sdio.o(.text)
    SDIO_StopSDIOReadWait                    0x08003ff9   Thumb Code     8  stm32f4xx_sdio.o(.text)
    SDIO_SetSDIOReadWaitMode                 0x08004001   Thumb Code     8  stm32f4xx_sdio.o(.text)
    SDIO_SetSDIOOperation                    0x08004009   Thumb Code     8  stm32f4xx_sdio.o(.text)
    SDIO_SendSDIOSuspendCmd                  0x08004011   Thumb Code     6  stm32f4xx_sdio.o(.text)
    SDIO_CommandCompletionCmd                0x08004017   Thumb Code     8  stm32f4xx_sdio.o(.text)
    SDIO_CEATAITCmd                          0x0800401f   Thumb Code    12  stm32f4xx_sdio.o(.text)
    SDIO_SendCEATACmd                        0x0800402b   Thumb Code     8  stm32f4xx_sdio.o(.text)
    SDIO_DMACmd                              0x08004033   Thumb Code     8  stm32f4xx_sdio.o(.text)
    SDIO_ITConfig                            0x0800403b   Thumb Code    34  stm32f4xx_sdio.o(.text)
    SDIO_GetFlagStatus                       0x0800405d   Thumb Code    22  stm32f4xx_sdio.o(.text)
    SDIO_ClearFlag                           0x08004073   Thumb Code     8  stm32f4xx_sdio.o(.text)
    SDIO_GetITStatus                         0x0800407b   Thumb Code    22  stm32f4xx_sdio.o(.text)
    SDIO_ClearITPendingBit                   0x08004091   Thumb Code     8  stm32f4xx_sdio.o(.text)
    RCC_DeInit                               0x080040a9   Thumb Code    82  stm32f4xx_rcc.o(.text)
    RCC_HSEConfig                            0x080040fb   Thumb Code    14  stm32f4xx_rcc.o(.text)
    RCC_GetFlagStatus                        0x08004109   Thumb Code    60  stm32f4xx_rcc.o(.text)
    RCC_WaitForHSEStartUp                    0x08004145   Thumb Code    56  stm32f4xx_rcc.o(.text)
    RCC_AdjustHSICalibrationValue            0x0800417d   Thumb Code    20  stm32f4xx_rcc.o(.text)
    RCC_HSICmd                               0x08004191   Thumb Code     6  stm32f4xx_rcc.o(.text)
    RCC_LSEConfig                            0x08004197   Thumb Code    46  stm32f4xx_rcc.o(.text)
    RCC_LSICmd                               0x080041c5   Thumb Code     6  stm32f4xx_rcc.o(.text)
    RCC_PLLConfig                            0x080041cb   Thumb Code    32  stm32f4xx_rcc.o(.text)
    RCC_PLLCmd                               0x080041eb   Thumb Code     6  stm32f4xx_rcc.o(.text)
    RCC_PLLI2SConfig                         0x080041f1   Thumb Code    14  stm32f4xx_rcc.o(.text)
    RCC_PLLI2SCmd                            0x080041ff   Thumb Code     6  stm32f4xx_rcc.o(.text)
    RCC_PLLSAIConfig                         0x08004205   Thumb Code    20  stm32f4xx_rcc.o(.text)
    RCC_PLLSAICmd                            0x08004219   Thumb Code     6  stm32f4xx_rcc.o(.text)
    RCC_ClockSecuritySystemCmd               0x0800421f   Thumb Code     6  stm32f4xx_rcc.o(.text)
    RCC_MCO1Config                           0x08004225   Thumb Code    28  stm32f4xx_rcc.o(.text)
    RCC_MCO2Config                           0x08004241   Thumb Code    28  stm32f4xx_rcc.o(.text)
    RCC_SYSCLKConfig                         0x0800425d   Thumb Code    20  stm32f4xx_rcc.o(.text)
    RCC_GetSYSCLKSource                      0x08004271   Thumb Code    12  stm32f4xx_rcc.o(.text)
    RCC_HCLKConfig                           0x0800427d   Thumb Code    20  stm32f4xx_rcc.o(.text)
    RCC_PCLK1Config                          0x08004291   Thumb Code    20  stm32f4xx_rcc.o(.text)
    RCC_PCLK2Config                          0x080042a5   Thumb Code    22  stm32f4xx_rcc.o(.text)
    RCC_GetClocksFreq                        0x080042bb   Thumb Code   222  stm32f4xx_rcc.o(.text)
    RCC_RTCCLKConfig                         0x08004399   Thumb Code    54  stm32f4xx_rcc.o(.text)
    RCC_RTCCLKCmd                            0x080043cf   Thumb Code     8  stm32f4xx_rcc.o(.text)
    RCC_BackupResetCmd                       0x080043d7   Thumb Code     8  stm32f4xx_rcc.o(.text)
    RCC_I2SCLKConfig                         0x080043df   Thumb Code     6  stm32f4xx_rcc.o(.text)
    RCC_SAIPLLI2SClkDivConfig                0x080043e5   Thumb Code    26  stm32f4xx_rcc.o(.text)
    RCC_SAIPLLSAIClkDivConfig                0x080043ff   Thumb Code    28  stm32f4xx_rcc.o(.text)
    RCC_SAIBlockACLKConfig                   0x0800441b   Thumb Code    20  stm32f4xx_rcc.o(.text)
    RCC_SAIBlockBCLKConfig                   0x0800442f   Thumb Code    20  stm32f4xx_rcc.o(.text)
    RCC_LTDCCLKDivConfig                     0x08004443   Thumb Code    20  stm32f4xx_rcc.o(.text)
    RCC_TIMCLKPresConfig                     0x08004457   Thumb Code     6  stm32f4xx_rcc.o(.text)
    RCC_AHB1PeriphClockCmd                   0x0800445d   Thumb Code    34  stm32f4xx_rcc.o(.text)
    RCC_AHB2PeriphClockCmd                   0x0800447f   Thumb Code    78  stm32f4xx_rcc.o(.text)
    RCC_AHB3PeriphClockCmd                   0x080044cd   Thumb Code    34  stm32f4xx_rcc.o(.text)
    RCC_APB1PeriphClockCmd                   0x080044ef   Thumb Code    34  stm32f4xx_rcc.o(.text)
    RCC_APB2PeriphClockCmd                   0x08004511   Thumb Code    34  stm32f4xx_rcc.o(.text)
    RCC_AHB1PeriphResetCmd                   0x08004533   Thumb Code    34  stm32f4xx_rcc.o(.text)
    RCC_AHB2PeriphResetCmd                   0x08004555   Thumb Code    34  stm32f4xx_rcc.o(.text)
    RCC_AHB3PeriphResetCmd                   0x08004577   Thumb Code    34  stm32f4xx_rcc.o(.text)
    RCC_APB1PeriphResetCmd                   0x08004599   Thumb Code    34  stm32f4xx_rcc.o(.text)
    RCC_APB2PeriphResetCmd                   0x080045bb   Thumb Code    34  stm32f4xx_rcc.o(.text)
    RCC_AHB1PeriphClockLPModeCmd             0x080045dd   Thumb Code    34  stm32f4xx_rcc.o(.text)
    RCC_AHB2PeriphClockLPModeCmd             0x080045ff   Thumb Code    34  stm32f4xx_rcc.o(.text)
    RCC_AHB3PeriphClockLPModeCmd             0x08004621   Thumb Code    34  stm32f4xx_rcc.o(.text)
    RCC_APB1PeriphClockLPModeCmd             0x08004643   Thumb Code    34  stm32f4xx_rcc.o(.text)
    RCC_APB2PeriphClockLPModeCmd             0x08004665   Thumb Code    34  stm32f4xx_rcc.o(.text)
    RCC_LSEModeConfig                        0x08004687   Thumb Code    40  stm32f4xx_rcc.o(.text)
    RCC_ITConfig                             0x080046af   Thumb Code    34  stm32f4xx_rcc.o(.text)
    RCC_ClearFlag                            0x080046d1   Thumb Code    18  stm32f4xx_rcc.o(.text)
    RCC_GetITStatus                          0x080046e3   Thumb Code    22  stm32f4xx_rcc.o(.text)
    RCC_ClearITPendingBit                    0x080046f9   Thumb Code     8  stm32f4xx_rcc.o(.text)
    USART_DeInit                             0x08004705   Thumb Code   206  stm32f4xx_usart.o(.text)
    USART_Init                               0x080047d3   Thumb Code   204  stm32f4xx_usart.o(.text)
    USART_StructInit                         0x0800489f   Thumb Code    24  stm32f4xx_usart.o(.text)
    USART_ClockInit                          0x080048b7   Thumb Code    32  stm32f4xx_usart.o(.text)
    USART_ClockStructInit                    0x080048d7   Thumb Code    12  stm32f4xx_usart.o(.text)
    USART_Cmd                                0x080048e3   Thumb Code    24  stm32f4xx_usart.o(.text)
    USART_SetPrescaler                       0x080048fb   Thumb Code    16  stm32f4xx_usart.o(.text)
    USART_OverSampling8Cmd                   0x0800490b   Thumb Code    22  stm32f4xx_usart.o(.text)
    USART_OneBitMethodCmd                    0x08004921   Thumb Code    24  stm32f4xx_usart.o(.text)
    USART_SendData                           0x08004939   Thumb Code     8  stm32f4xx_usart.o(.text)
    USART_ReceiveData                        0x08004941   Thumb Code    10  stm32f4xx_usart.o(.text)
    USART_SetAddress                         0x0800494b   Thumb Code    18  stm32f4xx_usart.o(.text)
    USART_ReceiverWakeUpCmd                  0x0800495d   Thumb Code    24  stm32f4xx_usart.o(.text)
    USART_WakeUpConfig                       0x08004975   Thumb Code    18  stm32f4xx_usart.o(.text)
    USART_LINBreakDetectLengthConfig         0x08004987   Thumb Code    18  stm32f4xx_usart.o(.text)
    USART_LINCmd                             0x08004999   Thumb Code    24  stm32f4xx_usart.o(.text)
    USART_SendBreak                          0x080049b1   Thumb Code    10  stm32f4xx_usart.o(.text)
    USART_HalfDuplexCmd                      0x080049bb   Thumb Code    24  stm32f4xx_usart.o(.text)
    USART_SetGuardTime                       0x080049d3   Thumb Code    16  stm32f4xx_usart.o(.text)
    USART_SmartCardCmd                       0x080049e3   Thumb Code    24  stm32f4xx_usart.o(.text)
    USART_SmartCardNACKCmd                   0x080049fb   Thumb Code    24  stm32f4xx_usart.o(.text)
    USART_IrDAConfig                         0x08004a13   Thumb Code    18  stm32f4xx_usart.o(.text)
    USART_IrDACmd                            0x08004a25   Thumb Code    24  stm32f4xx_usart.o(.text)
    USART_DMACmd                             0x08004a3d   Thumb Code    18  stm32f4xx_usart.o(.text)
    USART_ITConfig                           0x08004a4f   Thumb Code    74  stm32f4xx_usart.o(.text)
    USART_GetFlagStatus                      0x08004a99   Thumb Code    26  stm32f4xx_usart.o(.text)
    USART_ClearFlag                          0x08004ab3   Thumb Code    18  stm32f4xx_usart.o(.text)
    USART_GetITStatus                        0x08004ac5   Thumb Code   118  stm32f4xx_usart.o(.text)
    USART_ClearITPendingBit                  0x08004b3b   Thumb Code    30  stm32f4xx_usart.o(.text)
    DMA_DeInit                               0x08004b59   Thumb Code   324  stm32f4xx_dma.o(.text)
    DMA_Init                                 0x08004c9d   Thumb Code    82  stm32f4xx_dma.o(.text)
    DMA_StructInit                           0x08004cef   Thumb Code    34  stm32f4xx_dma.o(.text)
    DMA_Cmd                                  0x08004d11   Thumb Code    22  stm32f4xx_dma.o(.text)
    DMA_PeriphIncOffsetSizeConfig            0x08004d27   Thumb Code    22  stm32f4xx_dma.o(.text)
    DMA_FlowControllerConfig                 0x08004d3d   Thumb Code    22  stm32f4xx_dma.o(.text)
    DMA_SetCurrDataCounter                   0x08004d53   Thumb Code     4  stm32f4xx_dma.o(.text)
    DMA_GetCurrDataCounter                   0x08004d57   Thumb Code     8  stm32f4xx_dma.o(.text)
    DMA_DoubleBufferModeConfig               0x08004d5f   Thumb Code    24  stm32f4xx_dma.o(.text)
    DMA_DoubleBufferModeCmd                  0x08004d77   Thumb Code    22  stm32f4xx_dma.o(.text)
    DMA_MemoryTargetConfig                   0x08004d8d   Thumb Code    10  stm32f4xx_dma.o(.text)
    DMA_GetCurrentMemoryTarget               0x08004d97   Thumb Code    20  stm32f4xx_dma.o(.text)
    DMA_GetCmdStatus                         0x08004dab   Thumb Code    20  stm32f4xx_dma.o(.text)
    DMA_GetFIFOStatus                        0x08004dbf   Thumb Code    12  stm32f4xx_dma.o(.text)
    DMA_GetFlagStatus                        0x08004dcb   Thumb Code    56  stm32f4xx_dma.o(.text)
    DMA_ClearFlag                            0x08004e03   Thumb Code    40  stm32f4xx_dma.o(.text)
    DMA_ITConfig                             0x08004e2b   Thumb Code    58  stm32f4xx_dma.o(.text)
    DMA_GetITStatus                          0x08004e65   Thumb Code    84  stm32f4xx_dma.o(.text)
    DMA_ClearITPendingBit                    0x08004eb9   Thumb Code    40  stm32f4xx_dma.o(.text)
    TIM_DeInit                               0x08004f01   Thumb Code   346  stm32f4xx_tim.o(.text)
    TIM_TimeBaseInit                         0x0800505b   Thumb Code   104  stm32f4xx_tim.o(.text)
    TIM_TimeBaseStructInit                   0x080050c3   Thumb Code    18  stm32f4xx_tim.o(.text)
    TIM_PrescalerConfig                      0x080050d5   Thumb Code     6  stm32f4xx_tim.o(.text)
    TIM_CounterModeConfig                    0x080050db   Thumb Code    18  stm32f4xx_tim.o(.text)
    TIM_SetCounter                           0x080050ed   Thumb Code     4  stm32f4xx_tim.o(.text)
    TIM_SetAutoreload                        0x080050f1   Thumb Code     4  stm32f4xx_tim.o(.text)
    TIM_GetCounter                           0x080050f5   Thumb Code     6  stm32f4xx_tim.o(.text)
    TIM_GetPrescaler                         0x080050fb   Thumb Code     6  stm32f4xx_tim.o(.text)
    TIM_UpdateDisableConfig                  0x08005101   Thumb Code    24  stm32f4xx_tim.o(.text)
    TIM_UpdateRequestConfig                  0x08005119   Thumb Code    24  stm32f4xx_tim.o(.text)
    TIM_ARRPreloadConfig                     0x08005131   Thumb Code    24  stm32f4xx_tim.o(.text)
    TIM_SelectOnePulseMode                   0x08005149   Thumb Code    18  stm32f4xx_tim.o(.text)
    TIM_SetClockDivision                     0x0800515b   Thumb Code    18  stm32f4xx_tim.o(.text)
    TIM_Cmd                                  0x0800516d   Thumb Code    24  stm32f4xx_tim.o(.text)
    TIM_OC1Init                              0x08005185   Thumb Code   114  stm32f4xx_tim.o(.text)
    TIM_OC2Init                              0x080051f7   Thumb Code   154  stm32f4xx_tim.o(.text)
    TIM_OC3Init                              0x08005291   Thumb Code   204  stm32f4xx_tim.o(.text)
    TIM_OC4Init                              0x0800535d   Thumb Code   112  stm32f4xx_tim.o(.text)
    TIM_OCStructInit                         0x080053cd   Thumb Code    20  stm32f4xx_tim.o(.text)
    TIM_SelectOCxM                           0x080053e1   Thumb Code    86  stm32f4xx_tim.o(.text)
    TIM_SetCompare1                          0x08005437   Thumb Code     4  stm32f4xx_tim.o(.text)
    TIM_SetCompare2                          0x0800543b   Thumb Code     4  stm32f4xx_tim.o(.text)
    TIM_SetCompare3                          0x0800543f   Thumb Code     4  stm32f4xx_tim.o(.text)
    TIM_SetCompare4                          0x08005443   Thumb Code     4  stm32f4xx_tim.o(.text)
    TIM_ForcedOC1Config                      0x08005447   Thumb Code    18  stm32f4xx_tim.o(.text)
    TIM_ForcedOC2Config                      0x08005459   Thumb Code    26  stm32f4xx_tim.o(.text)
    TIM_ForcedOC3Config                      0x08005473   Thumb Code    18  stm32f4xx_tim.o(.text)
    TIM_ForcedOC4Config                      0x08005485   Thumb Code    26  stm32f4xx_tim.o(.text)
    TIM_OC1PreloadConfig                     0x0800549f   Thumb Code    18  stm32f4xx_tim.o(.text)
    TIM_OC2PreloadConfig                     0x080054b1   Thumb Code    26  stm32f4xx_tim.o(.text)
    TIM_OC3PreloadConfig                     0x080054cb   Thumb Code    18  stm32f4xx_tim.o(.text)
    TIM_OC4PreloadConfig                     0x080054dd   Thumb Code    26  stm32f4xx_tim.o(.text)
    TIM_OC1FastConfig                        0x080054f7   Thumb Code    18  stm32f4xx_tim.o(.text)
    TIM_OC2FastConfig                        0x08005509   Thumb Code    26  stm32f4xx_tim.o(.text)
    TIM_OC3FastConfig                        0x08005523   Thumb Code    18  stm32f4xx_tim.o(.text)
    TIM_OC4FastConfig                        0x08005535   Thumb Code    26  stm32f4xx_tim.o(.text)
    TIM_ClearOC1Ref                          0x0800554f   Thumb Code    18  stm32f4xx_tim.o(.text)
    TIM_ClearOC2Ref                          0x08005561   Thumb Code    24  stm32f4xx_tim.o(.text)
    TIM_ClearOC3Ref                          0x08005579   Thumb Code    18  stm32f4xx_tim.o(.text)
    TIM_ClearOC4Ref                          0x0800558b   Thumb Code    24  stm32f4xx_tim.o(.text)
    TIM_OC1PolarityConfig                    0x080055a3   Thumb Code    18  stm32f4xx_tim.o(.text)
    TIM_OC1NPolarityConfig                   0x080055b5   Thumb Code    18  stm32f4xx_tim.o(.text)
    TIM_OC2PolarityConfig                    0x080055c7   Thumb Code    26  stm32f4xx_tim.o(.text)
    TIM_OC2NPolarityConfig                   0x080055e1   Thumb Code    26  stm32f4xx_tim.o(.text)
    TIM_OC3PolarityConfig                    0x080055fb   Thumb Code    26  stm32f4xx_tim.o(.text)
    TIM_OC3NPolarityConfig                   0x08005615   Thumb Code    26  stm32f4xx_tim.o(.text)
    TIM_OC4PolarityConfig                    0x0800562f   Thumb Code    26  stm32f4xx_tim.o(.text)
    TIM_CCxCmd                               0x08005649   Thumb Code    30  stm32f4xx_tim.o(.text)
    TIM_CCxNCmd                              0x08005667   Thumb Code    30  stm32f4xx_tim.o(.text)
    TIM_SetIC4Prescaler                      0x08005685   Thumb Code    26  stm32f4xx_tim.o(.text)
    TIM_SetIC3Prescaler                      0x080056ef   Thumb Code    18  stm32f4xx_tim.o(.text)
    TIM_SetIC2Prescaler                      0x08005749   Thumb Code    26  stm32f4xx_tim.o(.text)
    TIM_SetIC1Prescaler                      0x080057bd   Thumb Code    18  stm32f4xx_tim.o(.text)
    TIM_ICInit                               0x08005809   Thumb Code   110  stm32f4xx_tim.o(.text)
    TIM_ICStructInit                         0x08005877   Thumb Code    18  stm32f4xx_tim.o(.text)
    TIM_PWMIConfig                           0x08005889   Thumb Code   124  stm32f4xx_tim.o(.text)
    TIM_GetCapture1                          0x08005905   Thumb Code     6  stm32f4xx_tim.o(.text)
    TIM_GetCapture2                          0x0800590b   Thumb Code     6  stm32f4xx_tim.o(.text)
    TIM_GetCapture3                          0x08005911   Thumb Code     6  stm32f4xx_tim.o(.text)
    TIM_GetCapture4                          0x08005917   Thumb Code     6  stm32f4xx_tim.o(.text)
    TIM_BDTRConfig                           0x0800591d   Thumb Code    32  stm32f4xx_tim.o(.text)
    TIM_BDTRStructInit                       0x0800593d   Thumb Code    18  stm32f4xx_tim.o(.text)
    TIM_CtrlPWMOutputs                       0x0800594f   Thumb Code    30  stm32f4xx_tim.o(.text)
    TIM_SelectCOM                            0x0800596d   Thumb Code    24  stm32f4xx_tim.o(.text)
    TIM_CCPreloadControl                     0x08005985   Thumb Code    24  stm32f4xx_tim.o(.text)
    TIM_ITConfig                             0x0800599d   Thumb Code    18  stm32f4xx_tim.o(.text)
    TIM_GenerateEvent                        0x080059af   Thumb Code     4  stm32f4xx_tim.o(.text)
    TIM_GetFlagStatus                        0x080059b3   Thumb Code    18  stm32f4xx_tim.o(.text)
    TIM_ClearFlag                            0x080059c5   Thumb Code     6  stm32f4xx_tim.o(.text)
    TIM_GetITStatus                          0x080059cb   Thumb Code    34  stm32f4xx_tim.o(.text)
    TIM_ClearITPendingBit                    0x080059ed   Thumb Code     6  stm32f4xx_tim.o(.text)
    TIM_DMAConfig                            0x080059f3   Thumb Code    10  stm32f4xx_tim.o(.text)
    TIM_DMACmd                               0x080059fd   Thumb Code    18  stm32f4xx_tim.o(.text)
    TIM_SelectCCDMA                          0x08005a0f   Thumb Code    24  stm32f4xx_tim.o(.text)
    TIM_InternalClockConfig                  0x08005a27   Thumb Code    12  stm32f4xx_tim.o(.text)
    TIM_SelectInputTrigger                   0x08005a33   Thumb Code    18  stm32f4xx_tim.o(.text)
    TIM_ITRxExternalClockConfig              0x08005a45   Thumb Code    24  stm32f4xx_tim.o(.text)
    TIM_TIxExternalClockConfig               0x08005a5d   Thumb Code    62  stm32f4xx_tim.o(.text)
    TIM_ETRConfig                            0x08005a9b   Thumb Code    28  stm32f4xx_tim.o(.text)
    TIM_ETRClockMode1Config                  0x08005ab7   Thumb Code    54  stm32f4xx_tim.o(.text)
    TIM_ETRClockMode2Config                  0x08005aed   Thumb Code    32  stm32f4xx_tim.o(.text)
    TIM_SelectOutputTrigger                  0x08005b0d   Thumb Code    18  stm32f4xx_tim.o(.text)
    TIM_SelectSlaveMode                      0x08005b1f   Thumb Code    18  stm32f4xx_tim.o(.text)
    TIM_SelectMasterSlaveMode                0x08005b31   Thumb Code    18  stm32f4xx_tim.o(.text)
    TIM_EncoderInterfaceConfig               0x08005b43   Thumb Code    66  stm32f4xx_tim.o(.text)
    TIM_SelectHallSensor                     0x08005b85   Thumb Code    24  stm32f4xx_tim.o(.text)
    TIM_RemapConfig                          0x08005b9d   Thumb Code     6  stm32f4xx_tim.o(.text)
    SPI_I2S_DeInit                           0x08005ba5   Thumb Code   152  stm32f4xx_spi.o(.text)
    SPI_Init                                 0x08005c3d   Thumb Code    60  stm32f4xx_spi.o(.text)
    I2S_Init                                 0x08005c79   Thumb Code   396  stm32f4xx_spi.o(.text)
    SPI_StructInit                           0x08005e05   Thumb Code    24  stm32f4xx_spi.o(.text)
    I2S_StructInit                           0x08005e1d   Thumb Code    20  stm32f4xx_spi.o(.text)
    SPI_Cmd                                  0x08005e31   Thumb Code    24  stm32f4xx_spi.o(.text)
    I2S_Cmd                                  0x08005e49   Thumb Code    24  stm32f4xx_spi.o(.text)
    SPI_DataSizeConfig                       0x08005e61   Thumb Code    18  stm32f4xx_spi.o(.text)
    SPI_BiDirectionalLineConfig              0x08005e73   Thumb Code    28  stm32f4xx_spi.o(.text)
    SPI_NSSInternalSoftwareConfig            0x08005e8f   Thumb Code    30  stm32f4xx_spi.o(.text)
    SPI_SSOutputCmd                          0x08005ead   Thumb Code    24  stm32f4xx_spi.o(.text)
    SPI_TIModeCmd                            0x08005ec5   Thumb Code    24  stm32f4xx_spi.o(.text)
    I2S_FullDuplexConfig                     0x08005edd   Thumb Code    80  stm32f4xx_spi.o(.text)
    SPI_I2S_ReceiveData                      0x08005f2d   Thumb Code     6  stm32f4xx_spi.o(.text)
    SPI_I2S_SendData                         0x08005f33   Thumb Code     4  stm32f4xx_spi.o(.text)
    SPI_CalculateCRC                         0x08005f37   Thumb Code    24  stm32f4xx_spi.o(.text)
    SPI_TransmitCRC                          0x08005f4f   Thumb Code    10  stm32f4xx_spi.o(.text)
    SPI_GetCRC                               0x08005f59   Thumb Code    16  stm32f4xx_spi.o(.text)
    SPI_GetCRCPolynomial                     0x08005f69   Thumb Code     6  stm32f4xx_spi.o(.text)
    SPI_I2S_DMACmd                           0x08005f6f   Thumb Code    18  stm32f4xx_spi.o(.text)
    SPI_I2S_ITConfig                         0x08005f81   Thumb Code    68  stm32f4xx_spi.o(.text)
    SPI_I2S_GetFlagStatus                    0x08005fc5   Thumb Code    18  stm32f4xx_spi.o(.text)
    SPI_I2S_ClearFlag                        0x08005fd7   Thumb Code     6  stm32f4xx_spi.o(.text)
    SPI_I2S_GetITStatus                      0x08005fdd   Thumb Code    52  stm32f4xx_spi.o(.text)
    SPI_I2S_ClearITPendingBit                0x08006011   Thumb Code    20  stm32f4xx_spi.o(.text)
    mymemcpy                                 0x08006025   Thumb Code    26  malloc.o(.text)
    mymemset                                 0x0800603f   Thumb Code    20  malloc.o(.text)
    my_mem_init                              0x08006053   Thumb Code    54  malloc.o(.text)
    my_mem_perused                           0x08006089   Thumb Code    54  malloc.o(.text)
    my_mem_malloc                            0x080060bf   Thumb Code   154  malloc.o(.text)
    my_mem_free                              0x08006159   Thumb Code    94  malloc.o(.text)
    myfree                                   0x080061b7   Thumb Code    32  malloc.o(.text)
    mymalloc                                 0x080061d7   Thumb Code    36  malloc.o(.text)
    myrealloc                                0x080061fb   Thumb Code    68  malloc.o(.text)
    usmart_sys_cmd_exe                       0x08006251   Thumb Code  1554  usmart.o(.text)
    usmart_reset_runtime                     0x08006863   Thumb Code    38  usmart.o(.text)
    usmart_get_runtime                       0x08006889   Thumb Code    60  usmart.o(.text)
    TIM4_IRQHandler                          0x080068c5   Thumb Code    46  usmart.o(.text)
    Timer4_Init                              0x080068f3   Thumb Code    86  usmart.o(.text)
    usmart_init                              0x08006949   Thumb Code    36  usmart.o(.text)
    usmart_cmd_rec                           0x0800696d   Thumb Code   170  usmart.o(.text)
    usmart_exe                               0x08006a17   Thumb Code   868  usmart.o(.text)
    usmart_scan                              0x08006d7b   Thumb Code   120  usmart.o(.text)
    read_addr                                0x08006df3   Thumb Code     6  usmart.o(.text)
    write_addr                               0x08006df9   Thumb Code     4  usmart.o(.text)
    usmart_strcmp                            0x08006e85   Thumb Code    34  usmart_str.o(.text)
    usmart_strcopy                           0x08006ea7   Thumb Code    22  usmart_str.o(.text)
    usmart_strlen                            0x08006ebd   Thumb Code    24  usmart_str.o(.text)
    usmart_pow                               0x08006ed5   Thumb Code    22  usmart_str.o(.text)
    usmart_str2num                           0x08006eeb   Thumb Code   202  usmart_str.o(.text)
    usmart_get_cmdname                       0x08006fb5   Thumb Code    54  usmart_str.o(.text)
    usmart_search_nextc                      0x08006feb   Thumb Code    22  usmart_str.o(.text)
    usmart_get_fname                         0x08007001   Thumb Code   440  usmart_str.o(.text)
    usmart_get_aparm                         0x080071b9   Thumb Code   200  usmart_str.o(.text)
    usmart_get_parmpos                       0x08007281   Thumb Code    26  usmart_str.o(.text)
    usmart_get_fparam                        0x0800729b   Thumb Code   262  usmart_str.o(.text)
    disk_initialize                          0x080073ad   Thumb Code    52  diskio.o(.text)
    disk_status                              0x080073e1   Thumb Code     6  diskio.o(.text)
    disk_read                                0x080073e7   Thumb Code   122  diskio.o(.text)
    disk_write                               0x08007461   Thumb Code   122  diskio.o(.text)
    disk_ioctl                               0x080074db   Thumb Code   170  diskio.o(.text)
    get_fattime                              0x08007585   Thumb Code     4  diskio.o(.text)
    ff_memalloc                              0x08007589   Thumb Code    14  diskio.o(.text)
    ff_memfree                               0x08007597   Thumb Code    14  diskio.o(.text)
    clust2sect                               0x0800775b   Thumb Code    26  ff.o(.text)
    get_fat                                  0x08007775   Thumb Code   232  ff.o(.text)
    put_fat                                  0x0800785d   Thumb Code   310  ff.o(.text)
    dir_sdi                                  0x08007b07   Thumb Code   158  ff.o(.text)
    f_mount                                  0x08008b79   Thumb Code    86  ff.o(.text)
    f_open                                   0x08008bcf   Thumb Code   384  ff.o(.text)
    f_read                                   0x08008d4f   Thumb Code   448  ff.o(.text)
    f_write                                  0x08008f0f   Thumb Code   490  ff.o(.text)
    f_sync                                   0x080090f9   Thumb Code   176  ff.o(.text)
    f_close                                  0x080091a9   Thumb Code    36  ff.o(.text)
    f_lseek                                  0x080091cd   Thumb Code   654  ff.o(.text)
    f_opendir                                0x0800945b   Thumb Code   136  ff.o(.text)
    f_closedir                               0x080094e3   Thumb Code    22  ff.o(.text)
    f_readdir                                0x080094f9   Thumb Code   114  ff.o(.text)
    f_stat                                   0x0800956b   Thumb Code    84  ff.o(.text)
    f_getfree                                0x080095bf   Thumb Code   258  ff.o(.text)
    f_truncate                               0x080096c1   Thumb Code   184  ff.o(.text)
    f_unlink                                 0x08009779   Thumb Code   194  ff.o(.text)
    f_mkdir                                  0x0800983b   Thumb Code   380  ff.o(.text)
    f_chmod                                  0x080099b7   Thumb Code   112  ff.o(.text)
    f_utime                                  0x08009a27   Thumb Code   110  ff.o(.text)
    f_rename                                 0x08009a95   Thumb Code   314  ff.o(.text)
    f_getlabel                               0x08009bcf   Thumb Code   190  ff.o(.text)
    f_setlabel                               0x08009c8d   Thumb Code   470  ff.o(.text)
    f_mkfs                                   0x08009e63   Thumb Code  1570  ff.o(.text)
    f_gets                                   0x0800a485   Thumb Code    82  ff.o(.text)
    f_putc                                   0x0800a51b   Thumb Code    64  ff.o(.text)
    f_puts                                   0x0800a55b   Thumb Code    74  ff.o(.text)
    f_printf                                 0x0800a5a5   Thumb Code   674  ff.o(.text)
    exfuns_init                              0x0800a849   Thumb Code   114  exfuns.o(.text)
    char_upper                               0x0800a8bb   Thumb Code    26  exfuns.o(.text)
    f_typetell                               0x0800a8d5   Thumb Code   172  exfuns.o(.text)
    exf_getfree                              0x0800a981   Thumb Code    74  exfuns.o(.text)
    mf_mount                                 0x0800a9e1   Thumb Code    20  fattester.o(.text)
    mf_open                                  0x0800a9f5   Thumb Code    24  fattester.o(.text)
    mf_close                                 0x0800aa0d   Thumb Code    14  fattester.o(.text)
    mf_read                                  0x0800aa1b   Thumb Code   224  fattester.o(.text)
    mf_write                                 0x0800aafb   Thumb Code    68  fattester.o(.text)
    mf_opendir                               0x0800ab3f   Thumb Code    14  fattester.o(.text)
    mf_closedir                              0x0800ab4d   Thumb Code    10  fattester.o(.text)
    mf_readdir                               0x0800ab57   Thumb Code   204  fattester.o(.text)
    mf_scan_files                            0x0800ac23   Thumb Code   120  fattester.o(.text)
    mf_showfree                              0x0800ac9b   Thumb Code    88  fattester.o(.text)
    mf_lseek                                 0x0800acf3   Thumb Code    16  fattester.o(.text)
    mf_tell                                  0x0800ad03   Thumb Code     8  fattester.o(.text)
    mf_size                                  0x0800ad0b   Thumb Code     8  fattester.o(.text)
    mf_mkdir                                 0x0800ad13   Thumb Code    12  fattester.o(.text)
    mf_fmkfs                                 0x0800ad1f   Thumb Code    20  fattester.o(.text)
    mf_unlink                                0x0800ad33   Thumb Code    12  fattester.o(.text)
    mf_rename                                0x0800ad3f   Thumb Code    16  fattester.o(.text)
    mf_getlabel                              0x0800ad4f   Thumb Code    58  fattester.o(.text)
    mf_setlabel                              0x0800ad89   Thumb Code    34  fattester.o(.text)
    mf_gets                                  0x0800adab   Thumb Code   698  fattester.o(.text)
    mf_putc                                  0x0800b065   Thumb Code    18  fattester.o(.text)
    mf_puts                                  0x0800b077   Thumb Code    18  fattester.o(.text)
    ff_convert                               0x0800b0a9   Thumb Code   116  cc936.o(.text)
    ff_wtoupper                              0x0800b11d   Thumb Code    46  cc936.o(.text)
    __aeabi_ldivmod                          0x0800b15d   Thumb Code    98  ldiv.o(.text)
    __aeabi_memcpy                           0x0800b1bf   Thumb Code    36  memcpya.o(.text)
    __aeabi_memcpy4                          0x0800b1bf   Thumb Code     0  memcpya.o(.text)
    __aeabi_memcpy8                          0x0800b1bf   Thumb Code     0  memcpya.o(.text)
    strlen                                   0x0800b1e3   Thumb Code    14  strlen.o(.text)
    strcmp                                   0x0800b1f1   Thumb Code    28  strcmp.o(.text)
    strcpy                                   0x0800b20d   Thumb Code    18  strcpy.o(.text)
    strncmp                                  0x0800b21f   Thumb Code    30  strncmp.o(.text)
    __aeabi_uidiv                            0x0800b23d   Thumb Code     0  uidiv.o(.text)
    __aeabi_uidivmod                         0x0800b23d   Thumb Code    44  uidiv.o(.text)
    __aeabi_uldivmod                         0x0800b269   Thumb Code    98  uldiv.o(.text)
    __I$use$fp                               0x0800b2cb   Thumb Code     0  iusefp.o(.text)
    __aeabi_dadd                             0x0800b2cb   Thumb Code   322  dadd.o(.text)
    __aeabi_dsub                             0x0800b40d   Thumb Code     6  dadd.o(.text)
    __aeabi_drsub                            0x0800b413   Thumb Code     6  dadd.o(.text)
    __aeabi_dmul                             0x0800b419   Thumb Code   228  dmul.o(.text)
    __aeabi_ddiv                             0x0800b4fd   Thumb Code   222  ddiv.o(.text)
    __aeabi_d2ulz                            0x0800b5db   Thumb Code    48  dfixul.o(.text)
    __aeabi_cdrcmple                         0x0800b60d   Thumb Code    48  cdrcmple.o(.text)
    __scatterload                            0x0800b63d   Thumb Code    28  init.o(.text)
    __scatterload_rt2                        0x0800b63d   Thumb Code     0  init.o(.text)
    __aeabi_llsl                             0x0800b661   Thumb Code    30  llshl.o(.text)
    _ll_shift_l                              0x0800b661   Thumb Code     0  llshl.o(.text)
    __aeabi_llsr                             0x0800b67f   Thumb Code    32  llushr.o(.text)
    _ll_ushift_r                             0x0800b67f   Thumb Code     0  llushr.o(.text)
    __aeabi_lasr                             0x0800b69f   Thumb Code    36  llsshr.o(.text)
    _ll_sshift_r                             0x0800b69f   Thumb Code     0  llsshr.o(.text)
    _double_round                            0x0800b6c3   Thumb Code    30  depilogue.o(.text)
    _double_epilogue                         0x0800b6e1   Thumb Code   156  depilogue.o(.text)
    __decompress                             0x0800b77d   Thumb Code     0  __dczerorl2.o(.text)
    __decompress1                            0x0800b77d   Thumb Code    86  __dczerorl2.o(.text)
    __0printf                                0x0800b7d5   Thumb Code    22  printfa.o(i.__0printf)
    __1printf                                0x0800b7d5   Thumb Code     0  printfa.o(i.__0printf)
    __2printf                                0x0800b7d5   Thumb Code     0  printfa.o(i.__0printf)
    __c89printf                              0x0800b7d5   Thumb Code     0  printfa.o(i.__0printf)
    printf                                   0x0800b7d5   Thumb Code     0  printfa.o(i.__0printf)
    __0vsprintf                              0x0800b7f5   Thumb Code    30  printfa.o(i.__0vsprintf)
    __1vsprintf                              0x0800b7f5   Thumb Code     0  printfa.o(i.__0vsprintf)
    __2vsprintf                              0x0800b7f5   Thumb Code     0  printfa.o(i.__0vsprintf)
    __c89vsprintf                            0x0800b7f5   Thumb Code     0  printfa.o(i.__0vsprintf)
    vsprintf                                 0x0800b7f5   Thumb Code     0  printfa.o(i.__0vsprintf)
    __scatterload_copy                       0x0800b819   Thumb Code    14  handlers.o(i.__scatterload_copy)
    __scatterload_null                       0x0800b827   Thumb Code     2  handlers.o(i.__scatterload_null)
    __scatterload_zeroinit                   0x0800b829   Thumb Code    14  handlers.o(i.__scatterload_zeroinit)
    free                                     0x0800c0d5   Thumb Code    76  malloc.o(i.free)
    memtblsize                               0x0800c124   Data          12  malloc.o(.constdata)
    memblksize                               0x0800c130   Data          12  malloc.o(.constdata)
    memsize                                  0x0800c13c   Data          12  malloc.o(.constdata)
    FILE_TYPE_TBL                            0x0800c184   Data         112  exfuns.o(.constdata)
    Region$$Table$$Base                      0x080371fc   Number         0  anon$$obj.o(Region$$Table)
    Region$$Table$$Limit                     0x0803721c   Number         0  anon$$obj.o(Region$$Table)
    mem3base                                 0x10000000   Data       61440  malloc.o(.ARM.__AT_0x10000000)
    mem3mapbase                              0x1000f000   Data        3840  malloc.o(.ARM.__AT_0x1000F000)
    fp                                       0x20000000   Data           4  main.o(.data)
    buffer                                   0x20000004   Data          13  main.o(.data)
    buffer2                                  0x20000011   Data           1  main.o(.data)
    ReadyFlag                                0x20000012   Data           1  main.o(.data)
    TimeFlag                                 0x20000014   Data           4  main.o(.data)
    TimeCounter                              0x20000018   Data           4  main.o(.data)
    SetVotalgeValue                          0x2000001c   Data           4  main.o(.data)
    BatteryAllowance                         0x20000020   Data           2  main.o(.data)
    ReturnFlag                               0x20000022   Data           1  main.o(.data)
    fixmode_tbl                              0x20000024   Data          16  main.o(.data)
    mem_perused                              0x20000034   Data           1  main.o(.data)
    Usart1rxlen                              0x20000035   Data           1  main.o(.data)
    Usart6rxlen                              0x20000036   Data           1  main.o(.data)
    ComaBackCommand                          0x20000037   Data           6  main.o(.data)
    ByteCounter                              0x20000040   Data           4  main.o(.data)
    SystemCoreClock                          0x20000044   Data           4  system_stm32f4xx.o(.data)
    AHBPrescTable                            0x20000048   Data          16  system_stm32f4xx.o(.data)
    MeteorBufCounter                         0x20000058   Data           2  meteorological.o(.data)
    NuclearBufCounter                        0x2000005a   Data           2  meteorological.o(.data)
    NuclearData_Status                       0x2000005c   Data           1  meteorological.o(.data)
    NuclearData_DataLength                   0x2000005d   Data           1  meteorological.o(.data)
    tempstatus                               0x2000005e   Data           1  meteorological.o(.data)
    W25QXX_TYPE                              0x20000060   Data           2  w25qxx.o(.data)
    TransferError                            0x2000006e   Data           1  sdio_sdcard.o(.data)
    TransferEnd                              0x2000006f   Data           1  sdio_sdcard.o(.data)
    tempbuff                                 0x20000070   Data           4  sdio_sdcard.o(.data)
    USART3_RX_STA                            0x20000074   Data           2  usart3.o(.data)
    TIM7_Counter                             0x20000078   Data           4  timer.o(.data)
    RS232_RX_CNT                             0x2000007c   Data           2  rs232.o(.data)
    Meteor_Status                            0x2000007e   Data           1  rs232.o(.data)
    BufferNumber0                            0x2000007f   Data           1  rs232.o(.data)
    BufferNumber1                            0x20000080   Data           1  rs232.o(.data)
    BufferFinishNumber                       0x20000081   Data           1  rs232.o(.data)
    BufferWorkNumber                         0x20000082   Data           1  rs232.o(.data)
    RS485_RX_CNT                             0x20000084   Data           2  rs485.o(.data)
    Rs485Meteor_Status                       0x20000086   Data           1  rs485.o(.data)
    Rs485BufferNumber0                       0x20000087   Data           1  rs485.o(.data)
    Rs485BufferNumber1                       0x20000088   Data           1  rs485.o(.data)
    Rs485BufferFinishNumber                  0x20000089   Data           1  rs485.o(.data)
    Rs485BufferWorkNumber                    0x2000008a   Data           1  rs485.o(.data)
    USART6_RX_STA                            0x20000090   Data           2  usart.o(.data)
    __stdout                                 0x20000094   Data           4  usart.o(.data)
    USART_RX_STA                             0x20000098   Data           2  usart.o(.data)
    mallco_dev                               0x200000ac   Data          36  malloc.o(.data)
    sys_cmd_tab                              0x200000d0   Data          28  usmart.o(.data)
    usmart_nametab                           0x200000ec   Data         216  usmart_config.o(.data)
    usmart_dev                               0x200001c4   Data         244  usmart_config.o(.data)
    FLASH_SECTOR_COUNT                       0x200002b8   Data           2  diskio.o(.data)
    file                                     0x200002bc   Data           4  exfuns.o(.data)
    ftemp                                    0x200002c0   Data           4  exfuns.o(.data)
    br                                       0x200002c4   Data           4  exfuns.o(.data)
    bw                                       0x200002c8   Data           4  exfuns.o(.data)
    fatbuf                                   0x200002cc   Data           4  exfuns.o(.data)
    __microlib_freelist                      0x200002d0   Data           4  mvars.o(.data)
    fileTXT                                  0x200002d4   Data         552  main.o(.bss)
    TXTdata2UartBuffer                       0x200004fc   Data        2000  main.o(.bss)
    USART1_TX_BUF                            0x20000ccc   Data         400  main.o(.bss)
    gpsx                                     0x20000e5c   Data         166  main.o(.bss)
    dtbuf                                    0x20000f04   Data          50  main.o(.bss)
    ReceiveBuf                               0x20000f38   Data        2000  meteorological.o(.bss)
    MeteorFIFOBuffer                         0x20001708   Data          16  meteorological.o(.bss)
    NuclearFIFOBuffer                        0x20001718   Data          16  meteorological.o(.bss)
    W25QXX_BUFFER                            0x20001728   Data        4096  w25qxx.o(.bss)
    SDIO_InitStructure                       0x20002728   Data          24  sdio_sdcard.o(.bss)
    SDIO_CmdInitStructure                    0x20002740   Data          20  sdio_sdcard.o(.bss)
    SDIO_DataInitStructure                   0x20002754   Data          24  sdio_sdcard.o(.bss)
    SDCardInfo                               0x20002790   Data          88  sdio_sdcard.o(.bss)
    SDIO_DATA_BUFFER                         0x200027e8   Data         512  sdio_sdcard.o(.bss)
    USART3_TX_BUF                            0x200029e8   Data         400  usart3.o(.bss)
    USART3_RX_BUF                            0x20002b78   Data         400  usart3.o(.bss)
    RS232_RX_BUF                             0x20002d08   Data        4000  rs232.o(.bss)
    RS485_RX_BUF                             0x20003ca8   Data        4000  rs485.o(.bss)
    USART_RX_BUF                             0x20004c48   Data         200  usart.o(.bss)
    USART6_RX_BUF                            0x20004d10   Data         200  usart.o(.bss)
    mem1base                                 0x20004de0   Data       102400  malloc.o(.bss)
    mem1mapbase                              0x2001dde0   Data        6400  malloc.o(.bss)
    fs                                       0x2001f6ec   Data          12  exfuns.o(.bss)
    fileinfo                                 0x2001f6f8   Data          32  exfuns.o(.bss)
    dir                                      0x2001f718   Data          36  exfuns.o(.bss)
    __initial_sp                             0x2001fb40   Data           0  startup_stm32f40_41xxx.o(STACK)
    mem2base                                 0x68000000   Data       983040  malloc.o(.ARM.__AT_0x68000000)
    mem2mapbase                              0x680f0000   Data       61440  malloc.o(.ARM.__AT_0x680F0000)



==============================================================================

Memory Map of the image

  Image Entry point : 0x08000189

  Load Region LR_IROM1 (Base: 0x08000000, Size: 0x000374f0, Max: 0x00080000, ABSOLUTE, COMPRESSED[0x0003735c])

    Execution Region ER_IROM1 (Base: 0x08000000, Size: 0x0003721c, Max: 0x00080000, ABSOLUTE)

    Base Addr    Size         Type   Attr      Idx    E Section Name        Object

    0x08000000   0x00000188   Data   RO          704    RESET               startup_stm32f40_41xxx.o
    0x08000188   0x00000000   Code   RO         1135  * .ARM.Collect$$$$00000000  mc_w.l(entry.o)
    0x08000188   0x00000004   Code   RO         1443    .ARM.Collect$$$$00000001  mc_w.l(entry2.o)
    0x0800018c   0x00000004   Code   RO         1446    .ARM.Collect$$$$00000004  mc_w.l(entry5.o)
    0x08000190   0x00000000   Code   RO         1448    .ARM.Collect$$$$00000008  mc_w.l(entry7b.o)
    0x08000190   0x00000000   Code   RO         1450    .ARM.Collect$$$$0000000A  mc_w.l(entry8b.o)
    0x08000190   0x00000008   Code   RO         1451    .ARM.Collect$$$$0000000B  mc_w.l(entry9a.o)
    0x08000198   0x00000000   Code   RO         1453    .ARM.Collect$$$$0000000D  mc_w.l(entry10a.o)
    0x08000198   0x00000000   Code   RO         1455    .ARM.Collect$$$$0000000F  mc_w.l(entry11a.o)
    0x08000198   0x00000004   Code   RO         1444    .ARM.Collect$$$$00002712  mc_w.l(entry2.o)
    0x0800019c   0x00000010   Code   RO          655    .emb_text           sys.o
    0x080001ac   0x0000067c   Code   RO            3    .text               main.o
    0x08000828   0x0000001a   Code   RO          226    .text               stm32f4xx_it.o
    0x08000842   0x00000002   PAD
    0x08000844   0x00000210   Code   RO          275    .text               system_stm32f4xx.o
    0x08000a54   0x00000328   Code   RO          301    .text               meteorological.o
    0x08000d7c   0x00000198   Code   RO          335    .text               fifo.o
    0x08000f14   0x0000003c   Code   RO          365    .text               led.o
    0x08000f50   0x00000118   Code   RO          406    .text               spi.o
    0x08001068   0x00000378   Code   RO          429    .text               w25qxx.o
    0x080013e0   0x00001d60   Code   RO          456    .text               sdio_sdcard.o
    0x08003140   0x00000188   Code   RO          483    .text               usart3.o
    0x080032c8   0x000000a0   Code   RO          520    .text               timer.o
    0x08003368   0x000001ac   Code   RO          578    .text               rs232.o
    0x08003514   0x0000023c   Code   RO          605    .text               rs485.o
    0x08003750   0x00000104   Code   RO          633    .text               delay.o
    0x08003854   0x000002e0   Code   RO          673    .text               usart.o
    0x08003b34   0x00000024   Code   RO          705    .text               startup_stm32f40_41xxx.o
    0x08003b58   0x000000e0   Code   RO          711    .text               misc.o
    0x08003c38   0x00000294   Code   RO          731    .text               stm32f4xx_gpio.o
    0x08003ecc   0x000001dc   Code   RO          774    .text               stm32f4xx_sdio.o
    0x080040a8   0x0000065c   Code   RO          794    .text               stm32f4xx_rcc.o
    0x08004704   0x00000454   Code   RO          836    .text               stm32f4xx_usart.o
    0x08004b58   0x000003a8   Code   RO          856    .text               stm32f4xx_dma.o
    0x08004f00   0x00000ca2   Code   RO          876    .text               stm32f4xx_tim.o
    0x08005ba2   0x00000002   PAD
    0x08005ba4   0x00000480   Code   RO          896    .text               stm32f4xx_spi.o
    0x08006024   0x0000022c   Code   RO          916    .text               malloc.o
    0x08006250   0x00000c34   Code   RO          948    .text               usmart.o
    0x08006e84   0x00000528   Code   RO          996    .text               usmart_str.o
    0x080073ac   0x00000200   Code   RO         1016    .text               diskio.o
    0x080075ac   0x0000329a   Code   RO         1040    .text               ff.o
    0x0800a846   0x00000002   PAD
    0x0800a848   0x00000198   Code   RO         1061    .text               exfuns.o
    0x0800a9e0   0x000006c8   Code   RO         1090    .text               fattester.o
    0x0800b0a8   0x000000b4   Code   RO         1112    .text               cc936.o
    0x0800b15c   0x00000062   Code   RO         1138    .text               mc_w.l(ldiv.o)
    0x0800b1be   0x00000024   Code   RO         1140    .text               mc_w.l(memcpya.o)
    0x0800b1e2   0x0000000e   Code   RO         1144    .text               mc_w.l(strlen.o)
    0x0800b1f0   0x0000001c   Code   RO         1146    .text               mc_w.l(strcmp.o)
    0x0800b20c   0x00000012   Code   RO         1148    .text               mc_w.l(strcpy.o)
    0x0800b21e   0x0000001e   Code   RO         1150    .text               mc_w.l(strncmp.o)
    0x0800b23c   0x0000002c   Code   RO         1457    .text               mc_w.l(uidiv.o)
    0x0800b268   0x00000062   Code   RO         1459    .text               mc_w.l(uldiv.o)
    0x0800b2ca   0x00000000   Code   RO         1463    .text               mc_w.l(iusefp.o)
    0x0800b2ca   0x0000014e   Code   RO         1464    .text               mf_w.l(dadd.o)
    0x0800b418   0x000000e4   Code   RO         1466    .text               mf_w.l(dmul.o)
    0x0800b4fc   0x000000de   Code   RO         1468    .text               mf_w.l(ddiv.o)
    0x0800b5da   0x00000030   Code   RO         1470    .text               mf_w.l(dfixul.o)
    0x0800b60a   0x00000002   PAD
    0x0800b60c   0x00000030   Code   RO         1472    .text               mf_w.l(cdrcmple.o)
    0x0800b63c   0x00000024   Code   RO         1474    .text               mc_w.l(init.o)
    0x0800b660   0x0000001e   Code   RO         1476    .text               mc_w.l(llshl.o)
    0x0800b67e   0x00000020   Code   RO         1478    .text               mc_w.l(llushr.o)
    0x0800b69e   0x00000024   Code   RO         1480    .text               mc_w.l(llsshr.o)
    0x0800b6c2   0x000000ba   Code   RO         1482    .text               mf_w.l(depilogue.o)
    0x0800b77c   0x00000056   Code   RO         1492    .text               mc_w.l(__dczerorl2.o)
    0x0800b7d2   0x00000002   PAD
    0x0800b7d4   0x00000020   Code   RO         1387    i.__0printf         mc_w.l(printfa.o)
    0x0800b7f4   0x00000024   Code   RO         1393    i.__0vsprintf       mc_w.l(printfa.o)
    0x0800b818   0x0000000e   Code   RO         1486    i.__scatterload_copy  mc_w.l(handlers.o)
    0x0800b826   0x00000002   Code   RO         1487    i.__scatterload_null  mc_w.l(handlers.o)
    0x0800b828   0x0000000e   Code   RO         1488    i.__scatterload_zeroinit  mc_w.l(handlers.o)
    0x0800b836   0x00000002   PAD
    0x0800b838   0x00000164   Code   RO         1394    i._fp_digits        mc_w.l(printfa.o)
    0x0800b99c   0x000006dc   Code   RO         1395    i._printf_core      mc_w.l(printfa.o)
    0x0800c078   0x00000024   Code   RO         1396    i._printf_post_padding  mc_w.l(printfa.o)
    0x0800c09c   0x0000002e   Code   RO         1397    i._printf_pre_padding  mc_w.l(printfa.o)
    0x0800c0ca   0x0000000a   Code   RO         1399    i._sputc            mc_w.l(printfa.o)
    0x0800c0d4   0x00000050   Code   RO         1415    i.free              mc_w.l(malloc.o)
    0x0800c124   0x00000024   Data   RO          922    .constdata          malloc.o
    0x0800c148   0x0000003a   Data   RO         1042    .constdata          ff.o
    0x0800c182   0x00000002   PAD
    0x0800c184   0x00000070   Data   RO         1063    .constdata          exfuns.o
    0x0800c1f4   0x0002acc8   Data   RO         1113    .constdata          cc936.o
    0x08036ebc   0x00000015   Data   RO            5    .conststring        main.o
    0x08036ed1   0x00000003   PAD
    0x08036ed4   0x00000028   Data   RO          949    .conststring        usmart.o
    0x08036efc   0x000002b9   Data   RO          972    .conststring        usmart_config.o
    0x080371b5   0x00000003   PAD
    0x080371b8   0x00000044   Data   RO         1064    .conststring        exfuns.o
    0x080371fc   0x00000020   Data   RO         1484    Region$$Table       anon$$obj.o


    Execution Region RW_IRAM1 (Base: 0x20000000, Size: 0x0001fb40, Max: 0x00020000, ABSOLUTE, COMPRESSED[0x00000140])

    Base Addr    Size         Type   Attr      Idx    E Section Name        Object

    0x20000000   0x00000044   Data   RW            6    .data               main.o
    0x20000044   0x00000014   Data   RW          276    .data               system_stm32f4xx.o
    0x20000058   0x00000007   Data   RW          303    .data               meteorological.o
    0x2000005f   0x00000001   PAD
    0x20000060   0x00000002   Data   RW          431    .data               w25qxx.o
    0x20000062   0x00000002   PAD
    0x20000064   0x00000010   Data   RW          458    .data               sdio_sdcard.o
    0x20000074   0x00000002   Data   RW          485    .data               usart3.o
    0x20000076   0x00000002   PAD
    0x20000078   0x00000004   Data   RW          521    .data               timer.o
    0x2000007c   0x00000007   Data   RW          580    .data               rs232.o
    0x20000083   0x00000001   PAD
    0x20000084   0x00000007   Data   RW          607    .data               rs485.o
    0x2000008b   0x00000001   PAD
    0x2000008c   0x00000004   Data   RW          634    .data               delay.o
    0x20000090   0x0000000a   Data   RW          675    .data               usart.o
    0x2000009a   0x00000010   Data   RW          795    .data               stm32f4xx_rcc.o
    0x200000aa   0x00000002   PAD
    0x200000ac   0x00000024   Data   RW          923    .data               malloc.o
    0x200000d0   0x0000001c   Data   RW          950    .data               usmart.o
    0x200000ec   0x000001cc   Data   RW          973    .data               usmart_config.o
    0x200002b8   0x00000002   Data   RW         1017    .data               diskio.o
    0x200002ba   0x00000002   Data   RW         1043    .data               ff.o
    0x200002bc   0x00000014   Data   RW         1065    .data               exfuns.o
    0x200002d0   0x00000004   Data   RW         1461    .data               mc_w.l(mvars.o)
    0x200002d4   0x00000c62   Zero   RW            4    .bss                main.o
    0x20000f36   0x00000002   PAD
    0x20000f38   0x000007f0   Zero   RW          302    .bss                meteorological.o
    0x20001728   0x00001000   Zero   RW          430    .bss                w25qxx.o
    0x20002728   0x000002c0   Zero   RW          457    .bss                sdio_sdcard.o
    0x200029e8   0x00000320   Zero   RW          484    .bss                usart3.o
    0x20002d08   0x00000fa0   Zero   RW          579    .bss                rs232.o
    0x20003ca8   0x00000fa0   Zero   RW          606    .bss                rs485.o
    0x20004c48   0x00000190   Zero   RW          674    .bss                usart.o
    0x20004dd8   0x00000008   PAD
    0x20004de0   0x0001a900   Zero   RW          921    .bss                malloc.o
    0x2001f6e0   0x0000000c   Zero   RW         1041    .bss                ff.o
    0x2001f6ec   0x00000050   Zero   RW         1062    .bss                exfuns.o
    0x2001f73c   0x00000004   PAD
    0x2001f740   0x00000400   Zero   RW          702    STACK               startup_stm32f40_41xxx.o



  Load Region LR$$.ARM.__AT_0x10000000 (Base: 0x10000000, Size: 0x00000000, Max: 0x0000f000, ABSOLUTE)

    Execution Region ER$$.ARM.__AT_0x10000000 (Base: 0x10000000, Size: 0x0000f000, Max: 0x0000f000, ABSOLUTE, UNINIT)

    Base Addr    Size         Type   Attr      Idx    E Section Name        Object

    0x10000000   0x0000f000   Zero   RW          917    .ARM.__AT_0x10000000  malloc.o



  Load Region LR$$.ARM.__AT_0x1000F000 (Base: 0x1000f000, Size: 0x00000000, Max: 0x00000f00, ABSOLUTE)

    Execution Region ER$$.ARM.__AT_0x1000F000 (Base: 0x1000f000, Size: 0x00000f00, Max: 0x00000f00, ABSOLUTE, UNINIT)

    Base Addr    Size         Type   Attr      Idx    E Section Name        Object

    0x1000f000   0x00000f00   Zero   RW          918    .ARM.__AT_0x1000F000  malloc.o



  Load Region LR$$.ARM.__AT_0x68000000 (Base: 0x68000000, Size: 0x00000000, Max: 0x000f0000, ABSOLUTE)

    Execution Region ER$$.ARM.__AT_0x68000000 (Base: 0x68000000, Size: 0x000f0000, Max: 0x000f0000, ABSOLUTE, UNINIT)

    Base Addr    Size         Type   Attr      Idx    E Section Name        Object

    0x68000000   0x000f0000   Zero   RW          919    .ARM.__AT_0x68000000  malloc.o



  Load Region LR$$.ARM.__AT_0x680F0000 (Base: 0x680f0000, Size: 0x00000000, Max: 0x0000f000, ABSOLUTE)

    Execution Region ER$$.ARM.__AT_0x680F0000 (Base: 0x680f0000, Size: 0x0000f000, Max: 0x0000f000, ABSOLUTE, UNINIT)

    Base Addr    Size         Type   Attr      Idx    E Section Name        Object

    0x680f0000   0x0000f000   Zero   RW          920    .ARM.__AT_0x680F0000  malloc.o


==============================================================================

Image component sizes


      Code (inc. data)   RO Data    RW Data    ZI Data      Debug   Object Name

       180         18     175304          0          0       2393   cc936.o
       260          8          0          4          0       1521   delay.o
       512          8          0          2          0       4418   diskio.o
       408         22        180         20         80       2872   exfuns.o
      1736        690          0          0          0       5788   fattester.o
     12954        136         58          2         12      36906   ff.o
       408          0          0          0          0       3394   fifo.o
        60          4          0          0          0        567   led.o
      1660        590         21         68       3170     321212   main.o
       556         18         36         36    1218560       5017   malloc.o
       808        110          0          7       2032       3983   meteorological.o
       224         20          0          0          0       1905   misc.o
       428         46          0          7       4000       2113   rs232.o
       572         54          0          7       4000       2489   rs485.o
      7520        282          0         16        704      25141   sdio_sdcard.o
       280          8          0          0          0       1101   spi.o
        36          8        392          0       1024        872   startup_stm32f40_41xxx.o
       936         32          0          0          0       6377   stm32f4xx_dma.o
       660         44          0          0          0       4181   stm32f4xx_gpio.o
        26          0          0          0          0       1266   stm32f4xx_it.o
      1628         52          0         16          0      13012   stm32f4xx_rcc.o
       476         16          0          0          0       7476   stm32f4xx_sdio.o
      1152         36          0          0          0       6929   stm32f4xx_spi.o
      3234         60          0          0          0      22384   stm32f4xx_tim.o
      1108         34          0          0          0       7880   stm32f4xx_usart.o
        16          0          0          0          0        532   sys.o
       528         46          0         20          0       1907   system_stm32f4xx.o
       160         18          0          4          0       1123   timer.o
       736         36          0         10        400       4439   usart.o
       392         26          0          2        800       2698   usart3.o
      3124       1286         40         28          0       4498   usmart.o
         0          0        697        460          0       1724   usmart_config.o
      1320         12          0          0          0       5249   usmart_str.o
       888         26          0          2       4096       4469   w25qxx.o

    ----------------------------------------------------------------------
     44992       3746     176768        720    1238892     517836   Object Totals
         0          0         32          0          0          0   (incl. Generated)
         6          0          8          9         14          0   (incl. Padding)

    ----------------------------------------------------------------------

      Code (inc. data)   RO Data    RW Data    ZI Data      Debug   Library Member Name

        86          0          0          0          0          0   __dczerorl2.o
         0          0          0          0          0          0   entry.o
         0          0          0          0          0          0   entry10a.o
         0          0          0          0          0          0   entry11a.o
         8          4          0          0          0          0   entry2.o
         4          0          0          0          0          0   entry5.o
         0          0          0          0          0          0   entry7b.o
         0          0          0          0          0          0   entry8b.o
         8          4          0          0          0          0   entry9a.o
        30          0          0          0          0          0   handlers.o
        36          8          0          0          0         68   init.o
         0          0          0          0          0          0   iusefp.o
        98          0          0          0          0         84   ldiv.o
        30          0          0          0          0         68   llshl.o
        36          0          0          0          0         68   llsshr.o
        32          0          0          0          0         68   llushr.o
        80          4          0          0          0         76   malloc.o
        36          0          0          0          0         68   memcpya.o
         0          0          0          4          0          0   mvars.o
      2272         96          0          0          0        592   printfa.o
        28          0          0          0          0         76   strcmp.o
        18          0          0          0          0         68   strcpy.o
        14          0          0          0          0         68   strlen.o
        30          0          0          0          0         80   strncmp.o
        44          0          0          0          0         80   uidiv.o
        98          0          0          0          0         92   uldiv.o
        48          0          0          0          0         68   cdrcmple.o
       334          0          0          0          0        148   dadd.o
       222          0          0          0          0        100   ddiv.o
       186          0          0          0          0        176   depilogue.o
        48          0          0          0          0         68   dfixul.o
       228          0          0          0          0         96   dmul.o

    ----------------------------------------------------------------------
      4060        116          0          4          0       2212   Library Totals
         6          0          0          0          0          0   (incl. Padding)

    ----------------------------------------------------------------------

      Code (inc. data)   RO Data    RW Data    ZI Data      Debug   Library Name

      2988        116          0          4          0       1556   mc_w.l
      1066          0          0          0          0        656   mf_w.l

    ----------------------------------------------------------------------
      4060        116          0          4          0       2212   Library Totals

    ----------------------------------------------------------------------

==============================================================================


      Code (inc. data)   RO Data    RW Data    ZI Data      Debug   

     49052       3862     176768        724    1238892     512436   Grand Totals
     49052       3862     176768        320    1238892     512436   ELF Image Totals (compressed)
     49052       3862     176768        320          0          0   ROM Totals

==============================================================================

    Total RO  Size (Code + RO Data)               225820 ( 220.53kB)
    Total RW  Size (RW Data + ZI Data)           1239616 (1210.56kB)
    Total ROM Size (Code + RO Data + RW Data)     226140 ( 220.84kB)

==============================================================================

