Component: ARM Compiler 5.05 update 1 (build 106) Tool: armlink [4d0efa]

==============================================================================

Section Cross References

    main.o(.text) refers to ff.o(.text) for f_write
    main.o(.text) refers to misc.o(.text) for NVIC_PriorityGroupConfig
    main.o(.text) refers to delay.o(.text) for delay_init
    main.o(.text) refers to usart.o(.text) for API_Uart6_init
    main.o(.text) refers to led.o(.text) for LED_Init
    main.o(.text) refers to rs232.o(.text) for RS232_Init
    main.o(.text) refers to rs485.o(.text) for RS485_Init
    main.o(.text) refers to timer.o(.text) for TIM7_Int_Init
    main.o(.text) refers to malloc.o(.text) for my_mem_init
    main.o(.text) refers to sdio_sdcard.o(.text) for SD_Init
    main.o(.text) refers to exfuns.o(.text) for exfuns_init
    main.o(.text) refers to printfa.o(i.__0printf) for __2printf
    main.o(.text) refers to fifo.o(.text) for fifo_alloc
    main.o(.text) refers to meteorological.o(.text) for CheckCommunication
    main.o(.text) refers to exfuns.o(.data) for bw
    main.o(.text) refers to main.o(.data) for fp
    main.o(.text) refers to main.o(.bss) for fileTXT
    main.o(.text) refers to exfuns.o(.bss) for fs
    main.o(.text) refers to meteorological.o(.bss) for NuclearFIFOBuffer
    main.o(.text) refers to rs485.o(.data) for RS485_RX_CNT
    main.o(.text) refers to usart.o(.data) for USART_RX_STA
    main.o(.text) refers to usart.o(.bss) for USART_RX_BUF
    main.o(.text) refers to rs232.o(.data) for BufferFinishNumber
    main.o(.text) refers to rs232.o(.bss) for RS232_RX_BUF
    main.o(.text) refers to meteorological.o(.data) for MeteorBufCounter
    main.o(.data) refers to main.o(.conststring) for .conststring
    system_stm32f4xx.o(.text) refers to system_stm32f4xx.o(.data) for SystemCoreClock
    meteorological.o(.text) refers to memcpya.o(.text) for __aeabi_memcpy4
    meteorological.o(.text) refers to rs485.o(.text) for RS485_Send_Data
    meteorological.o(.text) refers to delay.o(.text) for delay_ms
    meteorological.o(.text) refers to strncmp.o(.text) for strncmp
    meteorological.o(.text) refers to fifo.o(.text) for fifo_out
    meteorological.o(.text) refers to rs485.o(.data) for Rs485Meteor_Status
    meteorological.o(.text) refers to rs485.o(.bss) for RS485_RX_BUF
    meteorological.o(.text) refers to meteorological.o(.bss) for NuclearFIFOBuffer
    meteorological.o(.text) refers to meteorological.o(.data) for NuclearData_Status
    fifo.o(.text) refers to malloc.o(.text) for mymalloc
    fifo.o(.text) refers to malloc.o(i.free) for free
    fifo.o(.text) refers to memcpya.o(.text) for __aeabi_memcpy
    led.o(.text) refers to stm32f4xx_rcc.o(.text) for RCC_AHB1PeriphClockCmd
    led.o(.text) refers to stm32f4xx_gpio.o(.text) for GPIO_Init
    key.o(.text) refers to stm32f4xx_rcc.o(.text) for RCC_AHB1PeriphClockCmd
    key.o(.text) refers to stm32f4xx_gpio.o(.text) for GPIO_Init
    key.o(.text) refers to delay.o(.text) for delay_ms
    key.o(.text) refers to key.o(.data) for key_up
    spi.o(.text) refers to stm32f4xx_spi.o(.text) for SPI_I2S_GetFlagStatus
    spi.o(.text) refers to stm32f4xx_rcc.o(.text) for RCC_AHB1PeriphClockCmd
    spi.o(.text) refers to stm32f4xx_gpio.o(.text) for GPIO_Init
    w25qxx.o(.text) refers to spi.o(.text) for SPI1_ReadWriteByte
    w25qxx.o(.text) refers to stm32f4xx_rcc.o(.text) for RCC_AHB1PeriphClockCmd
    w25qxx.o(.text) refers to stm32f4xx_gpio.o(.text) for GPIO_Init
    w25qxx.o(.text) refers to delay.o(.text) for delay_us
    w25qxx.o(.text) refers to w25qxx.o(.data) for W25QXX_TYPE
    w25qxx.o(.text) refers to w25qxx.o(.bss) for W25QXX_BUFFER
    sdio_sdcard.o(.text) refers to stm32f4xx_sdio.o(.text) for SDIO_GetFlagStatus
    sdio_sdcard.o(.text) refers to sdio_sdcard.o(.data) for DeviceMode
    sdio_sdcard.o(.text) refers to sdio_sdcard.o(.bss) for SDIO_CmdInitStructure
    sdio_sdcard.o(.text) refers to stm32f4xx_rcc.o(.text) for RCC_AHB1PeriphClockCmd
    sdio_sdcard.o(.text) refers to stm32f4xx_gpio.o(.text) for GPIO_Init
    sdio_sdcard.o(.text) refers to misc.o(.text) for NVIC_Init
    sdio_sdcard.o(.text) refers to stm32f4xx_dma.o(.text) for DMA_GetCmdStatus
    sdio_sdcard.o(.text) refers to sys.o(.emb_text) for INTX_DISABLE
    sdio_sdcard.o(.text) refers to memcpya.o(.text) for __aeabi_memcpy
    usart3.o(.text) refers to stm32f4xx_usart.o(.text) for USART_GetITStatus
    usart3.o(.text) refers to stm32f4xx_tim.o(.text) for TIM_SetCounter
    usart3.o(.text) refers to stm32f4xx_rcc.o(.text) for RCC_AHB1PeriphClockCmd
    usart3.o(.text) refers to stm32f4xx_gpio.o(.text) for GPIO_PinAFConfig
    usart3.o(.text) refers to misc.o(.text) for NVIC_Init
    usart3.o(.text) refers to timer.o(.text) for TIM7_Int_Init
    usart3.o(.text) refers to printfa.o(i.__0vsprintf) for vsprintf
    usart3.o(.text) refers to strlen.o(.text) for strlen
    usart3.o(.text) refers to usart3.o(.data) for USART3_RX_STA
[...]
    .data                                    0x20000092   Section       16  stm32f4xx_rcc.o(.data)
    APBAHBPrescTable                         0x20000092   Data          16  stm32f4xx_rcc.o(.data)
    .data                                    0x200000a4   Section       36  malloc.o(.data)
    .data                                    0x200000c8   Section       28  usmart.o(.data)
    .data                                    0x200000e4   Section      460  usmart_config.o(.data)
    .data                                    0x200002b0   Section        2  diskio.o(.data)
    .data                                    0x200002b2   Section        2  ff.o(.data)
    Fsid                                     0x200002b2   Data           2  ff.o(.data)
    .data                                    0x200002b4   Section       20  exfuns.o(.data)
    .data                                    0x200002c8   Section        4  mvars.o(.data)
    .bss                                     0x200002cc   Section     3170  main.o(.bss)
    .bss                                     0x20000f30   Section     2032  meteorological.o(.bss)
    .bss                                     0x20001720   Section     4096  w25qxx.o(.bss)
    .bss                                     0x20002720   Section      704  sdio_sdcard.o(.bss)
    CSD_Tab                                  0x20002764   Data          16  sdio_sdcard.o(.bss)
    CID_Tab                                  0x20002774   Data          16  sdio_sdcard.o(.bss)
    .bss                                     0x200029e0   Section      800  usart3.o(.bss)
    .bss                                     0x20002d00   Section     4000  rs232.o(.bss)
    .bss                                     0x20003ca0   Section     4000  rs485.o(.bss)
    .bss                                     0x20004c40   Section      400  usart.o(.bss)
    .bss                                     0x20004de0   Section    108800  malloc.o(.bss)
    .bss                                     0x2001f6e0   Section       12  ff.o(.bss)
    FatFs                                    0x2001f6e0   Data          12  ff.o(.bss)
    .bss                                     0x2001f6ec   Section       80  exfuns.o(.bss)
    STACK                                    0x2001f740   Section     1024  startup_stm32f40_41xxx.o(STACK)
    .ARM.__AT_0x68000000                     0x68000000   Section    983040  malloc.o(.ARM.__AT_0x68000000)
    .ARM.__AT_0x680F0000                     0x680f0000   Section    61440  malloc.o(.ARM.__AT_0x680F0000)

    Global Symbols

    Symbol Name                              Value     Ov Type        Size  Object(Section)

    BuildAttributes$$THM_ISAv4$E$P$D$K$B$S$7EM$VFPi3$EXTD16$VFPS$VFMA$PE$A:L22UL41UL21$X:L11$S22US41US21$IEEE1$IW$USESV6$~STKCKD$USESV7$~SHL$OSPACE$ROPI$EBA8$MICROLIB$REQ8$PRES8$EABIv2 0x00000000   Number         0  anon$$obj.o ABSOLUTE
    __ARM_use_no_argv                        0x00000000   Number         0  main.o ABSOLUTE
    __use_no_errno                           0x00000000   Number         0  useno.o ABSOLUTE
    __use_no_exception_handling              0x00000000   Number         0  useno.o ABSOLUTE
    __use_no_fp                              0x00000000   Number         0  useno.o ABSOLUTE
    __use_no_heap                            0x00000000   Number         0  useno.o ABSOLUTE
    __use_no_heap_region                     0x00000000   Number         0  useno.o ABSOLUTE
    __use_no_semihosting                     0x00000000   Number         0  useno.o ABSOLUTE
    __use_no_semihosting_swi                 0x00000000   Number         0  useno.o ABSOLUTE
    __use_no_signal_handling                 0x00000000   Number         0  useno.o ABSOLUTE
    _printf_a                                0x00000000   Number         0  stubs.o ABSOLUTE
    _printf_c                                0x00000000   Number         0  stubs.o ABSOLUTE
    _printf_charcount                        0x00000000   Number         0  stubs.o ABSOLUTE
    _printf_d                                0x00000000   Number         0  stubs.o ABSOLUTE
    _printf_e                                0x00000000   Number         0  stubs.o ABSOLUTE
    _printf_f                                0x00000000   Number         0  stubs.o ABSOLUTE
    _printf_flags                            0x00000000   Number         0  stubs.o ABSOLUTE
    _printf_fp_dec                           0x00000000   Number         0  stubs.o ABSOLUTE
    _printf_fp_hex                           0x00000000   Number         0  stubs.o ABSOLUTE
    _printf_g                                0x00000000   Number         0  stubs.o ABSOLUTE
    _printf_i                                0x00000000   Number         0  stubs.o ABSOLUTE
    _printf_int_dec                          0x00000000   Number         0  stubs.o ABSOLUTE
    _printf_l                                0x00000000   Number         0  stubs.o ABSOLUTE
    _printf_lc                               0x00000000   Number         0  stubs.o ABSOLUTE
    _printf_ll                               0x00000000   Number         0  stubs.o ABSOLUTE
    _printf_lld                              0x00000000   Number         0  stubs.o ABSOLUTE
    _printf_lli                              0x00000000   Number         0  stubs.o ABSOLUTE
    _printf_llo                              0x00000000   Number         0  stubs.o ABSOLUTE
    _printf_llu                              0x00000000   Number         0  stubs.o ABSOLUTE
    _printf_llx                              0x00000000   Number         0  stubs.o ABSOLUTE
    _printf_longlong_dec                     0x00000000   Number         0  stubs.o ABSOLUTE
    _printf_longlong_hex                     0x00000000   Number         0  stubs.o ABSOLUTE
    _printf_longlong_oct                     0x00000000   Number         0  stubs.o ABSOLUTE
    _printf_ls                               0x00000000   Number         0  stubs.o ABSOLUTE
    _printf_mbtowc                           0x00000000   Number         0  stubs.o ABSOLUTE
    _printf_n                                0x00000000   Number         0  stubs.o ABSOLUTE
    _printf_o                                0x00000000   Number         0  stubs.o ABSOLUTE
    _printf_p                                0x00000000   Number         0  stubs.o ABSOLUTE
    _printf_percent                          0x00000000   Number         0  stubs.o ABSOLUTE
    _printf_pre_padding                      0x00000000   Number         0  stubs.o ABSOLUTE
    _printf_return_value                     0x00000000   Number         0  stubs.o ABSOLUTE
    _printf_s                                0x00000000   Number         0  stubs.o ABSOLUTE
    _printf_sizespec                         0x00000000   Number         0  stubs.o ABSOLUTE
    _printf_str                              0x00000000   Number         0  stubs.o ABSOLUTE
    _printf_truncate_signed                  0x00000000   Number         0  stubs.o ABSOLUTE
    _printf_truncate_unsigned                0x00000000   Number         0  stubs.o ABSOLUTE
    _printf_u                                0x00000000   Number         0  stubs.o ABSOLUTE
    _printf_wc                               0x00000000   Number         0  stubs.o ABSOLUTE
    _printf_wctomb                           0x00000000   Number         0  stubs.o ABSOLUTE
    _printf_widthprec                        0x00000000   Number         0  stubs.o ABSOLUTE
    _printf_x                                0x00000000   Number         0  stubs.o ABSOLUTE
    __cpp_initialize__aeabi_                  - Undefined Weak Reference
    __cxa_finalize                            - Undefined Weak Reference
    _clock_init                               - Undefined Weak Reference
    _microlib_exit                            - Undefined Weak Reference
    __Vectors_Size                           0x00000188   Number         0  startup_stm32f40_41xxx.o ABSOLUTE
    __Vectors                                0x08000000   Data           4  startup_stm32f40_41xxx.o(RESET)
    __Vectors_End                            0x08000188   Data           0  startup_stm32f40_41xxx.o(RESET)
    __main                                   0x08000189   Thumb Code     0  entry.o(.ARM.Collect$$$$00000000)
    _main_stk                                0x08000189   Thumb Code     0  entry2.o(.ARM.Collect$$$$00000001)
    _main_scatterload                        0x0800018d   Thumb Code     0  entry5.o(.ARM.Collect$$$$00000004)
    __main_after_scatterload                 0x08000191   Thumb Code     0  entry5.o(.ARM.Collect$$$$00000004)
    _main_clock                              0x08000191   Thumb Code     0  entry7b.o(.ARM.Collect$$$$00000008)
    _main_cpp_init                           0x08000191   Thumb Code     0  entry8b.o(.ARM.Collect$$$$0000000A)
    _main_init                               0x08000191   Thumb Code     0  entry9a.o(.ARM.Collect$$$$0000000B)
    __rt_final_cpp                           0x08000199   Thumb Code     0  entry10a.o(.ARM.Collect$$$$0000000D)
    __rt_final_exit                          0x08000199   Thumb Code     0  entry11a.o(.ARM.Collect$$$$0000000F)
    WFI_SET                                  0x0800019d   Thumb Code     2  sys.o(.emb_text)
    INTX_DISABLE                             0x0800019f   Thumb Code     4  sys.o(.emb_text)
    INTX_ENABLE                              0x080001a3   Thumb Code     4  sys.o(.emb_text)
    MSR_MSP                                  0x080001a7   Thumb Code     6  sys.o(.emb_text)
    PutData2TXT                              0x080001ad   Thumb Code    50  main.o(.text)
    main                                     0x080001df   Thumb Code   722  main.o(.text)
    PutTXTdata2Uart                          0x080004b1   Thumb Code   108  main.o(.text)
    PutTXTdata2TFCardTest                    0x0800051d   Thumb Code   706  main.o(.text)
    NMI_Handler                              0x080007df   Thumb Code     2  stm32f4xx_it.o(.text)
    HardFault_Handler                        0x080007e1   Thumb Code     4  stm32f4xx_it.o(.text)
    MemManage_Handler                        0x080007e5   Thumb Code     4  stm32f4xx_it.o(.text)
    BusFault_Handler                         0x080007e9   Thumb Code     4  stm32f4xx_it.o(.text)
    UsageFault_Handler                       0x080007ed   Thumb Code     4  stm32f4xx_it.o(.text)
    SVC_Handler                              0x080007f1   Thumb Code     2  stm32f4xx_it.o(.text)
    DebugMon_Handler                         0x080007f3   Thumb Code     2  stm32f4xx_it.o(.text)
    PendSV_Handler                           0x080007f5   Thumb Code     2  stm32f4xx_it.o(.text)
    SysTick_Handler                          0x080007f7   Thumb Code     2  stm32f4xx_it.o(.text)
    SystemInit                               0x080008d5   Thumb Code    88  system_stm32f4xx.o(.text)
    SystemCoreClockUpdate                    0x0800092d   Thumb Code   174  system_stm32f4xx.o(.text)
    itoa                                     0x08000a09   Thumb Code   150  meteorological.o(.text)
    CheckCommunication                       0x08000a9f   Thumb Code   118  meteorological.o(.text)
    SetVoltage                               0x08000b15   Thumb Code    20  meteorological.o(.text)
    StartMea                                 0x08000b29   Thumb Code    18  meteorological.o(.text)
    StopMea                                  0x08000b3b   Thumb Code    82  meteorological.o(.text)
    ReadMeteorVal                            0x08000b8d   Thumb Code    28  meteorological.o(.text)
    NuclearGetData                           0x08000ba9   Thumb Code   202  meteorological.o(.text)
    fifo_used                                0x08000cdd   Thumb Code    10  fifo.o(.text)
    fifo_alloc                               0x08000ce7   Thumb Code    70  fifo.o(.text)
    fifo_free                                0x08000d2d   Thumb Code    22  fifo.o(.text)
    fifo_init                                0x08000d43   Thumb Code    42  fifo.o(.text)
    fifo_in                                  0x08000db1   Thumb Code    56  fifo.o(.text)
    fifo_out_peek                            0x08000e2f   Thumb Code    40  fifo.o(.text)
    fifo_out                                 0x08000e57   Thumb Code    30  fifo.o(.text)
    LED_Init                                 0x08000e75   Thumb Code    56  led.o(.text)
    SPI1_ReadWriteByte                       0x08000eb1   Thumb Code    50  spi.o(.text)
    SPI1_Init                                0x08000ee3   Thumb Code   186  spi.o(.text)
    SPI1_SetSpeed                            0x08000f9d   Thumb Code    36  spi.o(.text)
    W25QXX_ReadID                            0x08000fc9   Thumb Code    64  w25qxx.o(.text)
    W25QXX_Init                              0x08001009   Thumb Code   102  w25qxx.o(.text)
    W25QXX_ReadSR                            0x0800106f   Thumb Code    36  w25qxx.o(.text)
    W25QXX_Write_SR                          0x08001093   Thumb Code    32  w25qxx.o(.text)
    W25QXX_Write_Enable                      0x080010b3   Thumb Code    24  w25qxx.o(.text)
    W25QXX_Write_Disable                     0x080010cb   Thumb Code    24  w25qxx.o(.text)
    W25QXX_Read                              0x080010e3   Thumb Code    74  w25qxx.o(.text)
    W25QXX_Wait_Busy                         0x0800112d   Thumb Code    18  w25qxx.o(.text)
    W25QXX_Write_Page                        0x0800113f   Thumb Code    80  w25qxx.o(.text)
    W25QXX_Write_NoCheck                     0x0800118f   Thumb Code    70  w25qxx.o(.text)
    W25QXX_Erase_Sector                      0x080011d5   Thumb Code    62  w25qxx.o(.text)
    W25QXX_Write                             0x08001213   Thumb Code   180  w25qxx.o(.text)
    W25QXX_Erase_Chip                        0x080012c7   Thumb Code    36  w25qxx.o(.text)
    W25QXX_PowerDown                         0x080012eb   Thumb Code    30  w25qxx.o(.text)
    W25QXX_WAKEUP                            0x08001309   Thumb Code    30  w25qxx.o(.text)
    SDIO_Register_Deinit                     0x08001341   Thumb Code    48  sdio_sdcard.o(.text)
    SD_SetDeviceMode                         0x08001371   Thumb Code    20  sdio_sdcard.o(.text)
    SDIO_Clock_Set                           0x08001385   Thumb Code    18  sdio_sdcard.o(.text)
    CmdResp1Error                            0x08001397   Thumb Code    96  sdio_sdcard.o(.text)
    FindSCR                                  0x080013f7   Thumb Code   390  sdio_sdcard.o(.text)
    SDEnWideBus                              0x0800157d   Thumb Code   160  sdio_sdcard.o(.text)
    SD_EnableWideBusOperation                0x0800161d   Thumb Code    98  sdio_sdcard.o(.text)
    SD_SelectDeselect                        0x0800167f   Thumb Code    42  sdio_sdcard.o(.text)
    SD_GetCardInfo                           0x080016a9   Thumb Code   806  sdio_sdcard.o(.text)
    CmdResp2Error                            0x080019cf   Thumb Code    80  sdio_sdcard.o(.text)
    CmdResp6Error                            0x08001a1f   Thumb Code   144  sdio_sdcard.o(.text)
    SD_InitializeCards                       0x08001aaf   Thumb Code   354  sdio_sdcard.o(.text)
    CmdResp3Error                            0x08001c11   Thumb Code    52  sdio_sdcard.o(.text)
    CmdResp7Error                            0x08001c45   Thumb Code    72  sdio_sdcard.o(.text)
    CmdError                                 0x08001c8d   Thumb Code    48  sdio_sdcard.o(.text)
    SD_PowerON                               0x08001cbd   Thumb Code   460  sdio_sdcard.o(.text)
    SD_Init                                  0x08001e89   Thumb Code   334  sdio_sdcard.o(.text)
    SD_PowerOFF                              0x08001fd7   Thumb Code    12  sdio_sdcard.o(.text)
    SD_DMA_Config                            0x08001fe3   Thumb Code   118  sdio_sdcard.o(.text)
    convert_from_bytes_to_power_of_two       0x08002059   Thumb Code    18  sdio_sdcard.o(.text)
    SD_ReadBlock                             0x0800206b   Thumb Code   578  sdio_sdcard.o(.text)
    SD_ReadMultiBlocks                       0x080022ad   Thumb Code   762  sdio_sdcard.o(.text)
    IsCardProgramming                        0x080025a7   Thumb Code   150  sdio_sdcard.o(.text)
    SD_WriteBlock                            0x0800263d   Thumb Code   914  sdio_sdcard.o(.text)
    SD_WriteMultiBlocks                      0x080029cf   Thumb Code   976  sdio_sdcard.o(.text)
    SD_ProcessIRQSrc                         0x08002d9f   Thumb Code   322  sdio_sdcard.o(.text)
    SDIO_IRQHandler                          0x08002ee1   Thumb Code     8  sdio_sdcard.o(.text)
    SD_SendStatus                            0x08002ee9   Thumb Code    74  sdio_sdcard.o(.text)
    SD_GetState                              0x08002f33   Thumb Code    26  sdio_sdcard.o(.text)
    SD_ReadDisk                              0x08002f4d   Thumb Code   188  sdio_sdcard.o(.text)
    SD_WriteDisk                             0x08003009   Thumb Code   148  sdio_sdcard.o(.text)
    USART3_IRQHandler                        0x080030a1   Thumb Code    96  usart3.o(.text)
    usart3_init                              0x08003101   Thumb Code   198  usart3.o(.text)
    u3_printf                                0x080031c7   Thumb Code    72  usart3.o(.text)
    TIM7_IRQHandler                          0x08003229   Thumb Code    56  timer.o(.text)
    TIM7_Int_Init                            0x08003261   Thumb Code    86  timer.o(.text)
    USART2_IRQHandler                        0x080032c9   Thumb Code   192  rs232.o(.text)
    RS232_Init                               0x08003389   Thumb Code   190  rs232.o(.text)
    UART4_IRQHandler                         0x08003475   Thumb Code   204  rs485.o(.text)
    RS485_Init                               0x08003541   Thumb Code   226  rs485.o(.text)
    RS485_Send_Data                          0x08003623   Thumb Code    74  rs485.o(.text)
    delay_init                               0x0800369d   Thumb Code    52  delay.o(.text)
    delay_us                                 0x080036d1   Thumb Code    72  delay.o(.text)
    delay_xms                                0x08003719   Thumb Code    72  delay.o(.text)
    delay_ms                                 0x08003761   Thumb Code    56  delay.o(.text)
    _sys_exit                                0x080037a1   Thumb Code     4  usart.o(.text)
    fputc                                    0x080037a5   Thumb Code    22  usart.o(.text)
    uart_init                                0x080037bb   Thumb Code   192  usart.o(.text)
    USART1_IRQHandler                        0x0800387b   Thumb Code   122  usart.o(.text)
    API_Uart6_init                           0x080038f5   Thumb Code   182  usart.o(.text)
    USART6_IRQHandler                        0x080039ab   Thumb Code   122  usart.o(.text)
    APIUsart6_Send_Data                      0x08003a25   Thumb Code    56  usart.o(.text)
    Reset_Handler                            0x08003a81   Thumb Code     8  startup_stm32f40_41xxx.o(.text)
    ADC_IRQHandler                           0x08003a9b   Thumb Code     0  startup_stm32f40_41xxx.o(.text)
    CAN1_RX0_IRQHandler                      0x08003a9b   Thumb Code     0  startup_stm32f40_41xxx.o(.text)
    CAN1_RX1_IRQHandler                      0x08003a9b   Thumb Code     0  startup_stm32f40_41xxx.o(.text)
    CAN1_SCE_IRQHandler                      0x08003a9b   Thumb Code     0  startup_stm32f40_41xxx.o(.text)
    CAN1_TX_IRQHandler                       0x08003a9b   Thumb Code     0  startup_stm32f40_41xxx.o(.text)
    CAN2_RX0_IRQHandler                      0x08003a9b   Thumb Code     0  startup_stm32f40_41xxx.o(.text)
    CAN2_RX1_IRQHandler                      0x08003a9b   Thumb Code     0  startup_stm32f40_41xxx.o(.text)
    CAN2_SCE_IRQHandler                      0x08003a9b   Thumb Code     0  startup_stm32f40_41xxx.o(.text)
    CAN2_TX_IRQHandler                       0x08003a9b   Thumb Code     0  startup_stm32f40_41xxx.o(.text)
    CRYP_IRQHandler                          0x08003a9b   Thumb Code     0  startup_stm32f40_41xxx.o(.text)
    DCMI_IRQHandler                          0x08003a9b   Thumb Code     0  startup_stm32f40_41xxx.o(.text)
    DMA1_Stream0_IRQHandler                  0x08003a9b   Thumb Code     0  startup_stm32f40_41xxx.o(.text)
    DMA1_Stream1_IRQHandler                  0x08003a9b   Thumb Code     0  startup_stm32f40_41xxx.o(.text)
    DMA1_Stream2_IRQHandler                  0x08003a9b   Thumb Code     0  startup_stm32f40_41xxx.o(.text)
    DMA1_Stream3_IRQHandler                  0x08003a9b   Thumb Code     0  startup_stm32f40_41xxx.o(.text)
    DMA1_Stream4_IRQHandler                  0x08003a9b   Thumb Code     0  startup_stm32f40_41xxx.o(.text)
    DMA1_Stream5_IRQHandler                  0x08003a9b   Thumb Code     0  startup_stm32f40_41xxx.o(.text)
    DMA1_Stream6_IRQHandler                  0x08003a9b   Thumb Code     0  startup_stm32f40_41xxx.o(.text)
    DMA1_Stream7_IRQHandler                  0x08003a9b   Thumb Code     0  startup_stm32f40_41xxx.o(.text)
    DMA2_Stream0_IRQHandler                  0x08003a9b   Thumb Code     0  startup_stm32f40_41xxx.o(.text)
    DMA2_Stream1_IRQHandler                  0x08003a9b   Thumb Code     0  startup_stm32f40_41xxx.o(.text)
    DMA2_Stream2_IRQHandler                  0x08003a9b   Thumb Code     0  startup_stm32f40_41xxx.o(.text)
    DMA2_Stream3_IRQHandler                  0x08003a9b   Thumb Code     0  startup_stm32f40_41xxx.o(.text)
    DMA2_Stream4_IRQHandler                  0x08003a9b   Thumb Code     0  startup_stm32f40_41xxx.o(.text)
    DMA2_Stream5_IRQHandler                  0x08003a9b   Thumb Code     0  startup_stm32f40_41xxx.o(.text)
    DMA2_Stream6_IRQHandler                  0x08003a9b   Thumb Code     0  startup_stm32f40_41xxx.o(.text)
    DMA2_Stream7_IRQHandler                  0x08003a9b   Thumb Code     0  startup_stm32f40_41xxx.o(.text)
    ETH_IRQHandler                           0x08003a9b   Thumb Code     0  startup_stm32f40_41xxx.o(.text)
    ETH_WKUP_IRQHandler                      0x08003a9b   Thumb Code     0  startup_stm32f40_41xxx.o(.text)
    EXTI0_IRQHandler                         0x08003a9b   Thumb Code     0  startup_stm32f40_41xxx.o(.text)
    EXTI15_10_IRQHandler                     0x08003a9b   Thumb Code     0  startup_stm32f40_41xxx.o(.text)
    EXTI1_IRQHandler                         0x08003a9b   Thumb Code     0  startup_stm32f40_41xxx.o(.text)
    EXTI2_IRQHandler                         0x08003a9b   Thumb Code     0  startup_stm32f40_41xxx.o(.text)
    EXTI3_IRQHandler                         0x08003a9b   Thumb Code     0  startup_stm32f40_41xxx.o(.text)
    EXTI4_IRQHandler                         0x08003a9b   Thumb Code     0  startup_stm32f40_41xxx.o(.text)
    EXTI9_5_IRQHandler                       0x08003a9b   Thumb Code     0  startup_stm32f40_41xxx.o(.text)
    FLASH_IRQHandler                         0x08003a9b   Thumb Code     0  startup_stm32f40_41xxx.o(.text)
    FPU_IRQHandler                           0x08003a9b   Thumb Code     0  startup_stm32f40_41xxx.o(.text)
    FSMC_IRQHandler                          0x08003a9b   Thumb Code     0  startup_stm32f40_41xxx.o(.text)
    HASH_RNG_IRQHandler                      0x08003a9b   Thumb Code     0  startup_stm32f40_41xxx.o(.text)
    I2C1_ER_IRQHandler                       0x08003a9b   Thumb Code     0  startup_stm32f40_41xxx.o(.text)
    I2C1_EV_IRQHandler                       0x08003a9b   Thumb Code     0  startup_stm32f40_41xxx.o(.text)
    I2C2_ER_IRQHandler                       0x08003a9b   Thumb Code     0  startup_stm32f40_41xxx.o(.text)
    I2C2_EV_IRQHandler                       0x08003a9b   Thumb Code     0  startup_stm32f40_41xxx.o(.text)
    I2C3_ER_IRQHandler                       0x08003a9b   Thumb Code     0  startup_stm32f40_41xxx.o(.text)
    I2C3_EV_IRQHandler                       0x08003a9b   Thumb Code     0  startup_stm32f40_41xxx.o(.text)
    OTG_FS_IRQHandler                        0x08003a9b   Thumb Code     0  startup_stm32f40_41xxx.o(.text)
    OTG_FS_WKUP_IRQHandler                   0x08003a9b   Thumb Code     0  startup_stm32f40_41xxx.o(.text)
    OTG_HS_EP1_IN_IRQHandler                 0x08003a9b   Thumb Code     0  startup_stm32f40_41xxx.o(.text)
    OTG_HS_EP1_OUT_IRQHandler                0x08003a9b   Thumb Code     0  startup_stm32f40_41xxx.o(.text)
    OTG_HS_IRQHandler                        0x08003a9b   Thumb Code     0  startup_stm32f40_41xxx.o(.text)
    OTG_HS_WKUP_IRQHandler                   0x08003a9b   Thumb Code     0  startup_stm32f40_41xxx.o(.text)
    PVD_IRQHandler                           0x08003a9b   Thumb Code     0  startup_stm32f40_41xxx.o(.text)
    RCC_IRQHandler                           0x08003a9b   Thumb Code     0  startup_stm32f40_41xxx.o(.text)
    RTC_Alarm_IRQHandler                     0x08003a9b   Thumb Code     0  startup_stm32f40_41xxx.o(.text)
    RTC_WKUP_IRQHandler                      0x08003a9b   Thumb Code     0  startup_stm32f40_41xxx.o(.text)
    SPI1_IRQHandler                          0x08003a9b   Thumb Code     0  startup_stm32f40_41xxx.o(.text)
    SPI2_IRQHandler                          0x08003a9b   Thumb Code     0  startup_stm32f40_41xxx.o(.text)
    SPI3_IRQHandler                          0x08003a9b   Thumb Code     0  startup_stm32f40_41xxx.o(.text)
    TAMP_STAMP_IRQHandler                    0x08003a9b   Thumb Code     0  startup_stm32f40_41xxx.o(.text)
    TIM1_BRK_TIM9_IRQHandler                 0x08003a9b   Thumb Code     0  startup_stm32f40_41xxx.o(.text)
    TIM1_CC_IRQHandler                       0x08003a9b   Thumb Code     0  startup_stm32f40_41xxx.o(.text)
    TIM1_TRG_COM_TIM11_IRQHandler            0x08003a9b   Thumb Code     0  startup_stm32f40_41xxx.o(.text)
    TIM1_UP_TIM10_IRQHandler                 0x08003a9b   Thumb Code     0  startup_stm32f40_41xxx.o(.text)
    TIM2_IRQHandler                          0x08003a9b   Thumb Code     0  startup_stm32f40_41xxx.o(.text)
    TIM3_IRQHandler                          0x08003a9b   Thumb Code     0  startup_stm32f40_41xxx.o(.text)
    TIM5_IRQHandler                          0x08003a9b   Thumb Code     0  startup_stm32f40_41xxx.o(.text)
    TIM6_DAC_IRQHandler                      0x08003a9b   Thumb Code     0  startup_stm32f40_41xxx.o(.text)
    TIM8_BRK_TIM12_IRQHandler                0x08003a9b   Thumb Code     0  startup_stm32f40_41xxx.o(.text)
    TIM8_CC_IRQHandler                       0x08003a9b   Thumb Code     0  startup_stm32f40_41xxx.o(.text)
    TIM8_TRG_COM_TIM14_IRQHandler            0x08003a9b   Thumb Code     0  startup_stm32f40_41xxx.o(.text)
    TIM8_UP_TIM13_IRQHandler                 0x08003a9b   Thumb Code     0  startup_stm32f40_41xxx.o(.text)
    UART5_IRQHandler                         0x08003a9b   Thumb Code     0  startup_stm32f40_41xxx.o(.text)
    WWDG_IRQHandler                          0x08003a9b   Thumb Code     0  startup_stm32f40_41xxx.o(.text)
    NVIC_PriorityGroupConfig                 0x08003aa5   Thumb Code    10  misc.o(.text)
    NVIC_Init                                0x08003aaf   Thumb Code   106  misc.o(.text)
    NVIC_SetVectorTable                      0x08003b19   Thumb Code    14  misc.o(.text)
    NVIC_SystemLPConfig                      0x08003b27   Thumb Code    34  misc.o(.text)
    SysTick_CLKSourceConfig                  0x08003b49   Thumb Code    40  misc.o(.text)
    GPIO_DeInit                              0x08003b85   Thumb Code   268  stm32f4xx_gpio.o(.text)
    GPIO_Init                                0x08003c91   Thumb Code   144  stm32f4xx_gpio.o(.text)
    GPIO_StructInit                          0x08003d21   Thumb Code    18  stm32f4xx_gpio.o(.text)
    GPIO_PinLockConfig                       0x08003d33   Thumb Code    34  stm32f4xx_gpio.o(.text)
    GPIO_ReadInputDataBit                    0x08003d55   Thumb Code    18  stm32f4xx_gpio.o(.text)
    GPIO_ReadInputData                       0x08003d67   Thumb Code     8  stm32f4xx_gpio.o(.text)
    GPIO_ReadOutputDataBit                   0x08003d6f   Thumb Code    18  stm32f4xx_gpio.o(.text)
    GPIO_ReadOutputData                      0x08003d81   Thumb Code     8  stm32f4xx_gpio.o(.text)
    GPIO_SetBits                             0x08003d89   Thumb Code     4  stm32f4xx_gpio.o(.text)
    GPIO_ResetBits                           0x08003d8d   Thumb Code     4  stm32f4xx_gpio.o(.text)
    GPIO_WriteBit                            0x08003d91   Thumb Code    10  stm32f4xx_gpio.o(.text)
    GPIO_Write                               0x08003d9b   Thumb Code     4  stm32f4xx_gpio.o(.text)
    GPIO_ToggleBits                          0x08003d9f   Thumb Code     8  stm32f4xx_gpio.o(.text)
    GPIO_PinAFConfig                         0x08003da7   Thumb Code    70  stm32f4xx_gpio.o(.text)
    SDIO_DeInit                              0x08003e19   Thumb Code    22  stm32f4xx_sdio.o(.text)
    SDIO_Init                                0x08003e2f   Thumb Code    42  stm32f4xx_sdio.o(.text)
    SDIO_StructInit                          0x08003e59   Thumb Code    16  stm32f4xx_sdio.o(.text)
    SDIO_ClockCmd                            0x08003e69   Thumb Code     6  stm32f4xx_sdio.o(.text)
    SDIO_SetPowerState                       0x08003e6f   Thumb Code     8  stm32f4xx_sdio.o(.text)
    SDIO_GetPowerState                       0x08003e77   Thumb Code    12  stm32f4xx_sdio.o(.text)
    SDIO_SendCommand                         0x08003e83   Thumb Code    42  stm32f4xx_sdio.o(.text)
    SDIO_CmdStructInit                       0x08003ead   Thumb Code    14  stm32f4xx_sdio.o(.text)
    SDIO_GetCommandResponse                  0x08003ebb   Thumb Code    10  stm32f4xx_sdio.o(.text)
    SDIO_GetResponse                         0x08003ec5   Thumb Code    22  stm32f4xx_sdio.o(.text)
    SDIO_DataConfig                          0x08003edb   Thumb Code    48  stm32f4xx_sdio.o(.text)
    SDIO_DataStructInit                      0x08003f0b   Thumb Code    20  stm32f4xx_sdio.o(.text)
    SDIO_GetDataCounter                      0x08003f1f   Thumb Code     8  stm32f4xx_sdio.o(.text)
    SDIO_ReadData                            0x08003f27   Thumb Code     8  stm32f4xx_sdio.o(.text)
    SDIO_WriteData                           0x08003f2f   Thumb Code     8  stm32f4xx_sdio.o(.text)
    SDIO_GetFIFOCount                        0x08003f37   Thumb Code     8  stm32f4xx_sdio.o(.text)
    SDIO_StartSDIOReadWait                   0x08003f3f   Thumb Code     6  stm32f4xx_sdio.o(.text)
    SDIO_StopSDIOReadWait                    0x08003f45   Thumb Code     8  stm32f4xx_sdio.o(.text)
    SDIO_SetSDIOReadWaitMode                 0x08003f4d   Thumb Code     8  stm32f4xx_sdio.o(.text)
    SDIO_SetSDIOOperation                    0x08003f55   Thumb Code     8  stm32f4xx_sdio.o(.text)
    SDIO_SendSDIOSuspendCmd                  0x08003f5d   Thumb Code     6  stm32f4xx_sdio.o(.text)
    SDIO_CommandCompletionCmd                0x08003f63   Thumb Code     8  stm32f4xx_sdio.o(.text)
    SDIO_CEATAITCmd                          0x08003f6b   Thumb Code    12  stm32f4xx_sdio.o(.text)
    SDIO_SendCEATACmd                        0x08003f77   Thumb Code     8  stm32f4xx_sdio.o(.text)
    SDIO_DMACmd                              0x08003f7f   Thumb Code     8  stm32f4xx_sdio.o(.text)
    SDIO_ITConfig                            0x08003f87   Thumb Code    34  stm32f4xx_sdio.o(.text)
    SDIO_GetFlagStatus                       0x08003fa9   Thumb Code    22  stm32f4xx_sdio.o(.text)
    SDIO_ClearFlag                           0x08003fbf   Thumb Code     8  stm32f4xx_sdio.o(.text)
    SDIO_GetITStatus                         0x08003fc7   Thumb Code    22  stm32f4xx_sdio.o(.text)
    SDIO_ClearITPendingBit                   0x08003fdd   Thumb Code     8  stm32f4xx_sdio.o(.text)
    RCC_DeInit                               0x08003ff5   Thumb Code    82  stm32f4xx_rcc.o(.text)
    RCC_HSEConfig                            0x08004047   Thumb Code    14  stm32f4xx_rcc.o(.text)
    RCC_GetFlagStatus                        0x08004055   Thumb Code    60  stm32f4xx_rcc.o(.text)
    RCC_WaitForHSEStartUp                    0x08004091   Thumb Code    56  stm32f4xx_rcc.o(.text)
    RCC_AdjustHSICalibrationValue            0x080040c9   Thumb Code    20  stm32f4xx_rcc.o(.text)
    RCC_HSICmd                               0x080040dd   Thumb Code     6  stm32f4xx_rcc.o(.text)
    RCC_LSEConfig                            0x080040e3   Thumb Code    46  stm32f4xx_rcc.o(.text)
    RCC_LSICmd                               0x08004111   Thumb Code     6  stm32f4xx_rcc.o(.text)
    RCC_PLLConfig                            0x08004117   Thumb Code    32  stm32f4xx_rcc.o(.text)
    RCC_PLLCmd                               0x08004137   Thumb Code     6  stm32f4xx_rcc.o(.text)
    RCC_PLLI2SConfig                         0x0800413d   Thumb Code    14  stm32f4xx_rcc.o(.text)
    RCC_PLLI2SCmd                            0x0800414b   Thumb Code     6  stm32f4xx_rcc.o(.text)
    RCC_PLLSAIConfig                         0x08004151   Thumb Code    20  stm32f4xx_rcc.o(.text)
    RCC_PLLSAICmd                            0x08004165   Thumb Code     6  stm32f4xx_rcc.o(.text)
    RCC_ClockSecuritySystemCmd               0x0800416b   Thumb Code     6  stm32f4xx_rcc.o(.text)
    RCC_MCO1Config                           0x08004171   Thumb Code    28  stm32f4xx_rcc.o(.text)
    RCC_MCO2Config                           0x0800418d   Thumb Code    28  stm32f4xx_rcc.o(.text)
    RCC_SYSCLKConfig                         0x080041a9   Thumb Code    20  stm32f4xx_rcc.o(.text)
    RCC_GetSYSCLKSource                      0x080041bd   Thumb Code    12  stm32f4xx_rcc.o(.text)
    RCC_HCLKConfig                           0x080041c9   Thumb Code    20  stm32f4xx_rcc.o(.text)
    RCC_PCLK1Config                          0x080041dd   Thumb Code    20  stm32f4xx_rcc.o(.text)
    RCC_PCLK2Config                          0x080041f1   Thumb Code    22  stm32f4xx_rcc.o(.text)
    RCC_GetClocksFreq                        0x08004207   Thumb Code   222  stm32f4xx_rcc.o(.text)
    RCC_RTCCLKConfig                         0x080042e5   Thumb Code    54  stm32f4xx_rcc.o(.text)
    RCC_RTCCLKCmd                            0x0800431b   Thumb Code     8  stm32f4xx_rcc.o(.text)
    RCC_BackupResetCmd                       0x08004323   Thumb Code     8  stm32f4xx_rcc.o(.text)
    RCC_I2SCLKConfig                         0x0800432b   Thumb Code     6  stm32f4xx_rcc.o(.text)
    RCC_SAIPLLI2SClkDivConfig                0x08004331   Thumb Code    26  stm32f4xx_rcc.o(.text)
    RCC_SAIPLLSAIClkDivConfig                0x0800434b   Thumb Code    28  stm32f4xx_rcc.o(.text)
    RCC_SAIBlockACLKConfig                   0x08004367   Thumb Code    20  stm32f4xx_rcc.o(.text)
    RCC_SAIBlockBCLKConfig                   0x0800437b   Thumb Code    20  stm32f4xx_rcc.o(.text)
    RCC_LTDCCLKDivConfig                     0x0800438f   Thumb Code    20  stm32f4xx_rcc.o(.text)
    RCC_TIMCLKPresConfig                     0x080043a3   Thumb Code     6  stm32f4xx_rcc.o(.text)
    RCC_AHB1PeriphClockCmd                   0x080043a9   Thumb Code    34  stm32f4xx_rcc.o(.text)
    RCC_AHB2PeriphClockCmd                   0x080043cb   Thumb Code    78  stm32f4xx_rcc.o(.text)
    RCC_AHB3PeriphClockCmd                   0x08004419   Thumb Code    34  stm32f4xx_rcc.o(.text)
    RCC_APB1PeriphClockCmd                   0x0800443b   Thumb Code    34  stm32f4xx_rcc.o(.text)
    RCC_APB2PeriphClockCmd                   0x0800445d   Thumb Code    34  stm32f4xx_rcc.o(.text)
    RCC_AHB1PeriphResetCmd                   0x0800447f   Thumb Code    34  stm32f4xx_rcc.o(.text)
    RCC_AHB2PeriphResetCmd                   0x080044a1   Thumb Code    34  stm32f4xx_rcc.o(.text)
    RCC_AHB3PeriphResetCmd                   0x080044c3   Thumb Code    34  stm32f4xx_rcc.o(.text)
    RCC_APB1PeriphResetCmd                   0x080044e5   Thumb Code    34  stm32f4xx_rcc.o(.text)
    RCC_APB2PeriphResetCmd                   0x08004507   Thumb Code    34  stm32f4xx_rcc.o(.text)
    RCC_AHB1PeriphClockLPModeCmd             0x08004529   Thumb Code    34  stm32f4xx_rcc.o(.text)
    RCC_AHB2PeriphClockLPModeCmd             0x0800454b   Thumb Code    34  stm32f4xx_rcc.o(.text)
    RCC_AHB3PeriphClockLPModeCmd             0x0800456d   Thumb Code    34  stm32f4xx_rcc.o(.text)
    RCC_APB1PeriphClockLPModeCmd             0x0800458f   Thumb Code    34  stm32f4xx_rcc.o(.text)
    RCC_APB2PeriphClockLPModeCmd             0x080045b1   Thumb Code    34  stm32f4xx_rcc.o(.text)
    RCC_LSEModeConfig                        0x080045d3   Thumb Code    40  stm32f4xx_rcc.o(.text)
    RCC_ITConfig                             0x080045fb   Thumb Code    34  stm32f4xx_rcc.o(.text)
    RCC_ClearFlag                            0x0800461d   Thumb Code    18  stm32f4xx_rcc.o(.text)
    RCC_GetITStatus                          0x0800462f   Thumb Code    22  stm32f4xx_rcc.o(.text)
    RCC_ClearITPendingBit                    0x08004645   Thumb Code     8  stm32f4xx_rcc.o(.text)
    USART_DeInit                             0x08004651   Thumb Code   206  stm32f4xx_usart.o(.text)
    USART_Init                               0x0800471f   Thumb Code   204  stm32f4xx_usart.o(.text)
    USART_StructInit                         0x080047eb   Thumb Code    24  stm32f4xx_usart.o(.text)
    USART_ClockInit                          0x08004803   Thumb Code    32  stm32f4xx_usart.o(.text)
    USART_ClockStructInit                    0x08004823   Thumb Code    12  stm32f4xx_usart.o(.text)
    USART_Cmd                                0x0800482f   Thumb Code    24  stm32f4xx_usart.o(.text)
    USART_SetPrescaler                       0x08004847   Thumb Code    16  stm32f4xx_usart.o(.text)
    USART_OverSampling8Cmd                   0x08004857   Thumb Code    22  stm32f4xx_usart.o(.text)
    USART_OneBitMethodCmd                    0x0800486d   Thumb Code    24  stm32f4xx_usart.o(.text)
    USART_SendData                           0x08004885   Thumb Code     8  stm32f4xx_usart.o(.text)
    USART_ReceiveData                        0x0800488d   Thumb Code    10  stm32f4xx_usart.o(.text)
    USART_SetAddress                         0x08004897   Thumb Code    18  stm32f4xx_usart.o(.text)
    USART_ReceiverWakeUpCmd                  0x080048a9   Thumb Code    24  stm32f4xx_usart.o(.text)
    USART_WakeUpConfig                       0x080048c1   Thumb Code    18  stm32f4xx_usart.o(.text)
    USART_LINBreakDetectLengthConfig         0x080048d3   Thumb Code    18  stm32f4xx_usart.o(.text)
    USART_LINCmd                             0x080048e5   Thumb Code    24  stm32f4xx_usart.o(.text)
    USART_SendBreak                          0x080048fd   Thumb Code    10  stm32f4xx_usart.o(.text)
    USART_HalfDuplexCmd                      0x08004907   Thumb Code    24  stm32f4xx_usart.o(.text)
    USART_SetGuardTime                       0x0800491f   Thumb Code    16  stm32f4xx_usart.o(.text)
    USART_SmartCardCmd                       0x0800492f   Thumb Code    24  stm32f4xx_usart.o(.text)
    USART_SmartCardNACKCmd                   0x08004947   Thumb Code    24  stm32f4xx_usart.o(.text)
    USART_IrDAConfig                         0x0800495f   Thumb Code    18  stm32f4xx_usart.o(.text)
    USART_IrDACmd                            0x08004971   Thumb Code    24  stm32f4xx_usart.o(.text)
    USART_DMACmd                             0x08004989   Thumb Code    18  stm32f4xx_usart.o(.text)
    USART_ITConfig                           0x0800499b   Thumb Code    74  stm32f4xx_usart.o(.text)
    USART_GetFlagStatus                      0x080049e5   Thumb Code    26  stm32f4xx_usart.o(.text)
    USART_ClearFlag                          0x080049ff   Thumb Code    18  stm32f4xx_usart.o(.text)
    USART_GetITStatus                        0x08004a11   Thumb Code   118  stm32f4xx_usart.o(.text)
    USART_ClearITPendingBit                  0x08004a87   Thumb Code    30  stm32f4xx_usart.o(.text)
    DMA_DeInit                               0x08004aa5   Thumb Code   324  stm32f4xx_dma.o(.text)
    DMA_Init                                 0x08004be9   Thumb Code    82  stm32f4xx_dma.o(.text)
    DMA_StructInit                           0x08004c3b   Thumb Code    34  stm32f4xx_dma.o(.text)
    DMA_Cmd                                  0x08004c5d   Thumb Code    22  stm32f4xx_dma.o(.text)
    DMA_PeriphIncOffsetSizeConfig            0x08004c73   Thumb Code    22  stm32f4xx_dma.o(.text)
    DMA_FlowControllerConfig                 0x08004c89   Thumb Code    22  stm32f4xx_dma.o(.text)
    DMA_SetCurrDataCounter                   0x08004c9f   Thumb Code     4  stm32f4xx_dma.o(.text)
    DMA_GetCurrDataCounter                   0x08004ca3   Thumb Code     8  stm32f4xx_dma.o(.text)
    DMA_DoubleBufferModeConfig               0x08004cab   Thumb Code    24  stm32f4xx_dma.o(.text)
    DMA_DoubleBufferModeCmd                  0x08004cc3   Thumb Code    22  stm32f4xx_dma.o(.text)
    DMA_MemoryTargetConfig                   0x08004cd9   Thumb Code    10  stm32f4xx_dma.o(.text)
    DMA_GetCurrentMemoryTarget               0x08004ce3   Thumb Code    20  stm32f4xx_dma.o(.text)
    DMA_GetCmdStatus                         0x08004cf7   Thumb Code    20  stm32f4xx_dma.o(.text)
    DMA_GetFIFOStatus                        0x08004d0b   Thumb Code    12  stm32f4xx_dma.o(.text)
    DMA_GetFlagStatus                        0x08004d17   Thumb Code    56  stm32f4xx_dma.o(.text)
    DMA_ClearFlag                            0x08004d4f   Thumb Code    40  stm32f4xx_dma.o(.text)
    DMA_ITConfig                             0x08004d77   Thumb Code    58  stm32f4xx_dma.o(.text)
    DMA_GetITStatus                          0x08004db1   Thumb Code    84  stm32f4xx_dma.o(.text)
    DMA_ClearITPendingBit                    0x08004e05   Thumb Code    40  stm32f4xx_dma.o(.text)
    TIM_DeInit                               0x08004e4d   Thumb Code   346  stm32f4xx_tim.o(.text)
    TIM_TimeBaseInit                         0x08004fa7   Thumb Code   104  stm32f4xx_tim.o(.text)
    TIM_TimeBaseStructInit                   0x0800500f   Thumb Code    18  stm32f4xx_tim.o(.text)
    TIM_PrescalerConfig                      0x08005021   Thumb Code     6  stm32f4xx_tim.o(.text)
    TIM_CounterModeConfig                    0x08005027   Thumb Code    18  stm32f4xx_tim.o(.text)
    TIM_SetCounter                           0x08005039   Thumb Code     4  stm32f4xx_tim.o(.text)
    TIM_SetAutoreload                        0x0800503d   Thumb Code     4  stm32f4xx_tim.o(.text)
    TIM_GetCounter                           0x08005041   Thumb Code     6  stm32f4xx_tim.o(.text)
    TIM_GetPrescaler                         0x08005047   Thumb Code     6  stm32f4xx_tim.o(.text)
    TIM_UpdateDisableConfig                  0x0800504d   Thumb Code    24  stm32f4xx_tim.o(.text)
    TIM_UpdateRequestConfig                  0x08005065   Thumb Code    24  stm32f4xx_tim.o(.text)
    TIM_ARRPreloadConfig                     0x0800507d   Thumb Code    24  stm32f4xx_tim.o(.text)
    TIM_SelectOnePulseMode                   0x08005095   Thumb Code    18  stm32f4xx_tim.o(.text)
    TIM_SetClockDivision                     0x080050a7   Thumb Code    18  stm32f4xx_tim.o(.text)
    TIM_Cmd                                  0x080050b9   Thumb Code    24  stm32f4xx_tim.o(.text)
    TIM_OC1Init                              0x080050d1   Thumb Code   114  stm32f4xx_tim.o(.text)
    TIM_OC2Init                              0x08005143   Thumb Code   154  stm32f4xx_tim.o(.text)
    TIM_OC3Init                              0x080051dd   Thumb Code   204  stm32f4xx_tim.o(.text)
    TIM_OC4Init                              0x080052a9   Thumb Code   112  stm32f4xx_tim.o(.text)
    TIM_OCStructInit                         0x08005319   Thumb Code    20  stm32f4xx_tim.o(.text)
    TIM_SelectOCxM                           0x0800532d   Thumb Code    86  stm32f4xx_tim.o(.text)
    TIM_SetCompare1                          0x08005383   Thumb Code     4  stm32f4xx_tim.o(.text)
    TIM_SetCompare2                          0x08005387   Thumb Code     4  stm32f4xx_tim.o(.text)
    TIM_SetCompare3                          0x0800538b   Thumb Code     4  stm32f4xx_tim.o(.text)
    TIM_SetCompare4                          0x0800538f   Thumb Code     4  stm32f4xx_tim.o(.text)
    TIM_ForcedOC1Config                      0x08005393   Thumb Code    18  stm32f4xx_tim.o(.text)
    TIM_ForcedOC2Config                      0x080053a5   Thumb Code    26  stm32f4xx_tim.o(.text)
    TIM_ForcedOC3Config                      0x080053bf   Thumb Code    18  stm32f4xx_tim.o(.text)
    TIM_ForcedOC4Config                      0x080053d1   Thumb Code    26  stm32f4xx_tim.o(.text)
    TIM_OC1PreloadConfig                     0x080053eb   Thumb Code    18  stm32f4xx_tim.o(.text)
    TIM_OC2PreloadConfig                     0x080053fd   Thumb Code    26  stm32f4xx_tim.o(.text)
    TIM_OC3PreloadConfig                     0x08005417   Thumb Code    18  stm32f4xx_tim.o(.text)
    TIM_OC4PreloadConfig                     0x08005429   Thumb Code    26  stm32f4xx_tim.o(.text)
    TIM_OC1FastConfig                        0x08005443   Thumb Code    18  stm32f4xx_tim.o(.text)
    TIM_OC2FastConfig                        0x08005455   Thumb Code    26  stm32f4xx_tim.o(.text)
    TIM_OC3FastConfig                        0x0800546f   Thumb Code    18  stm32f4xx_tim.o(.text)
    TIM_OC4FastConfig                        0x08005481   Thumb Code    26  stm32f4xx_tim.o(.text)
    TIM_ClearOC1Ref                          0x0800549b   Thumb Code    18  stm32f4xx_tim.o(.text)
    TIM_ClearOC2Ref                          0x080054ad   Thumb Code    24  stm32f4xx_tim.o(.text)
    TIM_ClearOC3Ref                          0x080054c5   Thumb Code    18  stm32f4xx_tim.o(.text)
    TIM_ClearOC4Ref                          0x080054d7   Thumb Code    24  stm32f4xx_tim.o(.text)
    TIM_OC1PolarityConfig                    0x080054ef   Thumb Code    18  stm32f4xx_tim.o(.text)
    TIM_OC1NPolarityConfig                   0x08005501   Thumb Code    18  stm32f4xx_tim.o(.text)
    TIM_OC2PolarityConfig                    0x08005513   Thumb Code    26  stm32f4xx_tim.o(.text)
    TIM_OC2NPolarityConfig                   0x0800552d   Thumb Code    26  stm32f4xx_tim.o(.text)
    TIM_OC3PolarityConfig                    0x08005547   Thumb Code    26  stm32f4xx_tim.o(.text)
    TIM_OC3NPolarityConfig                   0x08005561   Thumb Code    26  stm32f4xx_tim.o(.text)
    TIM_OC4PolarityConfig                    0x0800557b   Thumb Code    26  stm32f4xx_tim.o(.text)
    TIM_CCxCmd                               0x08005595   Thumb Code    30  stm32f4xx_tim.o(.text)
    TIM_CCxNCmd                              0x080055b3   Thumb Code    30  stm32f4xx_tim.o(.text)
    TIM_SetIC4Prescaler                      0x080055d1   Thumb Code    26  stm32f4xx_tim.o(.text)
    TIM_SetIC3Prescaler                      0x0800563b   Thumb Code    18  stm32f4xx_tim.o(.text)
    TIM_SetIC2Prescaler                      0x08005695   Thumb Code    26  stm32f4xx_tim.o(.text)
    TIM_SetIC1Prescaler                      0x08005709   Thumb Code    18  stm32f4xx_tim.o(.text)
    TIM_ICInit                               0x08005755   Thumb Code   110  stm32f4xx_tim.o(.text)
    TIM_ICStructInit                         0x080057c3   Thumb Code    18  stm32f4xx_tim.o(.text)
    TIM_PWMIConfig                           0x080057d5   Thumb Code   124  stm32f4xx_tim.o(.text)
    TIM_GetCapture1                          0x08005851   Thumb Code     6  stm32f4xx_tim.o(.text)
    TIM_GetCapture2                          0x08005857   Thumb Code     6  stm32f4xx_tim.o(.text)
    TIM_GetCapture3                          0x0800585d   Thumb Code     6  stm32f4xx_tim.o(.text)
    TIM_GetCapture4                          0x08005863   Thumb Code     6  stm32f4xx_tim.o(.text)
    TIM_BDTRConfig                           0x08005869   Thumb Code    32  stm32f4xx_tim.o(.text)
    TIM_BDTRStructInit                       0x08005889   Thumb Code    18  stm32f4xx_tim.o(.text)
    TIM_CtrlPWMOutputs                       0x0800589b   Thumb Code    30  stm32f4xx_tim.o(.text)
    TIM_SelectCOM                            0x080058b9   Thumb Code    24  stm32f4xx_tim.o(.text)
    TIM_CCPreloadControl                     0x080058d1   Thumb Code    24  stm32f4xx_tim.o(.text)
    TIM_ITConfig                             0x080058e9   Thumb Code    18  stm32f4xx_tim.o(.text)
    TIM_GenerateEvent                        0x080058fb   Thumb Code     4  stm32f4xx_tim.o(.text)
    TIM_GetFlagStatus                        0x080058ff   Thumb Code    18  stm32f4xx_tim.o(.text)
    TIM_ClearFlag                            0x08005911   Thumb Code     6  stm32f4xx_tim.o(.text)
    TIM_GetITStatus                          0x08005917   Thumb Code    34  stm32f4xx_tim.o(.text)
    TIM_ClearITPendingBit                    0x08005939   Thumb Code     6  stm32f4xx_tim.o(.text)
    TIM_DMAConfig                            0x0800593f   Thumb Code    10  stm32f4xx_tim.o(.text)
    TIM_DMACmd                               0x08005949   Thumb Code    18  stm32f4xx_tim.o(.text)
    TIM_SelectCCDMA                          0x0800595b   Thumb Code    24  stm32f4xx_tim.o(.text)
    TIM_InternalClockConfig                  0x08005973   Thumb Code    12  stm32f4xx_tim.o(.text)
    TIM_SelectInputTrigger                   0x0800597f   Thumb Code    18  stm32f4xx_tim.o(.text)
    TIM_ITRxExternalClockConfig              0x08005991   Thumb Code    24  stm32f4xx_tim.o(.text)
    TIM_TIxExternalClockConfig               0x080059a9   Thumb Code    62  stm32f4xx_tim.o(.text)
    TIM_ETRConfig                            0x080059e7   Thumb Code    28  stm32f4xx_tim.o(.text)
    TIM_ETRClockMode1Config                  0x08005a03   Thumb Code    54  stm32f4xx_tim.o(.text)
    TIM_ETRClockMode2Config                  0x08005a39   Thumb Code    32  stm32f4xx_tim.o(.text)
    TIM_SelectOutputTrigger                  0x08005a59   Thumb Code    18  stm32f4xx_tim.o(.text)
    TIM_SelectSlaveMode                      0x08005a6b   Thumb Code    18  stm32f4xx_tim.o(.text)
    TIM_SelectMasterSlaveMode                0x08005a7d   Thumb Code    18  stm32f4xx_tim.o(.text)
    TIM_EncoderInterfaceConfig               0x08005a8f   Thumb Code    66  stm32f4xx_tim.o(.text)
    TIM_SelectHallSensor                     0x08005ad1   Thumb Code    24  stm32f4xx_tim.o(.text)
    TIM_RemapConfig                          0x08005ae9   Thumb Code     6  stm32f4xx_tim.o(.text)
    SPI_I2S_DeInit                           0x08005af1   Thumb Code   152  stm32f4xx_spi.o(.text)
    SPI_Init                                 0x08005b89   Thumb Code    60  stm32f4xx_spi.o(.text)
    I2S_Init                                 0x08005bc5   Thumb Code   396  stm32f4xx_spi.o(.text)
    SPI_StructInit                           0x08005d51   Thumb Code    24  stm32f4xx_spi.o(.text)
    I2S_StructInit                           0x08005d69   Thumb Code    20  stm32f4xx_spi.o(.text)
    SPI_Cmd                                  0x08005d7d   Thumb Code    24  stm32f4xx_spi.o(.text)
    I2S_Cmd                                  0x08005d95   Thumb Code    24  stm32f4xx_spi.o(.text)
    SPI_DataSizeConfig                       0x08005dad   Thumb Code    18  stm32f4xx_spi.o(.text)
    SPI_BiDirectionalLineConfig              0x08005dbf   Thumb Code    28  stm32f4xx_spi.o(.text)
    SPI_NSSInternalSoftwareConfig            0x08005ddb   Thumb Code    30  stm32f4xx_spi.o(.text)
    SPI_SSOutputCmd                          0x08005df9   Thumb Code    24  stm32f4xx_spi.o(.text)
    SPI_TIModeCmd                            0x08005e11   Thumb Code    24  stm32f4xx_spi.o(.text)
    I2S_FullDuplexConfig                     0x08005e29   Thumb Code    80  stm32f4xx_spi.o(.text)
    SPI_I2S_ReceiveData                      0x08005e79   Thumb Code     6  stm32f4xx_spi.o(.text)
    SPI_I2S_SendData                         0x08005e7f   Thumb Code     4  stm32f4xx_spi.o(.text)
    SPI_CalculateCRC                         0x08005e83   Thumb Code    24  stm32f4xx_spi.o(.text)
    SPI_TransmitCRC                          0x08005e9b   Thumb Code    10  stm32f4xx_spi.o(.text)
    SPI_GetCRC                               0x08005ea5   Thumb Code    16  stm32f4xx_spi.o(.text)
    SPI_GetCRCPolynomial                     0x08005eb5   Thumb Code     6  stm32f4xx_spi.o(.text)
    SPI_I2S_DMACmd                           0x08005ebb   Thumb Code    18  stm32f4xx_spi.o(.text)
    SPI_I2S_ITConfig                         0x08005ecd   Thumb Code    68  stm32f4xx_spi.o(.text)
    SPI_I2S_GetFlagStatus                    0x08005f11   Thumb Code    18  stm32f4xx_spi.o(.text)
    SPI_I2S_ClearFlag                        0x08005f23   Thumb Code     6  stm32f4xx_spi.o(.text)
    SPI_I2S_GetITStatus                      0x08005f29   Thumb Code    52  stm32f4xx_spi.o(.text)
    SPI_I2S_ClearITPendingBit                0x08005f5d   Thumb Code    20  stm32f4xx_spi.o(.text)
    mymemcpy                                 0x08005f71   Thumb Code    26  malloc.o(.text)
    mymemset                                 0x08005f8b   Thumb Code    20  malloc.o(.text)
    my_mem_init                              0x08005f9f   Thumb Code    54  malloc.o(.text)
    my_mem_perused                           0x08005fd5   Thumb Code    54  malloc.o(.text)
    my_mem_malloc                            0x0800600b   Thumb Code   154  malloc.o(.text)
    my_mem_free                              0x080060a5   Thumb Code    94  malloc.o(.text)
    myfree                                   0x08006103   Thumb Code    32  malloc.o(.text)
    mymalloc                                 0x08006123   Thumb Code    36  malloc.o(.text)
    myrealloc                                0x08006147   Thumb Code    68  malloc.o(.text)
    usmart_sys_cmd_exe                       0x0800619d   Thumb Code  1554  usmart.o(.text)
    usmart_reset_runtime                     0x080067af   Thumb Code    38  usmart.o(.text)
    usmart_get_runtime                       0x080067d5   Thumb Code    60  usmart.o(.text)
    TIM4_IRQHandler                          0x08006811   Thumb Code    46  usmart.o(.text)
    Timer4_Init                              0x0800683f   Thumb Code    86  usmart.o(.text)
    usmart_init                              0x08006895   Thumb Code    36  usmart.o(.text)
    usmart_cmd_rec                           0x080068b9   Thumb Code   170  usmart.o(.text)
    usmart_exe                               0x08006963   Thumb Code   868  usmart.o(.text)
    usmart_scan                              0x08006cc7   Thumb Code   120  usmart.o(.text)
    read_addr                                0x08006d3f   Thumb Code     6  usmart.o(.text)
    write_addr                               0x08006d45   Thumb Code     4  usmart.o(.text)
    usmart_strcmp                            0x08006dd1   Thumb Code    34  usmart_str.o(.text)
    usmart_strcopy                           0x08006df3   Thumb Code    22  usmart_str.o(.text)
    usmart_strlen                            0x08006e09   Thumb Code    24  usmart_str.o(.text)
    usmart_pow                               0x08006e21   Thumb Code    22  usmart_str.o(.text)
    usmart_str2num                           0x08006e37   Thumb Code   202  usmart_str.o(.text)
    usmart_get_cmdname                       0x08006f01   Thumb Code    54  usmart_str.o(.text)
    usmart_search_nextc                      0x08006f37   Thumb Code    22  usmart_str.o(.text)
    usmart_get_fname                         0x08006f4d   Thumb Code   440  usmart_str.o(.text)
    usmart_get_aparm                         0x08007105   Thumb Code   200  usmart_str.o(.text)
    usmart_get_parmpos                       0x080071cd   Thumb Code    26  usmart_str.o(.text)
    usmart_get_fparam                        0x080071e7   Thumb Code   262  usmart_str.o(.text)
    disk_initialize                          0x080072f9   Thumb Code    52  diskio.o(.text)
    disk_status                              0x0800732d   Thumb Code     6  diskio.o(.text)
    disk_read                                0x08007333   Thumb Code   122  diskio.o(.text)
    disk_write                               0x080073ad   Thumb Code   122  diskio.o(.text)
    disk_ioctl                               0x08007427   Thumb Code   170  diskio.o(.text)
    get_fattime                              0x080074d1   Thumb Code     4  diskio.o(.text)
    ff_memalloc                              0x080074d5   Thumb Code    14  diskio.o(.text)
    ff_memfree                               0x080074e3   Thumb Code    14  diskio.o(.text)
    clust2sect                               0x080076a7   Thumb Code    26  ff.o(.text)
    get_fat                                  0x080076c1   Thumb Code   232  ff.o(.text)
    put_fat                                  0x080077a9   Thumb Code   310  ff.o(.text)
    dir_sdi                                  0x08007a53   Thumb Code   158  ff.o(.text)
    f_mount                                  0x08008ac5   Thumb Code    86  ff.o(.text)
    f_open                                   0x08008b1b   Thumb Code   384  ff.o(.text)
    f_read                                   0x08008c9b   Thumb Code   448  ff.o(.text)
    f_write                                  0x08008e5b   Thumb Code   490  ff.o(.text)
    f_sync                                   0x08009045   Thumb Code   176  ff.o(.text)
    f_close                                  0x080090f5   Thumb Code    36  ff.o(.text)
    f_lseek                                  0x08009119   Thumb Code   654  ff.o(.text)
    f_opendir                                0x080093a7   Thumb Code   136  ff.o(.text)
    f_closedir                               0x0800942f   Thumb Code    22  ff.o(.text)
    f_readdir                                0x08009445   Thumb Code   114  ff.o(.text)
    f_stat                                   0x080094b7   Thumb Code    84  ff.o(.text)
    f_getfree                                0x0800950b   Thumb Code   258  ff.o(.text)
    f_truncate                               0x0800960d   Thumb Code   184  ff.o(.text)
    f_unlink                                 0x080096c5   Thumb Code   194  ff.o(.text)
    f_mkdir                                  0x08009787   Thumb Code   380  ff.o(.text)
    f_chmod                                  0x08009903   Thumb Code   112  ff.o(.text)
    f_utime                                  0x08009973   Thumb Code   110  ff.o(.text)
    f_rename                                 0x080099e1   Thumb Code   314  ff.o(.text)
    f_getlabel                               0x08009b1b   Thumb Code   190  ff.o(.text)
    f_setlabel                               0x08009bd9   Thumb Code   470  ff.o(.text)
    f_mkfs                                   0x08009daf   Thumb Code  1570  ff.o(.text)
    f_gets                                   0x0800a3d1   Thumb Code    82  ff.o(.text)
    f_putc                                   0x0800a467   Thumb Code    64  ff.o(.text)
    f_puts                                   0x0800a4a7   Thumb Code    74  ff.o(.text)
    f_printf                                 0x0800a4f1   Thumb Code   674  ff.o(.text)
    exfuns_init                              0x0800a795   Thumb Code   114  exfuns.o(.text)
    char_upper                               0x0800a807   Thumb Code    26  exfuns.o(.text)
    f_typetell                               0x0800a821   Thumb Code   172  exfuns.o(.text)
    exf_getfree                              0x0800a8cd   Thumb Code    74  exfuns.o(.text)
    mf_mount                                 0x0800a92d   Thumb Code    20  fattester.o(.text)
    mf_open                                  0x0800a941   Thumb Code    24  fattester.o(.text)
    mf_close                                 0x0800a959   Thumb Code    14  fattester.o(.text)
    mf_read                                  0x0800a967   Thumb Code   224  fattester.o(.text)
    mf_write                                 0x0800aa47   Thumb Code    68  fattester.o(.text)
    mf_opendir                               0x0800aa8b   Thumb Code    14  fattester.o(.text)
    mf_closedir                              0x0800aa99   Thumb Code    10  fattester.o(.text)
    mf_readdir                               0x0800aaa3   Thumb Code   204  fattester.o(.text)
    mf_scan_files                            0x0800ab6f   Thumb Code   120  fattester.o(.text)
    mf_showfree                              0x0800abe7   Thumb Code    88  fattester.o(.text)
    mf_lseek                                 0x0800ac3f   Thumb Code    16  fattester.o(.text)
    mf_tell                                  0x0800ac4f   Thumb Code     8  fattester.o(.text)
    mf_size                                  0x0800ac57   Thumb Code     8  fattester.o(.text)
    mf_mkdir                                 0x0800ac5f   Thumb Code    12  fattester.o(.text)
    mf_fmkfs                                 0x0800ac6b   Thumb Code    20  fattester.o(.text)
    mf_unlink                                0x0800ac7f   Thumb Code    12  fattester.o(.text)
    mf_rename                                0x0800ac8b   Thumb Code    16  fattester.o(.text)
    mf_getlabel                              0x0800ac9b   Thumb Code    58  fattester.o(.text)
    mf_setlabel                              0x0800acd5   Thumb Code    34  fattester.o(.text)
    mf_gets                                  0x0800acf7   Thumb Code   698  fattester.o(.text)
    mf_putc                                  0x0800afb1   Thumb Code    18  fattester.o(.text)
    mf_puts                                  0x0800afc3   Thumb Code    18  fattester.o(.text)
    ff_convert                               0x0800aff5   Thumb Code   116  cc936.o(.text)
    ff_wtoupper                              0x0800b069   Thumb Code    46  cc936.o(.text)
    __aeabi_ldivmod                          0x0800b0a9   Thumb Code    98  ldiv.o(.text)
    __aeabi_memcpy                           0x0800b10b   Thumb Code    36  memcpya.o(.text)
    __aeabi_memcpy4                          0x0800b10b   Thumb Code     0  memcpya.o(.text)
    __aeabi_memcpy8                          0x0800b10b   Thumb Code     0  memcpya.o(.text)
    strlen                                   0x0800b12f   Thumb Code    14  strlen.o(.text)
    strcmp                                   0x0800b13d   Thumb Code    28  strcmp.o(.text)
    strcpy                                   0x0800b159   Thumb Code    18  strcpy.o(.text)
    strncmp                                  0x0800b16b   Thumb Code    30  strncmp.o(.text)
    __aeabi_uidiv                            0x0800b189   Thumb Code     0  uidiv.o(.text)
    __aeabi_uidivmod                         0x0800b189   Thumb Code    44  uidiv.o(.text)
    __aeabi_uldivmod                         0x0800b1b5   Thumb Code    98  uldiv.o(.text)
    __I$use$fp                               0x0800b217   Thumb Code     0  iusefp.o(.text)
    __aeabi_dadd                             0x0800b217   Thumb Code   322  dadd.o(.text)
    __aeabi_dsub                             0x0800b359   Thumb Code     6  dadd.o(.text)
    __aeabi_drsub                            0x0800b35f   Thumb Code     6  dadd.o(.text)
    __aeabi_dmul                             0x0800b365   Thumb Code   228  dmul.o(.text)
    __aeabi_ddiv                             0x0800b449   Thumb Code   222  ddiv.o(.text)
    __aeabi_d2ulz                            0x0800b527   Thumb Code    48  dfixul.o(.text)
    __aeabi_cdrcmple                         0x0800b559   Thumb Code    48  cdrcmple.o(.text)
    __scatterload                            0x0800b589   Thumb Code    28  init.o(.text)
    __scatterload_rt2                        0x0800b589   Thumb Code     0  init.o(.text)
    __aeabi_llsl                             0x0800b5ad   Thumb Code    30  llshl.o(.text)
    _ll_shift_l                              0x0800b5ad   Thumb Code     0  llshl.o(.text)
    __aeabi_llsr                             0x0800b5cb   Thumb Code    32  llushr.o(.text)
    _ll_ushift_r                             0x0800b5cb   Thumb Code     0  llushr.o(.text)
    __aeabi_lasr                             0x0800b5eb   Thumb Code    36  llsshr.o(.text)
    _ll_sshift_r                             0x0800b5eb   Thumb Code     0  llsshr.o(.text)
    _double_round                            0x0800b60f   Thumb Code    30  depilogue.o(.text)
    _double_epilogue                         0x0800b62d   Thumb Code   156  depilogue.o(.text)
    __decompress                             0x0800b6c9   Thumb Code     0  __dczerorl2.o(.text)
    __decompress1                            0x0800b6c9   Thumb Code    86  __dczerorl2.o(.text)
    __0printf                                0x0800b721   Thumb Code    22  printfa.o(i.__0printf)
    __1printf                                0x0800b721   Thumb Code     0  printfa.o(i.__0printf)
    __2printf                                0x0800b721   Thumb Code     0  printfa.o(i.__0printf)
    __c89printf                              0x0800b721   Thumb Code     0  printfa.o(i.__0printf)
    printf                                   0x0800b721   Thumb Code     0  printfa.o(i.__0printf)
    __0vsprintf                              0x0800b741   Thumb Code    30  printfa.o(i.__0vsprintf)
    __1vsprintf                              0x0800b741   Thumb Code     0  printfa.o(i.__0vsprintf)
    __2vsprintf                              0x0800b741   Thumb Code     0  printfa.o(i.__0vsprintf)
    __c89vsprintf                            0x0800b741   Thumb Code     0  printfa.o(i.__0vsprintf)
    vsprintf                                 0x0800b741   Thumb Code     0  printfa.o(i.__0vsprintf)
    __scatterload_copy                       0x0800b765   Thumb Code    14  handlers.o(i.__scatterload_copy)
    __scatterload_null                       0x0800b773   Thumb Code     2  handlers.o(i.__scatterload_null)
    __scatterload_zeroinit                   0x0800b775   Thumb Code    14  handlers.o(i.__scatterload_zeroinit)
    free                                     0x0800c021   Thumb Code    76  malloc.o(i.free)
    memtblsize                               0x0800c070   Data          12  malloc.o(.constdata)
    memblksize                               0x0800c07c   Data          12  malloc.o(.constdata)
    memsize                                  0x0800c088   Data          12  malloc.o(.constdata)
    FILE_TYPE_TBL                            0x0800c0d0   Data         112  exfuns.o(.constdata)
    Region$$Table$$Base                      0x08037148   Number         0  anon$$obj.o(Region$$Table)
    Region$$Table$$Limit                     0x08037168   Number         0  anon$$obj.o(Region$$Table)
    mem3base                                 0x10000000   Data       61440  malloc.o(.ARM.__AT_0x10000000)
    mem3mapbase                              0x1000f000   Data        3840  malloc.o(.ARM.__AT_0x1000F000)
    fp                                       0x20000000   Data           4  main.o(.data)
    buffer                                   0x20000004   Data          13  main.o(.data)
    buffer2                                  0x20000011   Data           1  main.o(.data)
    ReadyFlag                                0x20000012   Data           1  main.o(.data)
    TimeFlag                                 0x20000014   Data           4  main.o(.data)
    TimeCounter                              0x20000018   Data           4  main.o(.data)
    BatteryAllowance                         0x2000001c   Data           2  main.o(.data)
    ReturnFlag                               0x2000001e   Data           1  main.o(.data)
    fixmode_tbl                              0x20000020   Data          16  main.o(.data)
    mem_perused                              0x20000030   Data           1  main.o(.data)
    Usart1rxlen                              0x20000031   Data           1  main.o(.data)
    Usart6rxlen                              0x20000032   Data           1  main.o(.data)
    ComaBackCommand                          0x20000033   Data           6  main.o(.data)
    ByteCounter                              0x2000003c   Data           4  main.o(.data)
    SystemCoreClock                          0x20000040   Data           4  system_stm32f4xx.o(.data)
    AHBPrescTable                            0x20000044   Data          16  system_stm32f4xx.o(.data)
    MeteorBufCounter                         0x20000054   Data           2  meteorological.o(.data)
    NuclearBufCounter                        0x20000056   Data           2  meteorological.o(.data)
    NuclearData_Status                       0x20000058   Data           1  meteorological.o(.data)
    NuclearData_DataLength                   0x20000059   Data           1  meteorological.o(.data)
    W25QXX_TYPE                              0x2000005a   Data           2  w25qxx.o(.data)
    TransferError                            0x20000066   Data           1  sdio_sdcard.o(.data)
    TransferEnd                              0x20000067   Data           1  sdio_sdcard.o(.data)
    tempbuff                                 0x20000068   Data           4  sdio_sdcard.o(.data)
    USART3_RX_STA                            0x2000006c   Data           2  usart3.o(.data)
    TIM7_Counter                             0x20000070   Data           4  timer.o(.data)
    RS232_RX_CNT                             0x20000074   Data           2  rs232.o(.data)
    Meteor_Status                            0x20000076   Data           1  rs232.o(.data)
    BufferNumber0                            0x20000077   Data           1  rs232.o(.data)
    BufferNumber1                            0x20000078   Data           1  rs232.o(.data)
    BufferFinishNumber                       0x20000079   Data           1  rs232.o(.data)
    BufferWorkNumber                         0x2000007a   Data           1  rs232.o(.data)
    RS485_RX_CNT                             0x2000007c   Data           2  rs485.o(.data)
    Rs485Meteor_Status                       0x2000007e   Data           1  rs485.o(.data)
    Rs485BufferNumber0                       0x2000007f   Data           1  rs485.o(.data)
    Rs485BufferNumber1                       0x20000080   Data           1  rs485.o(.data)
    Rs485BufferFinishNumber                  0x20000081   Data           1  rs485.o(.data)
    Rs485BufferWorkNumber                    0x20000082   Data           1  rs485.o(.data)
    USART6_RX_STA                            0x20000088   Data           2  usart.o(.data)
    __stdout                                 0x2000008c   Data           4  usart.o(.data)
    USART_RX_STA                             0x20000090   Data           2  usart.o(.data)
    mallco_dev                               0x200000a4   Data          36  malloc.o(.data)
    sys_cmd_tab                              0x200000c8   Data          28  usmart.o(.data)
    usmart_nametab                           0x200000e4   Data         216  usmart_config.o(.data)
    usmart_dev                               0x200001bc   Data         244  usmart_config.o(.data)
    FLASH_SECTOR_COUNT                       0x200002b0   Data           2  diskio.o(.data)
    file                                     0x200002b4   Data           4  exfuns.o(.data)
    ftemp                                    0x200002b8   Data           4  exfuns.o(.data)
    br                                       0x200002bc   Data           4  exfuns.o(.data)
    bw                                       0x200002c0   Data           4  exfuns.o(.data)
    fatbuf                                   0x200002c4   Data           4  exfuns.o(.data)
    __microlib_freelist                      0x200002c8   Data           4  mvars.o(.data)
    fileTXT                                  0x200002cc   Data         552  main.o(.bss)
    TXTdata2UartBuffer                       0x200004f4   Data        2000  main.o(.bss)
    USART1_TX_BUF                            0x20000cc4   Data         400  main.o(.bss)
    gpsx                                     0x20000e54   Data         166  main.o(.bss)
    dtbuf                                    0x20000efc   Data          50  main.o(.bss)
    ReceiveBuf                               0x20000f30   Data        2000  meteorological.o(.bss)
    MeteorFIFOBuffer                         0x20001700   Data          16  meteorological.o(.bss)
    NuclearFIFOBuffer                        0x20001710   Data          16  meteorological.o(.bss)
    W25QXX_BUFFER                            0x20001720   Data        4096  w25qxx.o(.bss)
    SDIO_InitStructure                       0x20002720   Data          24  sdio_sdcard.o(.bss)
    SDIO_CmdInitStructure                    0x20002738   Data          20  sdio_sdcard.o(.bss)
    SDIO_DataInitStructure                   0x2000274c   Data          24  sdio_sdcard.o(.bss)
    SDCardInfo                               0x20002788   Data          88  sdio_sdcard.o(.bss)
    SDIO_DATA_BUFFER                         0x200027e0   Data         512  sdio_sdcard.o(.bss)
    USART3_TX_BUF                            0x200029e0   Data         400  usart3.o(.bss)
    USART3_RX_BUF                            0x20002b70   Data         400  usart3.o(.bss)
    RS232_RX_BUF                             0x20002d00   Data        4000  rs232.o(.bss)
    RS485_RX_BUF                             0x20003ca0   Data        4000  rs485.o(.bss)
    USART_RX_BUF                             0x20004c40   Data         200  usart.o(.bss)
    USART6_RX_BUF                            0x20004d08   Data         200  usart.o(.bss)
    mem1base                                 0x20004de0   Data       102400  malloc.o(.bss)
    mem1mapbase                              0x2001dde0   Data        6400  malloc.o(.bss)
    fs                                       0x2001f6ec   Data          12  exfuns.o(.bss)
    fileinfo                                 0x2001f6f8   Data          32  exfuns.o(.bss)
    dir                                      0x2001f718   Data          36  exfuns.o(.bss)
    __initial_sp                             0x2001fb40   Data           0  startup_stm32f40_41xxx.o(STACK)
    mem2base                                 0x68000000   Data       983040  malloc.o(.ARM.__AT_0x68000000)
    mem2mapbase                              0x680f0000   Data       61440  malloc.o(.ARM.__AT_0x680F0000)



==============================================================================

Memory Map of the image

  Image Entry point : 0x08000189

  Load Region LR_IROM1 (Base: 0x08000000, Size: 0x00037434, Max: 0x00080000, ABSOLUTE, COMPRESSED[0x000372a4])

    Execution Region ER_IROM1 (Base: 0x08000000, Size: 0x00037168, Max: 0x00080000, ABSOLUTE)

    Base Addr    Size         Type   Attr      Idx    E Section Name        Object

    0x08000000   0x00000188   Data   RO          704    RESET               startup_stm32f40_41xxx.o
    0x08000188   0x00000000   Code   RO         1135  * .ARM.Collect$$$$00000000  mc_w.l(entry.o)
    0x08000188   0x00000004   Code   RO         1443    .ARM.Collect$$$$00000001  mc_w.l(entry2.o)
    0x0800018c   0x00000004   Code   RO         1446    .ARM.Collect$$$$00000004  mc_w.l(entry5.o)
    0x08000190   0x00000000   Code   RO         1448    .ARM.Collect$$$$00000008  mc_w.l(entry7b.o)
    0x08000190   0x00000000   Code   RO         1450    .ARM.Collect$$$$0000000A  mc_w.l(entry8b.o)
    0x08000190   0x00000008   Code   RO         1451    .ARM.Collect$$$$0000000B  mc_w.l(entry9a.o)
    0x08000198   0x00000000   Code   RO         1453    .ARM.Collect$$$$0000000D  mc_w.l(entry10a.o)
    0x08000198   0x00000000   Code   RO         1455    .ARM.Collect$$$$0000000F  mc_w.l(entry11a.o)
    0x08000198   0x00000004   Code   RO         1444    .ARM.Collect$$$$00002712  mc_w.l(entry2.o)
    0x0800019c   0x00000010   Code   RO          655    .emb_text           sys.o
    0x080001ac   0x00000632   Code   RO            3    .text               main.o
    0x080007de   0x0000001a   Code   RO          226    .text               stm32f4xx_it.o
    0x080007f8   0x00000210   Code   RO          275    .text               system_stm32f4xx.o
    0x08000a08   0x000002d4   Code   RO          301    .text               meteorological.o
    0x08000cdc   0x00000198   Code   RO          335    .text               fifo.o
    0x08000e74   0x0000003c   Code   RO          365    .text               led.o
    0x08000eb0   0x00000118   Code   RO          406    .text               spi.o
    0x08000fc8   0x00000378   Code   RO          429    .text               w25qxx.o
    0x08001340   0x00001d60   Code   RO          456    .text               sdio_sdcard.o
    0x080030a0   0x00000188   Code   RO          483    .text               usart3.o
    0x08003228   0x000000a0   Code   RO          520    .text               timer.o
    0x080032c8   0x000001ac   Code   RO          578    .text               rs232.o
    0x08003474   0x00000228   Code   RO          605    .text               rs485.o
    0x0800369c   0x00000104   Code   RO          633    .text               delay.o
    0x080037a0   0x000002e0   Code   RO          673    .text               usart.o
    0x08003a80   0x00000024   Code   RO          705    .text               startup_stm32f40_41xxx.o
    0x08003aa4   0x000000e0   Code   RO          711    .text               misc.o
    0x08003b84   0x00000294   Code   RO          731    .text               stm32f4xx_gpio.o
    0x08003e18   0x000001dc   Code   RO          774    .text               stm32f4xx_sdio.o
    0x08003ff4   0x0000065c   Code   RO          794    .text               stm32f4xx_rcc.o
    0x08004650   0x00000454   Code   RO          836    .text               stm32f4xx_usart.o
    0x08004aa4   0x000003a8   Code   RO          856    .text               stm32f4xx_dma.o
    0x08004e4c   0x00000ca2   Code   RO          876    .text               stm32f4xx_tim.o
    0x08005aee   0x00000002   PAD
    0x08005af0   0x00000480   Code   RO          896    .text               stm32f4xx_spi.o
    0x08005f70   0x0000022c   Code   RO          916    .text               malloc.o
    0x0800619c   0x00000c34   Code   RO          948    .text               usmart.o
    0x08006dd0   0x00000528   Code   RO          996    .text               usmart_str.o
    0x080072f8   0x00000200   Code   RO         1016    .text               diskio.o
    0x080074f8   0x0000329a   Code   RO         1040    .text               ff.o
    0x0800a792   0x00000002   PAD
    0x0800a794   0x00000198   Code   RO         1061    .text               exfuns.o
    0x0800a92c   0x000006c8   Code   RO         1090    .text               fattester.o
    0x0800aff4   0x000000b4   Code   RO         1112    .text               cc936.o
    0x0800b0a8   0x00000062   Code   RO         1138    .text               mc_w.l(ldiv.o)
    0x0800b10a   0x00000024   Code   RO         1140    .text               mc_w.l(memcpya.o)
    0x0800b12e   0x0000000e   Code   RO         1144    .text               mc_w.l(strlen.o)
    0x0800b13c   0x0000001c   Code   RO         1146    .text               mc_w.l(strcmp.o)
    0x0800b158   0x00000012   Code   RO         1148    .text               mc_w.l(strcpy.o)
    0x0800b16a   0x0000001e   Code   RO         1150    .text               mc_w.l(strncmp.o)
    0x0800b188   0x0000002c   Code   RO         1457    .text               mc_w.l(uidiv.o)
    0x0800b1b4   0x00000062   Code   RO         1459    .text               mc_w.l(uldiv.o)
    0x0800b216   0x00000000   Code   RO         1463    .text               mc_w.l(iusefp.o)
    0x0800b216   0x0000014e   Code   RO         1464    .text               mf_w.l(dadd.o)
    0x0800b364   0x000000e4   Code   RO         1466    .text               mf_w.l(dmul.o)
    0x0800b448   0x000000de   Code   RO         1468    .text               mf_w.l(ddiv.o)
    0x0800b526   0x00000030   Code   RO         1470    .text               mf_w.l(dfixul.o)
    0x0800b556   0x00000002   PAD
    0x0800b558   0x00000030   Code   RO         1472    .text               mf_w.l(cdrcmple.o)
    0x0800b588   0x00000024   Code   RO         1474    .text               mc_w.l(init.o)
    0x0800b5ac   0x0000001e   Code   RO         1476    .text               mc_w.l(llshl.o)
    0x0800b5ca   0x00000020   Code   RO         1478    .text               mc_w.l(llushr.o)
    0x0800b5ea   0x00000024   Code   RO         1480    .text               mc_w.l(llsshr.o)
    0x0800b60e   0x000000ba   Code   RO         1482    .text               mf_w.l(depilogue.o)
    0x0800b6c8   0x00000056   Code   RO         1492    .text               mc_w.l(__dczerorl2.o)
    0x0800b71e   0x00000002   PAD
    0x0800b720   0x00000020   Code   RO         1387    i.__0printf         mc_w.l(printfa.o)
    0x0800b740   0x00000024   Code   RO         1393    i.__0vsprintf       mc_w.l(printfa.o)
    0x0800b764   0x0000000e   Code   RO         1486    i.__scatterload_copy  mc_w.l(handlers.o)
    0x0800b772   0x00000002   Code   RO         1487    i.__scatterload_null  mc_w.l(handlers.o)
    0x0800b774   0x0000000e   Code   RO         1488    i.__scatterload_zeroinit  mc_w.l(handlers.o)
    0x0800b782   0x00000002   PAD
    0x0800b784   0x00000164   Code   RO         1394    i._fp_digits        mc_w.l(printfa.o)
    0x0800b8e8   0x000006dc   Code   RO         1395    i._printf_core      mc_w.l(printfa.o)
    0x0800bfc4   0x00000024   Code   RO         1396    i._printf_post_padding  mc_w.l(printfa.o)
    0x0800bfe8   0x0000002e   Code   RO         1397    i._printf_pre_padding  mc_w.l(printfa.o)
    0x0800c016   0x0000000a   Code   RO         1399    i._sputc            mc_w.l(printfa.o)
    0x0800c020   0x00000050   Code   RO         1415    i.free              mc_w.l(malloc.o)
    0x0800c070   0x00000024   Data   RO          922    .constdata          malloc.o
    0x0800c094   0x0000003a   Data   RO         1042    .constdata          ff.o
    0x0800c0ce   0x00000002   PAD
    0x0800c0d0   0x00000070   Data   RO         1063    .constdata          exfuns.o
    0x0800c140   0x0002acc8   Data   RO         1113    .constdata          cc936.o
    0x08036e08   0x00000015   Data   RO            5    .conststring        main.o
    0x08036e1d   0x00000003   PAD
    0x08036e20   0x00000028   Data   RO          949    .conststring        usmart.o
    0x08036e48   0x000002b9   Data   RO          972    .conststring        usmart_config.o
    0x08037101   0x00000003   PAD
    0x08037104   0x00000044   Data   RO         1064    .conststring        exfuns.o
    0x08037148   0x00000020   Data   RO         1484    Region$$Table       anon$$obj.o


    Execution Region RW_IRAM1 (Base: 0x20000000, Size: 0x0001fb40, Max: 0x00020000, ABSOLUTE, COMPRESSED[0x0000013c])

    Base Addr    Size         Type   Attr      Idx    E Section Name        Object

    0x20000000   0x00000040   Data   RW            6    .data               main.o
    0x20000040   0x00000014   Data   RW          276    .data               system_stm32f4xx.o
    0x20000054   0x00000006   Data   RW          303    .data               meteorological.o
    0x2000005a   0x00000002   Data   RW          431    .data               w25qxx.o
    0x2000005c   0x00000010   Data   RW          458    .data               sdio_sdcard.o
    0x2000006c   0x00000002   Data   RW          485    .data               usart3.o
    0x2000006e   0x00000002   PAD
    0x20000070   0x00000004   Data   RW          521    .data               timer.o
    0x20000074   0x00000007   Data   RW          580    .data               rs232.o
    0x2000007b   0x00000001   PAD
    0x2000007c   0x00000007   Data   RW          607    .data               rs485.o
    0x20000083   0x00000001   PAD
    0x20000084   0x00000004   Data   RW          634    .data               delay.o
    0x20000088   0x0000000a   Data   RW          675    .data               usart.o
    0x20000092   0x00000010   Data   RW          795    .data               stm32f4xx_rcc.o
    0x200000a2   0x00000002   PAD
    0x200000a4   0x00000024   Data   RW          923    .data               malloc.o
    0x200000c8   0x0000001c   Data   RW          950    .data               usmart.o
    0x200000e4   0x000001cc   Data   RW          973    .data               usmart_config.o
    0x200002b0   0x00000002   Data   RW         1017    .data               diskio.o
    0x200002b2   0x00000002   Data   RW         1043    .data               ff.o
    0x200002b4   0x00000014   Data   RW         1065    .data               exfuns.o
    0x200002c8   0x00000004   Data   RW         1461    .data               mc_w.l(mvars.o)
    0x200002cc   0x00000c62   Zero   RW            4    .bss                main.o
    0x20000f2e   0x00000002   PAD
    0x20000f30   0x000007f0   Zero   RW          302    .bss                meteorological.o
    0x20001720   0x00001000   Zero   RW          430    .bss                w25qxx.o
    0x20002720   0x000002c0   Zero   RW          457    .bss                sdio_sdcard.o
    0x200029e0   0x00000320   Zero   RW          484    .bss                usart3.o
    0x20002d00   0x00000fa0   Zero   RW          579    .bss                rs232.o
    0x20003ca0   0x00000fa0   Zero   RW          606    .bss                rs485.o
    0x20004c40   0x00000190   Zero   RW          674    .bss                usart.o
    0x20004dd0   0x00000010   PAD
    0x20004de0   0x0001a900   Zero   RW          921    .bss                malloc.o
    0x2001f6e0   0x0000000c   Zero   RW         1041    .bss                ff.o
    0x2001f6ec   0x00000050   Zero   RW         1062    .bss                exfuns.o
    0x2001f73c   0x00000004   PAD
    0x2001f740   0x00000400   Zero   RW          702    STACK               startup_stm32f40_41xxx.o



  Load Region LR$$.ARM.__AT_0x10000000 (Base: 0x10000000, Size: 0x00000000, Max: 0x0000f000, ABSOLUTE)

    Execution Region ER$$.ARM.__AT_0x10000000 (Base: 0x10000000, Size: 0x0000f000, Max: 0x0000f000, ABSOLUTE, UNINIT)

    Base Addr    Size         Type   Attr      Idx    E Section Name        Object

    0x10000000   0x0000f000   Zero   RW          917    .ARM.__AT_0x10000000  malloc.o



  Load Region LR$$.ARM.__AT_0x1000F000 (Base: 0x1000f000, Size: 0x00000000, Max: 0x00000f00, ABSOLUTE)

    Execution Region ER$$.ARM.__AT_0x1000F000 (Base: 0x1000f000, Size: 0x00000f00, Max: 0x00000f00, ABSOLUTE, UNINIT)

    Base Addr    Size         Type   Attr      Idx    E Section Name        Object

    0x1000f000   0x00000f00   Zero   RW          918    .ARM.__AT_0x1000F000  malloc.o



  Load Region LR$$.ARM.__AT_0x68000000 (Base: 0x68000000, Size: 0x00000000, Max: 0x000f0000, ABSOLUTE)

    Execution Region ER$$.ARM.__AT_0x68000000 (Base: 0x68000000, Size: 0x000f0000, Max: 0x000f0000, ABSOLUTE, UNINIT)

    Base Addr    Size         Type   Attr      Idx    E Section Name        Object

    0x68000000   0x000f0000   Zero   RW          919    .ARM.__AT_0x68000000  malloc.o



  Load Region LR$$.ARM.__AT_0x680F0000 (Base: 0x680f0000, Size: 0x00000000, Max: 0x0000f000, ABSOLUTE)

    Execution Region ER$$.ARM.__AT_0x680F0000 (Base: 0x680f0000, Size: 0x0000f000, Max: 0x0000f000, ABSOLUTE, UNINIT)

    Base Addr    Size         Type   Attr      Idx    E Section Name        Object

    0x680f0000   0x0000f000   Zero   RW          920    .ARM.__AT_0x680F0000  malloc.o


==============================================================================

Image component sizes


      Code (inc. data)   RO Data    RW Data    ZI Data      Debug   Object Name

       180         18     175304          0          0       2393   cc936.o
       260          8          0          4          0       1521   delay.o
       512          8          0          2          0       4418   diskio.o
       408         22        180         20         80       2872   exfuns.o
      1736        690          0          0          0       5788   fattester.o
     12954        136         58          2         12      36906   ff.o
       408          0          0          0          0       3394   fifo.o
        60          4          0          0          0        567   led.o
      1586        572         21         64       3170     321140   main.o
       556         18         36         36    1218560       5017   malloc.o
       724        106          0          6       2032       3928   meteorological.o
       224         20          0          0          0       1905   misc.o
       428         46          0          7       4000       2113   rs232.o
       552         48          0          7       4000       2481   rs485.o
      7520        282          0         16        704      25141   sdio_sdcard.o
       280          8          0          0          0       1101   spi.o
        36          8        392          0       1024        872   startup_stm32f40_41xxx.o
       936         32          0          0          0       6377   stm32f4xx_dma.o
       660         44          0          0          0       4181   stm32f4xx_gpio.o
        26          0          0          0          0       1266   stm32f4xx_it.o
      1628         52          0         16          0      13012   stm32f4xx_rcc.o
       476         16          0          0          0       7476   stm32f4xx_sdio.o
      1152         36          0          0          0       6929   stm32f4xx_spi.o
      3234         60          0          0          0      22384   stm32f4xx_tim.o
      1108         34          0          0          0       7880   stm32f4xx_usart.o
        16          0          0          0          0        532   sys.o
       528         46          0         20          0       1907   system_stm32f4xx.o
       160         18          0          4          0       1123   timer.o
       736         36          0         10        400       4439   usart.o
       392         26          0          2        800       2698   usart3.o
      3124       1286         40         28          0       4498   usmart.o
         0          0        697        460          0       1724   usmart_config.o
      1320         12          0          0          0       5249   usmart_str.o
       888         26          0          2       4096       4469   w25qxx.o

    ----------------------------------------------------------------------
     44812       3718     176768        712    1238900     517701   Object Totals
         0          0         32          0          0          0   (incl. Generated)
         4          0          8          6         22          0   (incl. Padding)

    ----------------------------------------------------------------------

      Code (inc. data)   RO Data    RW Data    ZI Data      Debug   Library Member Name

        86          0          0          0          0          0   __dczerorl2.o
         0          0          0          0          0          0   entry.o
         0          0          0          0          0          0   entry10a.o
         0          0          0          0          0          0   entry11a.o
         8          4          0          0          0          0   entry2.o
         4          0          0          0          0          0   entry5.o
         0          0          0          0          0          0   entry7b.o
         0          0          0          0          0          0   entry8b.o
         8          4          0          0          0          0   entry9a.o
        30          0          0          0          0          0   handlers.o
        36          8          0          0          0         68   init.o
         0          0          0          0          0          0   iusefp.o
        98          0          0          0          0         84   ldiv.o
        30          0          0          0          0         68   llshl.o
        36          0          0          0          0         68   llsshr.o
        32          0          0          0          0         68   llushr.o
        80          4          0          0          0         76   malloc.o
        36          0          0          0          0         68   memcpya.o
         0          0          0          4          0          0   mvars.o
      2272         96          0          0          0        592   printfa.o
        28          0          0          0          0         76   strcmp.o
        18          0          0          0          0         68   strcpy.o
        14          0          0          0          0         68   strlen.o
        30          0          0          0          0         80   strncmp.o
        44          0          0          0          0         80   uidiv.o
        98          0          0          0          0         92   uldiv.o
        48          0          0          0          0         68   cdrcmple.o
       334          0          0          0          0        148   dadd.o
       222          0          0          0          0        100   ddiv.o
       186          0          0          0          0        176   depilogue.o
        48          0          0          0          0         68   dfixul.o
       228          0          0          0          0         96   dmul.o

    ----------------------------------------------------------------------
      4060        116          0          4          0       2212   Library Totals
         6          0          0          0          0          0   (incl. Padding)

    ----------------------------------------------------------------------

      Code (inc. data)   RO Data    RW Data    ZI Data      Debug   Library Name

      2988        116          0          4          0       1556   mc_w.l
      1066          0          0          0          0        656   mf_w.l

    ----------------------------------------------------------------------
      4060        116          0          4          0       2212   Library Totals

    ----------------------------------------------------------------------

==============================================================================


      Code (inc. data)   RO Data    RW Data    ZI Data      Debug   

     48872       3834     176768        716    1238900     512301   Grand Totals
     48872       3834     176768        316    1238900     512301   ELF Image Totals (compressed)
     48872       3834     176768        316          0          0   ROM Totals

==============================================================================

    Total RO  Size (Code + RO Data)               225640 ( 220.35kB)
    Total RW  Size (RW Data + ZI Data)           1239616 (1210.56kB)
    Total ROM Size (Code + RO Data + RW Data)     225956 ( 220.66kB)

==============================================================================

