<html>
<body>
<pre>
<h1>µVision Build Log</h1>
<h2>Tool Versions:</h2>
IDE-Version: ¦ÌVision V5.20.0.39
Copyright (C) 2016 ARM Ltd and ARM Germany GmbH. All rights reserved.
License Information: ZHR Microsoft, Microsoft, LIC=Z3C01-CE85R-IMF9B-2XH27-YTS5P-2L3Z7
 
Tool Versions:
Toolchain:       MDK-ARM Professional  Version: 5.14.0.0
Toolchain Path:  d:\Keil_v5\ARM\ARMCC\Bin
C Compiler:      Armcc.exe V5.05 update 1 (build 106)
Assembler:       Armasm.exe V5.05 update 1 (build 106)
Linker/Locator:  ArmLink.exe V5.05 update 1 (build 106)
Library Manager: ArmAr.exe V5.05 update 1 (build 106)
Hex Converter:   FromElf.exe V5.05 update 1 (build 106)
CPU DLL:         SARMCM3.DLL V5.14.0.0
Dialog DLL:      DCM.DLL V1.13.1.0
Target DLL:      STLink\ST-LINKIII-KEIL_SWO.dll V2.0.14.0_KEIL
Dialog DLL:      TCM.DLL V1.14.4.0
 
<h2>Project:</h2>
D:\ZHR\Evening Enjoying Pavilion\NuclearZHJY\Code\STM32F4_SD_FATFS_MeteorMainBoardV3\USER\FATFS.uvprojx
Project File Date:  08/17/2018

<h2>Output:</h2>
*** Using Compiler 'V5.05 update 1 (build 106)', folder: 'd:\Keil_v5\ARM\ARMCC\Bin'
Build target 'FATFS'
compiling main.c...
main.c(58): warning:  #177-D: variable "rxlen" was declared but never referenced
  	u16 i=0,rxlen;
main.c(59): warning:  #177-D: variable "lenx" was declared but never referenced
  	u16 lenx;
main.c(62): warning:  #177-D: variable "keypress" was declared but never referenced
  	u8 keypress=0;
main.c(63): warning:  #550-D: variable "res" was set but never used
  	u8 res=0;	
main.c(64): warning:  #177-D: variable "sumCounter" was declared but never referenced
  	u32 sumCounter=0;
main.c(65): warning:  #177-D: variable "upload" was declared but never referenced
  	u8 upload=0; 
main.c(67): warning:  #177-D: variable "GPS_Save_File" was declared but never referenced
  	u8 GPS_Save_File=0;
main.c: 7 warnings, 0 errors
linking...
Program Size: Code=48252 RO-data=176768 RW-data=684 ZI-data=1236692  
FromELF: creating hex file...
"..\OBJ\FATFS.axf" - 0 Error(s), 7 Warning(s).

<h2>Collection of Component include folders:</h2>
  D:\ZHR\Evening Enjoying Pavilion\NuclearZHJY\Code\STM32F4_SD_FATFS_MeteorMainBoardV3\USER\RTE
  d:\Keil_v5\ARM\PACK\Keil\STM32F4xx_DFP\2.11.0\Drivers\CMSIS\Device\ST\STM32F4xx\Include

<h2>Collection of Component Files used:</h2>
Build Time Elapsed:  00:00:02
</pre>
</body>
</html>
